Archive member included because of file (symbol)

C:\CCore_IDE/tool-chain/ccore-elf/lib/gcc/mcore-elf/4.6.0/c0_div\libgcc.a(_addsf3.o)
                              ./src/drv/pit_drv.o (__addsf3)
C:\CCore_IDE/tool-chain/ccore-elf/lib/gcc/mcore-elf/4.6.0/c0_div\libgcc.a(_mulsf3.o)
                              ./src/drv/pit_drv.o (__mulsf3)
C:\CCore_IDE/tool-chain/ccore-elf/lib/gcc/mcore-elf/4.6.0/c0_div\libgcc.a(_divsf3.o)
                              ./src/drv/pit_drv.o (__divsf3)
C:\CCore_IDE/tool-chain/ccore-elf/lib/gcc/mcore-elf/4.6.0/c0_div\libgcc.a(_fixunsdfsi.o)
                              ./src/drv/pit_drv.o (__fixunsdfsi)
C:\CCore_IDE/tool-chain/ccore-elf/lib/gcc/mcore-elf/4.6.0/c0_div\libgcc.a(_si_to_sf.o)
                              ./src/drv/pit_drv.o (__floatsisf)
C:\CCore_IDE/tool-chain/ccore-elf/lib/gcc/mcore-elf/4.6.0/c0_div\libgcc.a(_usi_to_sf.o)
                              ./src/drv/pit_drv.o (__floatunsisf)
C:\CCore_IDE/tool-chain/ccore-elf/lib/gcc/mcore-elf/4.6.0/c0_div\libgcc.a(_addsub_df.o)
                              C:\CCore_IDE/tool-chain/ccore-elf/lib/gcc/mcore-elf/4.6.0/c0_div\libgcc.a(_fixunsdfsi.o) (__subdf3)
C:\CCore_IDE/tool-chain/ccore-elf/lib/gcc/mcore-elf/4.6.0/c0_div\libgcc.a(_div_df.o)
                              ./src/drv/pit_drv.o (__divdf3)
C:\CCore_IDE/tool-chain/ccore-elf/lib/gcc/mcore-elf/4.6.0/c0_div\libgcc.a(_ge_df.o)
                              C:\CCore_IDE/tool-chain/ccore-elf/lib/gcc/mcore-elf/4.6.0/c0_div\libgcc.a(_fixunsdfsi.o) (__gedf2)
C:\CCore_IDE/tool-chain/ccore-elf/lib/gcc/mcore-elf/4.6.0/c0_div\libgcc.a(_df_to_si.o)
                              C:\CCore_IDE/tool-chain/ccore-elf/lib/gcc/mcore-elf/4.6.0/c0_div\libgcc.a(_fixunsdfsi.o) (__fixdfsi)
C:\CCore_IDE/tool-chain/ccore-elf/lib/gcc/mcore-elf/4.6.0/c0_div\libgcc.a(_thenan_df.o)
                              C:\CCore_IDE/tool-chain/ccore-elf/lib/gcc/mcore-elf/4.6.0/c0_div\libgcc.a(_addsub_df.o) (__thenan_df)
C:\CCore_IDE/tool-chain/ccore-elf/lib/gcc/mcore-elf/4.6.0/c0_div\libgcc.a(_usi_to_df.o)
                              ./src/drv/pit_drv.o (__floatunsidf)
C:\CCore_IDE/tool-chain/ccore-elf/lib/gcc/mcore-elf/4.6.0/c0_div\libgcc.a(_sfpFloatNormalize.o)
                              C:\CCore_IDE/tool-chain/ccore-elf/lib/gcc/mcore-elf/4.6.0/c0_div\libgcc.a(_addsf3.o) (__sfpFloatNormalize)
C:\CCore_IDE/tool-chain/ccore-elf/lib/gcc/mcore-elf/4.6.0/c0_div\libgcc.a(_clzsi2.o)
                              C:\CCore_IDE/tool-chain/ccore-elf/lib/gcc/mcore-elf/4.6.0/c0_div\libgcc.a(_si_to_sf.o) (__clzsi2)
C:\CCore_IDE/tool-chain/ccore-elf/lib/gcc/mcore-elf/4.6.0/c0_div\libgcc.a(_pack_sf.o)
                              C:\CCore_IDE/tool-chain/ccore-elf/lib/gcc/mcore-elf/4.6.0/c0_div\libgcc.a(_si_to_sf.o) (__pack_f)
C:\CCore_IDE/tool-chain/ccore-elf/lib/gcc/mcore-elf/4.6.0/c0_div\libgcc.a(_pack_df.o)
                              C:\CCore_IDE/tool-chain/ccore-elf/lib/gcc/mcore-elf/4.6.0/c0_div\libgcc.a(_addsub_df.o) (__pack_d)
C:\CCore_IDE/tool-chain/ccore-elf/lib/gcc/mcore-elf/4.6.0/c0_div\libgcc.a(_unpack_df.o)
                              C:\CCore_IDE/tool-chain/ccore-elf/lib/gcc/mcore-elf/4.6.0/c0_div\libgcc.a(_addsub_df.o) (__unpack_d)
C:\CCore_IDE/tool-chain/ccore-elf/lib/gcc/mcore-elf/4.6.0/c0_div\libgcc.a(_fpcmp_parts_df.o)
                              C:\CCore_IDE/tool-chain/ccore-elf/lib/gcc/mcore-elf/4.6.0/c0_div\libgcc.a(_ge_df.o) (__fpcmp_parts_d)
C:\CCore_IDE/tool-chain/ccore-elf/lib/gcc/mcore-elf/4.6.0/c0_div\libgcc.a(_lshrdi3.o)
                              C:\CCore_IDE/tool-chain/ccore-elf/lib/gcc/mcore-elf/4.6.0/c0_div\libgcc.a(_pack_df.o) (__lshrdi3)
C:\CCore_IDE/tool-chain/ccore-elf/lib/gcc/mcore-elf/4.6.0/c0_div\libgcc.a(_ashldi3.o)
                              C:\CCore_IDE/tool-chain/ccore-elf/lib/gcc/mcore-elf/4.6.0/c0_div\libgcc.a(_pack_df.o) (__ashldi3)
C:\CCore_IDE/tool-chain/ccore-elf/lib/gcc/mcore-elf/4.6.0/c0_div\libgcc.a(_clz.o)
                              C:\CCore_IDE/tool-chain/ccore-elf/lib/gcc/mcore-elf/4.6.0/c0_div\libgcc.a(_clzsi2.o) (__clz_tab)
C:\CCore_IDE/tool-chain/ccore-elf/mcore-elf/lib/c0_div\libc.a(lib_a-memset.o)
                              ./src/drv/ccore/vector_rce.o (memset)
C:\CCore_IDE/tool-chain/ccore-elf/mcore-elf/lib/c0_div\libc.a(lib_a-strlen.o)
                              ./src/common/debug.o (strlen)
C:\CCore_IDE/tool-chain/ccore-elf/mcore-elf/lib/c0_div\libc.a(lib_a-vsprintf.o)
                              ./src/common/debug.o (vsprintf)
C:\CCore_IDE/tool-chain/ccore-elf/mcore-elf/lib/c0_div\libc.a(lib_a-impure.o)
                              C:\CCore_IDE/tool-chain/ccore-elf/mcore-elf/lib/c0_div\libc.a(lib_a-vsprintf.o) (_impure_ptr)
C:\CCore_IDE/tool-chain/ccore-elf/mcore-elf/lib/c0_div\libc.a(lib_a-svfprintf.o)
                              C:\CCore_IDE/tool-chain/ccore-elf/mcore-elf/lib/c0_div\libc.a(lib_a-vsprintf.o) (_svfprintf_r)
C:\CCore_IDE/tool-chain/ccore-elf/mcore-elf/lib/c0_div\libc.a(lib_a-dtoa.o)
[...]
Memory Configuration

Name             Origin             Length             Attributes
rom              0x00000000         0x00010000
ram              0x00800400         0x0003fc00
ext_ram          0x80800000         0x00100000
eflash           0x00400000         0x00140000
*default*        0x00000000         0xffffffff

Linker script and memory map

                0x0083fffc                STACK_LOCATION = 0x83fffc

.text_entry     0x00800400      0x100
                0x00800400                VECTOR_LOCATION = .
 *vector_table.o(.rodata*)
 .rodata        0x00800400      0x100 ./src/drv/ccore/vector_table.o
                0x00800400                VecTable

.rodata         0x00800500     0x18d0
 *(.rodata*)
 .rodata        0x00800500      0x420 ./src/drv/sd_drv/sd_config.o
                0x00800500                SD_DBR
                0x00800700                SD_MBR
                0x00800900                SD_dirData
 .rodata        0x00800920      0x146 ./src/drv/ccore/vector_rce.o
 *fill*         0x00800a66        0x2 00
 .rodata        0x00800a68      0x15f ./src/drv/analog_drv.o
 *fill*         0x00800bc7        0x1 00
 .rodata        0x00800bc8       0x10 ./src/drv/edmac_drv.o
                0x00800bc8                g_edmac_baseaddr
 .rodata        0x00800bd8       0x68 ./src/drv/eport_drv.o
 .rodata        0x00800c40        0xb ./src/drv/ept_drv.o
 *fill*         0x00800c4b        0x1 00
 .rodata        0x00800c4c       0x33 ./src/drv/lowpower_drv.o
 *fill*         0x00800c7f        0x1 00
 .rodata        0x00800c80        0x8 ./src/drv/sci_drv.o
                0x00800c80                g_sci_baseaddr
 .rodata        0x00800c88       0x19 ./src/drv/tc_drv.o
 *fill*         0x00800ca1        0x3 00
 .rodata        0x00800ca4       0x54 ./src/drv/usi_drv.o
                0x00800ce8                g_usi_baseaddr
 .rodata        0x00800cf8       0x1c ./src/common/debug.o
 .rodata        0x00800d14      0x690 ./src/main_demo.o
 .rodata        0x008013a4        0x8 C:\CCore_IDE/tool-chain/ccore-elf/lib/gcc/mcore-elf/4.6.0/c0_div\libgcc.a(_div_df.o)
 .rodata        0x008013ac       0x14 C:\CCore_IDE/tool-chain/ccore-elf/lib/gcc/mcore-elf/4.6.0/c0_div\libgcc.a(_thenan_df.o)
                0x008013ac                __thenan_df
 .rodata        0x008013c0       0x18 C:\CCore_IDE/tool-chain/ccore-elf/lib/gcc/mcore-elf/4.6.0/c0_div\libgcc.a(_pack_df.o)
 .rodata        0x008013d8       0x18 C:\CCore_IDE/tool-chain/ccore-elf/lib/gcc/mcore-elf/4.6.0/c0_div\libgcc.a(_unpack_df.o)
 .rodata        0x008013f0      0x100 C:\CCore_IDE/tool-chain/ccore-elf/lib/gcc/mcore-elf/4.6.0/c0_div\libgcc.a(_clz.o)
                0x008013f0                __clz_tab
 .rodata.str1.4
                0x008014f0        0x2 C:\CCore_IDE/tool-chain/ccore-elf/mcore-elf/lib/c0_div\libc.a(lib_a-impure.o)
 *fill*         0x008014f2        0x2 00
 .rodata.str1.4
                0x008014f4       0x42 C:\CCore_IDE/tool-chain/ccore-elf/mcore-elf/lib/c0_div\libc.a(lib_a-svfprintf.o)
 *fill*         0x00801536        0x2 00
 .rodata        0x00801538      0x18c C:\CCore_IDE/tool-chain/ccore-elf/mcore-elf/lib/c0_div\libc.a(lib_a-svfprintf.o)
 .rodata.str1.4
                0x008016c4       0x12 C:\CCore_IDE/tool-chain/ccore-elf/mcore-elf/lib/c0_div\libc.a(lib_a-dtoa.o)
 *fill*         0x008016d6        0x2 00
 .rodata        0x008016d8       0x50 C:\CCore_IDE/tool-chain/ccore-elf/mcore-elf/lib/c0_div\libc.a(lib_a-dtoa.o)
 .rodata.str1.4
                0x00801728       0x12 C:\CCore_IDE/tool-chain/ccore-elf/mcore-elf/lib/c0_div\libc.a(lib_a-locale.o)
 *fill*         0x0080173a        0x2 00
 .rodata        0x0080173c      0x134 C:\CCore_IDE/tool-chain/ccore-elf/mcore-elf/lib/c0_div\libc.a(lib_a-mprec.o)
                0x0080174c                __mprec_tinytens
                0x00801774                __mprec_bigtens
                0x0080179c                __mprec_tens
 .rodata.str1.4
                0x00801870       0x2f C:\CCore_IDE/tool-chain/ccore-elf/mcore-elf/lib/c0_div\libc.a(lib_a-svfiprintf.o)
 *fill*         0x0080189f        0x1 00
 .rodata        0x008018a0      0x184 C:\CCore_IDE/tool-chain/ccore-elf/mcore-elf/lib/c0_div\libc.a(lib_a-svfiprintf.o)
 .rodata.str1.4
                0x00801a24       0x1a C:\CCore_IDE/tool-chain/ccore-elf/mcore-elf/lib/c0_div\libcmb.a(sbrk.o)
 *fill*         0x00801a3e        0x2 00
 .rodata        0x00801a40       0x54 C:\CCore_IDE\ccore-eclipse\workspace\A5(ET300)_CommonDemo\src\drv\lib\libalg.a(sm3.o)
 .rodata.str1.4
                0x00801a94       0xe2 C:\CCore_IDE\ccore-eclipse\workspace\A5(ET300)_CommonDemo\src\drv\lib\libsd.a(sd_drv.o)
 *fill*         0x00801b76        0x2 00
 .rodata        0x00801b78      0x236 C:\CCore_IDE\ccore-eclipse\workspace\A5(ET300)_CommonDemo\src\drv\lib\libsd.a(sd_drv.o)
                0x00801b78                cnst_sd_isr_rout_arry
 *fill*         0x00801dae        0x2 00
 .rodata        0x00801db0       0x18 C:\CCore_IDE/tool-chain/ccore-elf/lib/gcc/mcore-elf/4.6.0/c0_div\libgcc.a(_mul_df.o)
 .rodata        0x00801dc8        0x8 C:\CCore_IDE/tool-chain/ccore-elf/lib/gcc/mcore-elf/4.6.0/c0_div\libgcc.a(_si_to_df.o)

.text           0x00801dd0     0x9310
 *(.text*)
 .text.enum_realDisk_SD
                0x00801dd0      0x228 ./src/drv/sd_drv/sd_config.o
                0x00801dd0                enum_realDisk_SD
 *fill*         0x00801ff8        0x8 bebe
 .text          0x00802000       0x4c ./src/drv/ccore/crt0.o
                0x00802000                __start
                0x00802032                exit
 .text          0x0080204c       0x4c ./src/drv/ccore/interrupt_support.o
                0x0080204c                Read_PSR
                0x00802050                Read_VBR
                0x00802054                Write_PSR
                0x00802058                Write_VBR
                0x0080205c                Disable_Ints
                0x00802066                Enable_Ints
                0x00802070                __memcpy
                0x00802084                memcpy
 .text.DummyHandler
                0x00802098       0x20 ./src/drv/ccore/vector_rce.o
                0x00802098                DummyHandler
 .text.Misaligned_Access
                0x008020b8       0x20 ./src/drv/ccore/vector_rce.o
                0x008020b8                Misaligned_Access
 .text.Access_Error
                0x008020d8       0x24 ./src/drv/ccore/vector_rce.o
                0x008020d8                Access_Error
 .text.Illegal_Instrn
                0x008020fc       0x20 ./src/drv/ccore/vector_rce.o
                0x008020fc                Illegal_Instrn
 .text.Breakpoint_Exception
                0x0080211c       0x20 ./src/drv/ccore/vector_rce.o
                0x0080211c                Breakpoint_Exception
 .text.Unrecoverable_Error
                0x0080213c       0x20 ./src/drv/ccore/vector_rce.o
                0x0080213c                Unrecoverable_Error
 .text.__main   0x0080215c       0x68 ./src/drv/ccore/vector_rce.o
                0x0080215c                __main
 .text.analog_isr
                0x008021c4      0x140 ./src/drv/analog_drv.o
                0x008021c4                analog_isr
 .text.osc_enable
                0x00802304       0x74 ./src/drv/cpm_drv.o
 .text.cpm_sysclk_select
                0x00802378       0xac ./src/drv/cpm_drv.o
                0x00802378                cpm_sysclk_select
 .text.cpm_set_sysclk_div
                0x00802424       0x64 ./src/drv/cpm_drv.o
                0x00802424                cpm_set_sysclk_div
 .text.cpm_sysclk
                0x00802488       0x5c ./src/drv/cpm_drv.o
                0x00802488                cpm_sysclk
 .text.cpm_ipsclk
                0x008024e4       0x34 ./src/drv/cpm_drv.o
                0x008024e4                cpm_ipsclk
 .text.cpm_efmclk
                0x00802518       0x3c ./src/drv/cpm_drv.o
                0x00802518                cpm_efmclk
 .text.dmac_isr
                0x00802554       0x68 ./src/drv/dmac_drv.o
                0x00802554                dmac_isr
 .text.edmac_isr
                0x008025bc       0xa4 ./src/drv/edmac_drv.o
                0x008025bc                edmac_isr
 .text.eflash_drv_init
                0x00802660       0x48 ./src/drv/eflash_drv.o
                0x00802660                eflash_drv_init
 .text.eflash_drv_get_main_access_permission
                0x008026a8       0x18 ./src/drv/eflash_drv.o
                0x008026a8                eflash_drv_get_main_access_permission
 .text.eflash_drv_set_main_access_permission
                0x008026c0       0x28 ./src/drv/eflash_drv.o
                0x008026c0                eflash_drv_set_main_access_permission
 .text.eflash_get_main_access_permission
                0x008026e8       0x20 ./src/drv/eflash_drv.o
 .text.eflash_enable_main_write_access
                0x00802708       0x30 ./src/drv/eflash_drv.o
                0x00802708                eflash_enable_main_write_access
 .text.eport0_isr
                0x00802738       0x18 ./src/drv/eport_drv.o
                0x00802738                eport0_isr
 .text.eport1_isr
                0x00802750       0x18 ./src/drv/eport_drv.o
                0x00802750                eport1_isr
 .text.eport2_isr
                0x00802768       0x18 ./src/drv/eport_drv.o
                0x00802768                eport2_isr
 .text.eport3_isr
                0x00802780       0x18 ./src/drv/eport_drv.o
                0x00802780                eport3_isr
 .text.eport4_isr
                0x00802798       0x18 ./src/drv/eport_drv.o
                0x00802798                eport4_isr
 .text.eport5_isr
                0x008027b0       0x2c ./src/drv/eport_drv.o
                0x008027b0                eport5_isr
 .text.eport6_isr
                0x008027dc       0x2c ./src/drv/eport_drv.o
                0x008027dc                eport6_isr
 .text.eport7_isr
                0x00802808       0x2c ./src/drv/eport_drv.o
                0x00802808                eport7_isr
 .text.eport_config_isrtype
                0x00802834      0x18c ./src/drv/eport_drv.o
                0x00802834                eport_config_isrtype
 .text.ept_isr  0x008029c0       0x2c ./src/drv/ept_drv.o
                0x008029c0                ept_isr
 .text.i2c_s_isr
                0x008029ec      0x16c ./src/drv/i2c_drv.o
                0x008029ec                i2c_s_isr
 .text.read_vec
                0x00802b58       0x26 ./src/drv/int_drv.o
                0x00802b58                read_vec
 *fill*         0x00802b7e        0x2 bebe
 .text.pad_wkp_isr
                0x00802b80       0x74 ./src/drv/lowpower_drv.o
                0x00802b80                pad_wkp_isr
 .text.lp_drv_get_wkp_flag
                0x00802bf4       0x24 ./src/drv/lowpower_drv.o
                0x00802bf4                lp_drv_get_wkp_flag
 .text.pit_isr  0x00802c18       0x74 ./src/drv/pit_drv.o
                0x00802c18                pit_isr
 .text.sci_init_dev
                0x00802c8c       0xa0 ./src/drv/sci_drv.o
                0x00802c8c                sci_init_dev
 .text.sci_putc_dev
                0x00802d2c       0x80 ./src/drv/sci_drv.o
 .text.sci_init
                0x00802dac       0x30 ./src/drv/sci_drv.o
                0x00802dac                sci_init
 .text.sci_puts_dev
                0x00802ddc       0x34 ./src/drv/sci_drv.o
                0x00802ddc                sci_puts_dev
 .text.sci_receive_byte
                0x00802e10       0x44 ./src/drv/sci_drv.o
                0x00802e10                sci_receive_byte
 .text.tc_isr   0x00802e54       0x44 ./src/drv/tc_drv.o
                0x00802e54                tc_isr
 .text.trans_byte
                0x00802e98       0x44 ./src/drv/usi_drv.o
 .text.send_atr
                0x00802edc       0x40 ./src/drv/usi_drv.o
 .text.send_pts_ack
                0x00802f1c       0x3c ./src/drv/usi_drv.o
 .text.send_default_ack
                0x00802f58       0x30 ./src/drv/usi_drv.o
 .text.pps_manager
                0x00802f88       0xb8 ./src/drv/usi_drv.o
 .text.atr_handler
                0x00803040       0x6c ./src/drv/usi_drv.o
 .text.usi_en_wto
                0x008030ac       0x24 ./src/drv/usi_drv.o
                0x008030ac                usi_en_wto
 .text.usi_dis_wto
                0x008030d0       0x24 ./src/drv/usi_drv.o
                0x008030d0                usi_dis_wto
 .text.usi_isr  0x008030f4      0x1c0 ./src/drv/usi_drv.o
                0x008030f4                usi_isr
 .text.wdt_disable
                0x008032b4       0x20 ./src/drv/wdt_drv.o
                0x008032b4                wdt_disable
 .text.delay    0x008032d4       0x22 ./src/common/common.o
                0x008032d4                delay
 *fill*         0x008032f6        0x2 bebe
 .text.__msg_outputs
                0x008032f8       0x20 ./src/common/debug.o
 .text.msg_printf
                0x00803318       0x70 ./src/common/debug.o
                0x00803318                msg_printf
 .text.hash_init
                0x00803388       0x5c ./src/api/alg_api.o
                0x00803388                hash_init
 .text.hash_dofinal
                0x008033e4      0x118 ./src/api/alg_api.o
                0x008033e4                hash_dofinal
 .text.cpm_get_sysclk
                0x008034fc       0x1c ./src/api/cpm_api.o
                0x008034fc                cpm_get_sysclk
 .text.cpm_get_ipsclk
                0x00803518       0x1c ./src/api/cpm_api.o
                0x00803518                cpm_get_ipsclk
 .text.cpm_get_efmclk
                0x00803534       0x1c ./src/api/cpm_api.o
                0x00803534                cpm_get_efmclk
 .text.cpm_set_sysclk
                0x00803550       0x64 ./src/api/cpm_api.o
                0x00803550                cpm_set_sysclk
 .text.cpm_init
                0x008035b4       0x50 ./src/api/cpm_api.o
                0x008035b4                cpm_init
 .text.eflash_init
                0x00803604       0x40 ./src/api/eflash_api.o
                0x00803604                eflash_init
 .text.eflash_word_read
                0x00803644       0x16 ./src/api/eflash_api.o
                0x00803644                eflash_word_read
 *fill*         0x0080365a        0x2 bebe
 .text.eflash_bulk_program
                0x0080365c       0x34 ./src/api/eflash_api.o
                0x0080365c                eflash_bulk_program
 .text.eflash_page_erase
                0x00803690       0x2c ./src/api/eflash_api.o
                0x00803690                eflash_page_erase
 .text.show_help
                0x008036bc       0x64 ./src/main_demo.o
                0x008036bc                show_help
 .text.printf_version
                0x00803720       0x20 ./src/main_demo.o
                0x00803720                printf_version
 .text.set_data_length
                0x00803740      0x178 ./src/main_demo.o
                0x00803740                set_data_length
 .text.set_start_point
                0x008038b8      0x194 ./src/main_demo.o
                0x008038b8                set_start_point
 .text.direct_write
                0x00803a4c      0x2dc ./src/main_demo.o
                0x00803a4c                direct_write
 .text.main     0x00803d28      0x1c4 ./src/main_demo.o
                0x00803d28                main
 .text.sci_read_notimeout
                0x00803eec       0x48 ./src/re_sci_dev.o
                0x00803eec                sci_read_notimeout
 .text          0x00803f34      0x2b0 C:\CCore_IDE/tool-chain/ccore-elf/lib/gcc/mcore-elf/4.6.0/c0_div\libgcc.a(_addsub_df.o)
                0x00804152                __adddf3
                0x0080418e                __subdf3
 .text          0x008041e4      0x18c C:\CCore_IDE/tool-chain/ccore-elf/lib/gcc/mcore-elf/4.6.0/c0_div\libgcc.a(_div_df.o)
                0x008041e4                __divdf3
 .text          0x00804370       0x7c C:\CCore_IDE/tool-chain/ccore-elf/lib/gcc/mcore-elf/4.6.0/c0_div\libgcc.a(_df_to_si.o)
                0x00804370                __fixdfsi
 .text          0x008043ec       0xd4 C:\CCore_IDE/tool-chain/ccore-elf/lib/gcc/mcore-elf/4.6.0/c0_div\libgcc.a(_usi_to_df.o)
                0x008043ec                __floatunsidf
 .text          0x008044c0       0x4c C:\CCore_IDE/tool-chain/ccore-elf/lib/gcc/mcore-elf/4.6.0/c0_div\libgcc.a(_clzsi2.o)
                0x008044c0                __clzsi2
 .text          0x0080450c      0x1a4 C:\CCore_IDE/tool-chain/ccore-elf/lib/gcc/mcore-elf/4.6.0/c0_div\libgcc.a(_pack_df.o)
                0x0080450c                __pack_d
 .text          0x008046b0       0xd8 C:\CCore_IDE/tool-chain/ccore-elf/lib/gcc/mcore-elf/4.6.0/c0_div\libgcc.a(_unpack_df.o)
                0x008046b0                __unpack_d
 .text          0x00804788       0x96 C:\CCore_IDE/tool-chain/ccore-elf/lib/gcc/mcore-elf/4.6.0/c0_div\libgcc.a(_fpcmp_parts_df.o)
                0x00804788                __fpcmp_parts_d
 .text          0x0080481e       0x34 C:\CCore_IDE/tool-chain/ccore-elf/lib/gcc/mcore-elf/4.6.0/c0_div\libgcc.a(_lshrdi3.o)
                0x0080481e                __lshrdi3
 .text          0x00804852       0x34 C:\CCore_IDE/tool-chain/ccore-elf/lib/gcc/mcore-elf/4.6.0/c0_div\libgcc.a(_ashldi3.o)
                0x00804852                __ashldi3
 .text          0x00804886       0xae C:\CCore_IDE/tool-chain/ccore-elf/mcore-elf/lib/c0_div\libc.a(lib_a-memset.o)
                0x00804886                memset
 .text          0x00804934       0x84 C:\CCore_IDE/tool-chain/ccore-elf/mcore-elf/lib/c0_div\libc.a(lib_a-strlen.o)
                0x00804934                strlen
 .text          0x008049b8       0x58 C:\CCore_IDE/tool-chain/ccore-elf/mcore-elf/lib/c0_div\libc.a(lib_a-vsprintf.o)
                0x008049b8                _vsprintf_r
                0x008049ea                vsprintf
 .text          0x00804a10     0x1d94 C:\CCore_IDE/tool-chain/ccore-elf/mcore-elf/lib/c0_div\libc.a(lib_a-svfprintf.o)
                0x00804a10                _svfprintf_r
 .text          0x008067a4     0x12ec C:\CCore_IDE/tool-chain/ccore-elf/mcore-elf/lib/c0_div\libc.a(lib_a-dtoa.o)
                0x00806904                _dtoa_r
 .text          0x00807a90       0x90 C:\CCore_IDE/tool-chain/ccore-elf/mcore-elf/lib/c0_div\libc.a(lib_a-locale.o)
                0x00807a90                _setlocale_r
                0x00807ac6                __locale_charset
                0x00807aca                __locale_mb_cur_max
                0x00807ad0                __locale_msgcharset
                0x00807ad4                __locale_cjk_lang
                0x00807ad8                _localeconv_r
                0x00807adc                setlocale
                0x00807af2                localeconv
 .text          0x00807b20      0x4c4 C:\CCore_IDE/tool-chain/ccore-elf/mcore-elf/lib/c0_div\libc.a(lib_a-mallocr.o)
                0x00807b20                _malloc_r
 .text          0x00807fe4       0x90 C:\CCore_IDE/tool-chain/ccore-elf/mcore-elf/lib/c0_div\libc.a(lib_a-memchr.o)
                0x00807fe4                memchr
 .text          0x00808074        0x4 C:\CCore_IDE/tool-chain/ccore-elf/mcore-elf/lib/c0_div\libc.a(lib_a-mlock.o)
                0x00808074                __malloc_lock
                0x00808076                __malloc_unlock
 .text          0x00808078      0x99c C:\CCore_IDE/tool-chain/ccore-elf/mcore-elf/lib/c0_div\libc.a(lib_a-mprec.o)
                0x00808078                _Balloc
                0x008080ce                _Bfree
                0x008080e6                __multadd
                0x00808170                __s2b
                0x008081f6                __hi0bits
                0x00808248                __lo0bits
                0x008082c6                __i2b
                0x008082dc                __multiply
                0x0080841c                __pow5mult
                0x008084c4                __lshift
                0x0080857e                __mcmp
                0x008085b6                __mdiff
                0x008086b8                __ulp
                0x00808712                __b2d
                0x008087d6                __d2b
                0x00808888                __ratio
                0x00808910                _mprec_log10
                0x00808948                __copybits
                0x0080898c                __any_on
 .text          0x00808a14       0x6c C:\CCore_IDE/tool-chain/ccore-elf/mcore-elf/lib/c0_div\libc.a(lib_a-s_fpclassify.o)
                0x00808a14                __fpclassifyd
 .text          0x00808a80       0x34 C:\CCore_IDE/tool-chain/ccore-elf/mcore-elf/lib/c0_div\libc.a(lib_a-sbrkr.o)
                0x00808a80                _sbrk_r
 .text          0x00808ab4       0x80 C:\CCore_IDE/tool-chain/ccore-elf/mcore-elf/lib/c0_div\libc.a(lib_a-strcmp.o)
                0x00808ab4                strcmp
 .text          0x00808b34      0xd34 C:\CCore_IDE/tool-chain/ccore-elf/mcore-elf/lib/c0_div\libc.a(lib_a-svfiprintf.o)
                0x00808b34                __ssprint_r
                0x00808c4c                _svfiprintf_r
 .text          0x00809868       0x84 C:\CCore_IDE/tool-chain/ccore-elf/mcore-elf/lib/c0_div\libc.a(lib_a-callocr.o)
                0x00809868                _calloc_r
 .text          0x008098ec      0x248 C:\CCore_IDE/tool-chain/ccore-elf/mcore-elf/lib/c0_div\libc.a(lib_a-freer.o)
                0x008098ec                _malloc_trim_r
                0x00809978                _free_r
 .text          0x00809b34       0xc8 C:\CCore_IDE/tool-chain/ccore-elf/mcore-elf/lib/c0_div\libc.a(lib_a-memmove.o)
                0x00809b34                memmove
 .text          0x00809bfc      0x3b0 C:\CCore_IDE/tool-chain/ccore-elf/mcore-elf/lib/c0_div\libc.a(lib_a-reallocr.o)
                0x00809bfc                _realloc_r
 .text          0x00809fac       0x44 C:\CCore_IDE/tool-chain/ccore-elf/mcore-elf/lib/c0_div\libcmb.a(sbrk.o)
                0x00809fac                _sbrk
 .text          0x00809ff0       0x3c C:\CCore_IDE/tool-chain/ccore-elf/mcore-elf/lib/c0_div\libcmb.a(write.o)
                0x00809ff0                _write
 .text          0x0080a02c       0x28 C:\CCore_IDE/tool-chain/ccore-elf/mcore-elf/lib/c0_div\libcmb.a(cmb-outbyte.o)
                0x0080a02c                outbyte
 .text$sha_read_result
                0x0080a054       0x4c C:\CCore_IDE\ccore-eclipse\workspace\A5(ET300)_CommonDemo\src\drv\lib\libalg.a(sm3.o)
 .text$sha_read_mid_length
                0x0080a0a0       0x48 C:\CCore_IDE\ccore-eclipse\workspace\A5(ET300)_CommonDemo\src\drv\lib\libalg.a(sm3.o)
 .text$sha_init
                0x0080a0e8       0x2c C:\CCore_IDE\ccore-eclipse\workspace\A5(ET300)_CommonDemo\src\drv\lib\libalg.a(sm3.o)
                0x0080a0e8                sha_init
 .text$sha_update
                0x0080a114       0x7c C:\CCore_IDE\ccore-eclipse\workspace\A5(ET300)_CommonDemo\src\drv\lib\libalg.a(sm3.o)
                0x0080a114                sha_update
 .text$sha_final
                0x0080a190       0x5c C:\CCore_IDE\ccore-eclipse\workspace\A5(ET300)_CommonDemo\src\drv\lib\libalg.a(sm3.o)
                0x0080a190                sha_final
 .text$__sd_isr_cmd55
                0x0080a1ec        0x2 C:\CCore_IDE\ccore-eclipse\workspace\A5(ET300)_CommonDemo\src\drv\lib\libsd.a(sd_drv.o)
 .text$__sd_isr_null
                0x0080a1ee        0x2 C:\CCore_IDE\ccore-eclipse\workspace\A5(ET300)_CommonDemo\src\drv\lib\libsd.a(sd_drv.o)
 .text$__sd_isr_cmd0_go_idle
                0x0080a1f0       0x28 C:\CCore_IDE\ccore-eclipse\workspace\A5(ET300)_CommonDemo\src\drv\lib\libsd.a(sd_drv.o)
 .text$__sd_isr_cmd6_switch_func
                0x0080a218        0x2 C:\CCore_IDE\ccore-eclipse\workspace\A5(ET300)_CommonDemo\src\drv\lib\libsd.a(sd_drv.o)
 .text$__sd_isr_multi
                0x0080a21a        0x2 C:\CCore_IDE\ccore-eclipse\workspace\A5(ET300)_CommonDemo\src\drv\lib\libsd.a(sd_drv.o)
 .text$__sd_isr_cmd12_stop
                0x0080a21c       0xa0 C:\CCore_IDE\ccore-eclipse\workspace\A5(ET300)_CommonDemo\src\drv\lib\libsd.a(sd_drv.o)
 .text$__sd_isr_write
                0x0080a2bc       0xe0 C:\CCore_IDE\ccore-eclipse\workspace\A5(ET300)_CommonDemo\src\drv\lib\libsd.a(sd_drv.o)
 .text$__sd_isr_write_comp
                0x0080a39c       0x80 C:\CCore_IDE\ccore-eclipse\workspace\A5(ET300)_CommonDemo\src\drv\lib\libsd.a(sd_drv.o)
 .text$__sd_isr_read_comp
                0x0080a41c       0x1c C:\CCore_IDE\ccore-eclipse\workspace\A5(ET300)_CommonDemo\src\drv\lib\libsd.a(sd_drv.o)
 .text$__sd_isr_voltage_switch
                0x0080a438       0x4c C:\CCore_IDE\ccore-eclipse\workspace\A5(ET300)_CommonDemo\src\drv\lib\libsd.a(sd_drv.o)
 .text$__sd_isr_force_erase
                0x0080a484        0xc C:\CCore_IDE\ccore-eclipse\workspace\A5(ET300)_CommonDemo\src\drv\lib\libsd.a(sd_drv.o)
 .text$__sd_isr_set_password
                0x0080a490       0x3c C:\CCore_IDE\ccore-eclipse\workspace\A5(ET300)_CommonDemo\src\drv\lib\libsd.a(sd_drv.o)
 .text$__sd_isr_clr_password
                0x0080a4cc        0xc C:\CCore_IDE\ccore-eclipse\workspace\A5(ET300)_CommonDemo\src\drv\lib\libsd.a(sd_drv.o)
 .text$__sd_isr_lock
                0x0080a4d8        0xc C:\CCore_IDE\ccore-eclipse\workspace\A5(ET300)_CommonDemo\src\drv\lib\libsd.a(sd_drv.o)
 .text$__sd_isr_unlock
                0x0080a4e4        0xc C:\CCore_IDE\ccore-eclipse\workspace\A5(ET300)_CommonDemo\src\drv\lib\libsd.a(sd_drv.o)
 .text$__sd_isr_secure_multi_read
                0x0080a4f0       0x44 C:\CCore_IDE\ccore-eclipse\workspace\A5(ET300)_CommonDemo\src\drv\lib\libsd.a(sd_drv.o)
 .text$__sd_isr_secure_multi_wirte
                0x0080a534       0x30 C:\CCore_IDE\ccore-eclipse\workspace\A5(ET300)_CommonDemo\src\drv\lib\libsd.a(sd_drv.o)
 .text$__sd_isr_secure_write_mkb
                0x0080a564       0x30 C:\CCore_IDE\ccore-eclipse\workspace\A5(ET300)_CommonDemo\src\drv\lib\libsd.a(sd_drv.o)
 .text$__sd_isr_secure_erase
                0x0080a594       0x18 C:\CCore_IDE\ccore-eclipse\workspace\A5(ET300)_CommonDemo\src\drv\lib\libsd.a(sd_drv.o)
 .text$__sd_isr_get_mkb
                0x0080a5ac       0x48 C:\CCore_IDE\ccore-eclipse\workspace\A5(ET300)_CommonDemo\src\drv\lib\libsd.a(sd_drv.o)
 .text$__sd_isr_get_mid
                0x0080a5f4       0x48 C:\CCore_IDE\ccore-eclipse\workspace\A5(ET300)_CommonDemo\src\drv\lib\libsd.a(sd_drv.o)
 .text$__sd_isr_set_cer_rn1
                0x0080a63c       0x30 C:\CCore_IDE\ccore-eclipse\workspace\A5(ET300)_CommonDemo\src\drv\lib\libsd.a(sd_drv.o)
 .text$__sd_isr_get_cer_rn2
                0x0080a66c       0x40 C:\CCore_IDE\ccore-eclipse\workspace\A5(ET300)_CommonDemo\src\drv\lib\libsd.a(sd_drv.o)
 .text$__sd_isr_set_cer_res2
                0x0080a6ac       0x30 C:\CCore_IDE\ccore-eclipse\workspace\A5(ET300)_CommonDemo\src\drv\lib\libsd.a(sd_drv.o)
 .text$__sd_isr_get_cer_res1
                0x0080a6dc       0x40 C:\CCore_IDE\ccore-eclipse\workspace\A5(ET300)_CommonDemo\src\drv\lib\libsd.a(sd_drv.o)
 .text$__sd_isr_change_secure_aera
                0x0080a71c       0x18 C:\CCore_IDE\ccore-eclipse\workspace\A5(ET300)_CommonDemo\src\drv\lib\libsd.a(sd_drv.o)
 .text$__sd_isr_exit_secure_mode
                0x0080a734       0x18 C:\CCore_IDE\ccore-eclipse\workspace\A5(ET300)_CommonDemo\src\drv\lib\libsd.a(sd_drv.o)
 .text$__sd_isr_speed_class_control
                0x0080a74c        0xc C:\CCore_IDE\ccore-eclipse\workspace\A5(ET300)_CommonDemo\src\drv\lib\libsd.a(sd_drv.o)
 .text$__sd_isr_cmd_crc_err
                0x0080a758       0x18 C:\CCore_IDE\ccore-eclipse\workspace\A5(ET300)_CommonDemo\src\drv\lib\libsd.a(sd_drv.o)
 .text$__sd_isr_data_crc_err
                0x0080a770       0x18 C:\CCore_IDE\ccore-eclipse\workspace\A5(ET300)_CommonDemo\src\drv\lib\libsd.a(sd_drv.o)
 .text$__sd_isr_gen_cmd
                0x0080a788       0x50 C:\CCore_IDE\ccore-eclipse\workspace\A5(ET300)_CommonDemo\src\drv\lib\libsd.a(sd_drv.o)
 .text$__sd_isr_send_wp_status
                0x0080a7d8       0x58 C:\CCore_IDE\ccore-eclipse\workspace\A5(ET300)_CommonDemo\src\drv\lib\libsd.a(sd_drv.o)
 .text$__sd_isr_clr_wp
                0x0080a830       0x40 C:\CCore_IDE\ccore-eclipse\workspace\A5(ET300)_CommonDemo\src\drv\lib\libsd.a(sd_drv.o)
 .text$__sd_isr_set_wp
                0x0080a870       0x40 C:\CCore_IDE\ccore-eclipse\workspace\A5(ET300)_CommonDemo\src\drv\lib\libsd.a(sd_drv.o)
 .text$__sd_isr_erase
                0x0080a8b0       0x30 C:\CCore_IDE\ccore-eclipse\workspace\A5(ET300)_CommonDemo\src\drv\lib\libsd.a(sd_drv.o)
 .text$__sd_isr_erase_end
                0x0080a8e0       0x40 C:\CCore_IDE\ccore-eclipse\workspace\A5(ET300)_CommonDemo\src\drv\lib\libsd.a(sd_drv.o)
 .text$__sd_isr_erase_start
                0x0080a920       0x40 C:\CCore_IDE\ccore-eclipse\workspace\A5(ET300)_CommonDemo\src\drv\lib\libsd.a(sd_drv.o)
 .text$__sd_isr_set_pre_erase_cnt
                0x0080a960       0x34 C:\CCore_IDE\ccore-eclipse\workspace\A5(ET300)_CommonDemo\src\drv\lib\libsd.a(sd_drv.o)
 .text$__sd_isr_prog_csd
                0x0080a994       0x74 C:\CCore_IDE\ccore-eclipse\workspace\A5(ET300)_CommonDemo\src\drv\lib\libsd.a(sd_drv.o)
 .text$__sd_isr_acmd22
                0x0080aa08       0x48 C:\CCore_IDE\ccore-eclipse\workspace\A5(ET300)_CommonDemo\src\drv\lib\libsd.a(sd_drv.o)
 .text$sd_read  0x0080aa50       0x40 C:\CCore_IDE\ccore-eclipse\workspace\A5(ET300)_CommonDemo\src\drv\lib\libsd.a(sd_drv.o)
 .text$__sd_isr_read
                0x0080aa90       0xec C:\CCore_IDE\ccore-eclipse\workspace\A5(ET300)_CommonDemo\src\drv\lib\libsd.a(sd_drv.o)
 .text$sd_mem_handler
                0x0080ab7c       0xa8 C:\CCore_IDE\ccore-eclipse\workspace\A5(ET300)_CommonDemo\src\drv\lib\libsd.a(sd_drv.o)
                0x0080ab7c                sd_mem_handler
 .text          0x0080ac24      0x258 C:\CCore_IDE/tool-chain/ccore-elf/lib/gcc/mcore-elf/4.6.0/c0_div\libgcc.a(_mul_df.o)
                0x0080ac24                __muldf3
 .text          0x0080ae7c       0x48 C:\CCore_IDE/tool-chain/ccore-elf/lib/gcc/mcore-elf/4.6.0/c0_div\libgcc.a(_eq_df.o)
                0x0080ae7c                __eqdf2
 .text          0x0080aec4       0x48 C:\CCore_IDE/tool-chain/ccore-elf/lib/gcc/mcore-elf/4.6.0/c0_div\libgcc.a(_ne_df.o)
                0x0080aec4                __nedf2
 .text          0x0080af0c       0x4c C:\CCore_IDE/tool-chain/ccore-elf/lib/gcc/mcore-elf/4.6.0/c0_div\libgcc.a(_gt_df.o)
                0x0080af0c                __gtdf2
 .text          0x0080af58       0x48 C:\CCore_IDE/tool-chain/ccore-elf/lib/gcc/mcore-elf/4.6.0/c0_div\libgcc.a(_lt_df.o)
                0x0080af58                __ltdf2
 .text          0x0080afa0       0x48 C:\CCore_IDE/tool-chain/ccore-elf/lib/gcc/mcore-elf/4.6.0/c0_div\libgcc.a(_le_df.o)
                0x0080afa0                __ledf2
 .text          0x0080afe8       0x88 C:\CCore_IDE/tool-chain/ccore-elf/lib/gcc/mcore-elf/4.6.0/c0_div\libgcc.a(_si_to_df.o)
                0x0080afe8                __floatsidf
 .text          0x0080b070       0x62 C:\CCore_IDE/tool-chain/ccore-elf/lib/gcc/mcore-elf/4.6.0/c0_div\libgcc.a(_muldi3.o)
                0x0080b070                __muldi3
                0x0080b0e0                . = ALIGN (0x10)
 *fill*         0x0080b0d2        0xe bebe
                0x0080b0e0                _end_text = .

.data           0x0080b0e0      0x8e8
                0x0080b0e0                _start_data = .
 *(.data)
 .data          0x0080b0e0        0x1 ./src/drv/i2c_drv.o
 *fill*         0x0080b0e1        0x3 00
 .data          0x0080b0e4        0x8 ./src/drv/usi_drv.o
                0x0080b0e4                apdu_buf
                0x0080b0e8                apdu_data
 .data          0x0080b0ec      0x428 C:\CCore_IDE/tool-chain/ccore-elf/mcore-elf/lib/c0_div\libc.a(lib_a-impure.o)
                0x0080b0ec                _impure_ptr
 .data          0x0080b514       0x7c C:\CCore_IDE/tool-chain/ccore-elf/mcore-elf/lib/c0_div\libc.a(lib_a-locale.o)
                0x0080b514                __mb_cur_max
 .data          0x0080b590      0x410 C:\CCore_IDE/tool-chain/ccore-elf/mcore-elf/lib/c0_div\libc.a(lib_a-mallocr.o)
                0x0080b590                __malloc_sbrk_base
                0x0080b594                __malloc_trim_threshold
                0x0080b598                __malloc_av_
 .data          0x0080b9a0       0x28 C:\CCore_IDE\ccore-eclipse\workspace\A5(ET300)_CommonDemo\src\drv\lib\libsd.a(sd_drv.o)
                0x0080b9c8                . = ALIGN (0x4)
                0x0080b9c8                _end_data = .

.bss            0x0080b9c8     0x1208
                0x0080b9c8                _bss_start = .
 *(.bss)
 .bss           0x0080b9c8        0x1 ./src/drv/cpm_drv.o
 .bss           0x0080b9c9        0x2 ./src/drv/dmac_drv.o
 *fill*         0x0080b9cb        0x1 00
 .bss           0x0080b9cc     0x1004 ./src/drv/edmac_drv.o
                0x0080b9cc                g_edmac_minordone
                0x0080b9d0                g_edmaccryptbuf
 .bss           0x0080c9d0       0x16 ./src/drv/i2c_drv.o
                0x0080c9d0                g_data_send
                0x0080c9d4                g_data_receive
                0x0080c9d8                g_data_len
 *fill*         0x0080c9e6        0x2 00
 .bss           0x0080c9e8       0x18 ./src/drv/pit_drv.o
 .bss           0x0080ca00        0x4 ./src/drv/sci_drv.o
                0x0080ca00                pregspointer
 .bss           0x0080ca04        0x4 ./src/drv/tc_drv.o
 .bss           0x0080ca08       0x1c ./src/drv/usi_drv.o
                0x0080ca08                adpu_status
                0x0080ca0c                apdu_cmdbuf
                0x0080ca14                apdu_cnt
                0x0080ca16                apdu_datalen
                0x0080ca18                result_code
                0x0080ca1c                apdu_addr
 .bss           0x0080ca24      0x104 ./src/common/debug.o
 .bss           0x0080cb28        0xc ./src/api/cpm_api.o
                0x0080cb28                g_sys_clk
                0x0080cb2c                g_ips_clk
                0x0080cb30                g_efm_clk
 .bss           0x0080cb34       0x18 ./src/api/eflash_api.o
 .bss           0x0080cb4c        0xc ./src/main_demo.o
                0x0080cb4c                is_programmer
                0x0080cb50                ds
                0x0080cb54                dl
 .bss           0x0080cb58       0x34 C:\CCore_IDE/tool-chain/ccore-elf/mcore-elf/lib/c0_div\libc.a(lib_a-mallocr.o)
                0x0080cb58                __malloc_current_mallinfo
                0x0080cb80                __malloc_max_total_mem
                0x0080cb84                __malloc_max_sbrked_mem
                0x0080cb88                __malloc_top_pad
 .bss           0x0080cb8c        0x4 C:\CCore_IDE/tool-chain/ccore-elf/mcore-elf/lib/c0_div\libcmb.a(sbrk.o)
 .bss           0x0080cb90       0x34 C:\CCore_IDE\ccore-eclipse\workspace\A5(ET300)_CommonDemo\src\drv\lib\libsd.a(sd_drv.o)
 *(COMMON)
 COMMON         0x0080cbc4        0x4 C:\CCore_IDE/tool-chain/ccore-elf/mcore-elf/lib/c0_div\libc.a(lib_a-reent.o)
                0x0080cbc4                errno
                0x0080cbd0                . = (. + 0x8)
 *fill*         0x0080cbc8        0x8 00
                0x0080cbd0                _bss_end = .
                0x0083effc                PROVIDE (_end, (STACK_LOCATION - 0x1000))
LOAD ./src/drv/usb_drv/usb_cdc_config.o
LOAD ./src/drv/usb_drv/usb_cdc_control.o
LOAD ./src/drv/usb_drv/usbdev_config.o
LOAD ./src/drv/usb_drv/usbdev_control.o
LOAD ./src/drv/usb_drv/usbdev_isr.o
LOAD ./src/drv/usb_drv/usbdev_scsi.o
LOAD ./src/drv/sd_drv/sd_config.o
LOAD ./src/drv/ccore/crt0.o
LOAD ./src/drv/ccore/interrupt_support.o
LOAD ./src/drv/ccore/vector_rce.o
LOAD ./src/drv/ccore/vector_table.o
LOAD ./src/drv/alg_drv.o
LOAD ./src/drv/analog_drv.o
LOAD ./src/drv/ccm_drv.o
LOAD ./src/drv/cpm_drv.o
LOAD ./src/drv/crc_drv.o
LOAD ./src/drv/dmac_drv.o
LOAD ./src/drv/edmac_drv.o
LOAD ./src/drv/eflash_drv.o
LOAD ./src/drv/eport_drv.o
LOAD ./src/drv/ept_drv.o
LOAD ./src/drv/fd_drv.o
LOAD ./src/drv/i2c_drv.o
LOAD ./src/drv/int_drv.o
LOAD ./src/drv/led_drv.o
LOAD ./src/drv/lowpower_drv.o
LOAD ./src/drv/mim_drv.o
LOAD ./src/drv/pit_drv.o
LOAD ./src/drv/reset_drv.o
LOAD ./src/drv/sci_drv.o
LOAD ./src/drv/spi_drv.o
LOAD ./src/drv/tc_drv.o
LOAD ./src/drv/td_drv.o
LOAD ./src/drv/trng_drv.o
LOAD ./src/drv/usi_drv.o
LOAD ./src/drv/vd_drv.o
LOAD ./src/drv/wdt_drv.o
LOAD ./src/demo/eflash_demo.o
LOAD ./src/common/common.o
LOAD ./src/common/debug.o
LOAD ./src/api/alg_api.o
LOAD ./src/api/cpm_api.o
LOAD ./src/api/crc_api.o
LOAD ./src/api/eflash_api.o
LOAD ./src/api/eport_api.o
LOAD ./src/api/wdt_api.o
LOAD ./src/main_demo.o
LOAD ./src/re_sci_dev.o
LOAD ./src/test.o
START GROUP
LOAD C:\CCore_IDE/tool-chain/ccore-elf/lib/gcc/mcore-elf/4.6.0/c0_div\libgcc.a
LOAD C:\CCore_IDE/tool-chain/ccore-elf/mcore-elf/lib/c0_div\libc.a
LOAD C:\CCore_IDE/tool-chain/ccore-elf/mcore-elf/lib/c0_div\libg.a
LOAD C:\CCore_IDE\ccore-eclipse\workspace\A5(ET300)_CommonDemo\src\drv\lib\libBootSwitch.a
LOAD C:\CCore_IDE/tool-chain/ccore-elf/mcore-elf/lib/c0_div\libm.a
LOAD C:\CCore_IDE/tool-chain/ccore-elf/mcore-elf/lib/c0_div\libcmb.a
LOAD C:\CCore_IDE/tool-chain/ccore-elf/mcore-elf/lib/c0_div\libsim.a
LOAD C:\CCore_IDE/tool-chain/ccore-elf/mcore-elf/lib/c0_div\libnosys.a
LOAD C:\CCore_IDE\ccore-eclipse\workspace\A5(ET300)_CommonDemo\src\drv\lib\librsa.a
LOAD C:\CCore_IDE\ccore-eclipse\workspace\A5(ET300)_CommonDemo\src\drv\lib\libsm2.a
LOAD C:\CCore_IDE\ccore-eclipse\workspace\A5(ET300)_CommonDemo\src\drv\lib\libalg.a
LOAD C:\CCore_IDE\ccore-eclipse\workspace\A5(ET300)_CommonDemo\src\drv\lib\libget_serial_sn_lib.a
LOAD C:\CCore_IDE\ccore-eclipse\workspace\A5(ET300)_CommonDemo\src\drv\lib\libsd.a
END GROUP
OUTPUT(A5(ET300)_CommonDemo.elf elf32-mcore-little)

.debug_frame    0x00000000     0x2b1c
 .debug_frame   0x00000000       0x38 ./src/drv/sd_drv/sd_config.o
 .debug_frame   0x00000038       0xd8 ./src/drv/ccore/vector_rce.o
 .debug_frame   0x00000110       0x34 ./src/drv/analog_drv.o
 .debug_frame   0x00000144      0x2c4 ./src/drv/cpm_drv.o
 .debug_frame   0x00000408       0xe0 ./src/drv/dmac_drv.o
 .debug_frame   0x000004e8      0x1a0 ./src/drv/edmac_drv.o
 .debug_frame   0x00000688      0x110 ./src/drv/eflash_drv.o
 .debug_frame   0x00000798      0x21c ./src/drv/eport_drv.o
 .debug_frame   0x000009b4       0x84 ./src/drv/ept_drv.o
 .debug_frame   0x00000a38      0x1ec ./src/drv/i2c_drv.o
 .debug_frame   0x00000c24       0x50 ./src/drv/int_drv.o
 .debug_frame   0x00000c74      0x15c ./src/drv/lowpower_drv.o
 .debug_frame   0x00000dd0      0x110 ./src/drv/pit_drv.o
 .debug_frame   0x00000ee0      0x140 ./src/drv/sci_drv.o
 .debug_frame   0x00001020       0xc4 ./src/drv/tc_drv.o
 .debug_frame   0x000010e4      0x288 ./src/drv/usi_drv.o
 .debug_frame   0x0000136c       0xbc ./src/drv/wdt_drv.o
 .debug_frame   0x00001428       0xe0 ./src/common/common.o
 .debug_frame   0x00001508       0x54 ./src/common/debug.o
 .debug_frame   0x0000155c      0x2f4 ./src/api/alg_api.o
 .debug_frame   0x00001850       0xa4 ./src/api/cpm_api.o
 .debug_frame   0x000018f4       0xd8 ./src/api/eflash_api.o
 .debug_frame   0x000019cc       0xc8 ./src/main_demo.o
 .debug_frame   0x00001a94       0x30 ./src/re_sci_dev.o
 .debug_frame   0x00001ac4       0x70 C:\CCore_IDE/tool-chain/ccore-elf/lib/gcc/mcore-elf/4.6.0/c0_div\libgcc.a(_addsub_df.o)
 .debug_frame   0x00001b34       0x40 C:\CCore_IDE/tool-chain/ccore-elf/lib/gcc/mcore-elf/4.6.0/c0_div\libgcc.a(_div_df.o)
 .debug_frame   0x00001b74       0x3c C:\CCore_IDE/tool-chain/ccore-elf/lib/gcc/mcore-elf/4.6.0/c0_div\libgcc.a(_df_to_si.o)
 .debug_frame   0x00001bb0       0x48 C:\CCore_IDE/tool-chain/ccore-elf/lib/gcc/mcore-elf/4.6.0/c0_div\libgcc.a(_usi_to_df.o)
 .debug_frame   0x00001bf8       0x24 C:\CCore_IDE/tool-chain/ccore-elf/lib/gcc/mcore-elf/4.6.0/c0_div\libgcc.a(_clzsi2.o)
 .debug_frame   0x00001c1c       0x34 C:\CCore_IDE/tool-chain/ccore-elf/lib/gcc/mcore-elf/4.6.0/c0_div\libgcc.a(_pack_df.o)
 .debug_frame   0x00001c50       0x3c C:\CCore_IDE/tool-chain/ccore-elf/lib/gcc/mcore-elf/4.6.0/c0_div\libgcc.a(_unpack_df.o)
 .debug_frame   0x00001c8c       0x24 C:\CCore_IDE/tool-chain/ccore-elf/lib/gcc/mcore-elf/4.6.0/c0_div\libgcc.a(_fpcmp_parts_df.o)
 .debug_frame   0x00001cb0       0x30 C:\CCore_IDE/tool-chain/ccore-elf/lib/gcc/mcore-elf/4.6.0/c0_div\libgcc.a(_lshrdi3.o)
 .debug_frame   0x00001ce0       0x30 C:\CCore_IDE/tool-chain/ccore-elf/lib/gcc/mcore-elf/4.6.0/c0_div\libgcc.a(_ashldi3.o)
 .debug_frame   0x00001d10       0x30 C:\CCore_IDE/tool-chain/ccore-elf/mcore-elf/lib/c0_div\libc.a(lib_a-memset.o)
 .debug_frame   0x00001d40       0x24 C:\CCore_IDE/tool-chain/ccore-elf/mcore-elf/lib/c0_div\libc.a(lib_a-strlen.o)
 .debug_frame   0x00001d64       0x48 C:\CCore_IDE/tool-chain/ccore-elf/mcore-elf/lib/c0_div\libc.a(lib_a-vsprintf.o)
 .debug_frame   0x00001dac       0x38 C:\CCore_IDE/tool-chain/ccore-elf/mcore-elf/lib/c0_div\libc.a(lib_a-svfprintf.o)
 .debug_frame   0x00001de4       0x6c C:\CCore_IDE/tool-chain/ccore-elf/mcore-elf/lib/c0_div\libc.a(lib_a-dtoa.o)
 .debug_frame   0x00001e50       0xa8 C:\CCore_IDE/tool-chain/ccore-elf/mcore-elf/lib/c0_div\libc.a(lib_a-locale.o)
 .debug_frame   0x00001ef8       0x44 C:\CCore_IDE/tool-chain/ccore-elf/mcore-elf/lib/c0_div\libc.a(lib_a-mallocr.o)
 .debug_frame   0x00001f3c       0x24 C:\CCore_IDE/tool-chain/ccore-elf/mcore-elf/lib/c0_div\libc.a(lib_a-memchr.o)
 .debug_frame   0x00001f60       0x34 C:\CCore_IDE/tool-chain/ccore-elf/mcore-elf/lib/c0_div\libc.a(lib_a-mlock.o)
 .debug_frame   0x00001f94      0x214 C:\CCore_IDE/tool-chain/ccore-elf/mcore-elf/lib/c0_div\libc.a(lib_a-mprec.o)
 .debug_frame   0x000021a8       0x34 C:\CCore_IDE/tool-chain/ccore-elf/mcore-elf/lib/c0_div\libc.a(lib_a-s_fpclassify.o)
 .debug_frame   0x000021dc       0x30 C:\CCore_IDE/tool-chain/ccore-elf/mcore-elf/lib/c0_div\libc.a(lib_a-sbrkr.o)
 .debug_frame   0x0000220c       0x24 C:\CCore_IDE/tool-chain/ccore-elf/mcore-elf/lib/c0_div\libc.a(lib_a-strcmp.o)
 .debug_frame   0x00002230       0x64 C:\CCore_IDE/tool-chain/ccore-elf/mcore-elf/lib/c0_div\libc.a(lib_a-svfiprintf.o)
 .debug_frame   0x00002294       0x3c C:\CCore_IDE/tool-chain/ccore-elf/mcore-elf/lib/c0_div\libc.a(lib_a-callocr.o)
 .debug_frame   0x000022d0       0x50 C:\CCore_IDE/tool-chain/ccore-elf/mcore-elf/lib/c0_div\libc.a(lib_a-freer.o)
 .debug_frame   0x00002320       0x34 C:\CCore_IDE/tool-chain/ccore-elf/mcore-elf/lib/c0_div\libc.a(lib_a-memmove.o)
 .debug_frame   0x00002354       0x50 C:\CCore_IDE/tool-chain/ccore-elf/mcore-elf/lib/c0_div\libc.a(lib_a-reallocr.o)
 .debug_frame   0x000023a4       0x68 C:\CCore_IDE/tool-chain/ccore-elf/mcore-elf/lib/c0_div\libc.a(lib_a-reent.o)
 .debug_frame   0x0000240c       0x30 C:\CCore_IDE/tool-chain/ccore-elf/mcore-elf/lib/c0_div\libcmb.a(sbrk.o)
 .debug_frame   0x0000243c       0x2c C:\CCore_IDE/tool-chain/ccore-elf/mcore-elf/lib/c0_div\libcmb.a(write.o)
 .debug_frame   0x00002468       0x24 C:\CCore_IDE/tool-chain/ccore-elf/mcore-elf/lib/c0_div\libcmb.a(cmb-outbyte.o)
 .debug_frame   0x0000248c      0x150 C:\CCore_IDE\ccore-eclipse\workspace\A5(ET300)_CommonDemo\src\drv\lib\libalg.a(sm3.o)
 .debug_frame   0x000025dc      0x3a8 C:\CCore_IDE\ccore-eclipse\workspace\A5(ET300)_CommonDemo\src\drv\lib\libsd.a(sd_drv.o)
 .debug_frame   0x00002984       0x48 C:\CCore_IDE/tool-chain/ccore-elf/lib/gcc/mcore-elf/4.6.0/c0_div\libgcc.a(_mul_df.o)
 .debug_frame   0x000029cc       0x30 C:\CCore_IDE/tool-chain/ccore-elf/lib/gcc/mcore-elf/4.6.0/c0_div\libgcc.a(_eq_df.o)
 .debug_frame   0x000029fc       0x30 C:\CCore_IDE/tool-chain/ccore-elf/lib/gcc/mcore-elf/4.6.0/c0_div\libgcc.a(_ne_df.o)
 .debug_frame   0x00002a2c       0x30 C:\CCore_IDE/tool-chain/ccore-elf/lib/gcc/mcore-elf/4.6.0/c0_div\libgcc.a(_gt_df.o)
 .debug_frame   0x00002a5c       0x30 C:\CCore_IDE/tool-chain/ccore-elf/lib/gcc/mcore-elf/4.6.0/c0_div\libgcc.a(_lt_df.o)
 .debug_frame   0x00002a8c       0x30 C:\CCore_IDE/tool-chain/ccore-elf/lib/gcc/mcore-elf/4.6.0/c0_div\libgcc.a(_le_df.o)
 .debug_frame   0x00002abc       0x34 C:\CCore_IDE/tool-chain/ccore-elf/lib/gcc/mcore-elf/4.6.0/c0_div\libgcc.a(_si_to_df.o)
 .debug_frame   0x00002af0       0x2c C:\CCore_IDE/tool-chain/ccore-elf/lib/gcc/mcore-elf/4.6.0/c0_div\libgcc.a(_muldi3.o)

.debug_info     0x00000000    0x15348
 .debug_info    0x00000000      0x1a1 ./src/drv/sd_drv/sd_config.o
 .debug_info    0x000001a1      0x1cc ./src/drv/ccore/vector_rce.o
 .debug_info    0x0000036d       0x95 ./src/drv/ccore/vector_table.o
 .debug_info    0x00000402       0xa5 ./src/drv/analog_drv.o
 .debug_info    0x000004a7      0x4e8 ./src/drv/cpm_drv.o
 .debug_info    0x0000098f      0x8cc ./src/drv/dmac_drv.o
 .debug_info    0x0000125b      0x8ba ./src/drv/edmac_drv.o
 .debug_info    0x00001b15      0x2b0 ./src/drv/eflash_drv.o
 .debug_info    0x00001dc5      0x3d1 ./src/drv/eport_drv.o
 .debug_info    0x00002196      0x15b ./src/drv/ept_drv.o
 .debug_info    0x000022f1      0x724 ./src/drv/i2c_drv.o
 .debug_info    0x00002a15      0x138 ./src/drv/int_drv.o
 .debug_info    0x00002b4d      0x29d ./src/drv/lowpower_drv.o
 .debug_info    0x00002dea      0x348 ./src/drv/pit_drv.o
 .debug_info    0x00003132      0x4ab ./src/drv/sci_drv.o
 .debug_info    0x000035dd      0x1d4 ./src/drv/tc_drv.o
 .debug_info    0x000037b1      0x7a0 ./src/drv/usi_drv.o
 .debug_info    0x00003f51      0x129 ./src/drv/wdt_drv.o
 .debug_info    0x0000407a      0x2d1 ./src/common/common.o
 .debug_info    0x0000434b      0x159 ./src/common/debug.o
 .debug_info    0x000044a4     0x110e ./src/api/alg_api.o
 .debug_info    0x000055b2      0x192 ./src/api/cpm_api.o
 .debug_info    0x00005744      0x316 ./src/api/eflash_api.o
 .debug_info    0x00005a5a      0x36a ./src/main_demo.o
 .debug_info    0x00005dc4      0x232 ./src/re_sci_dev.o
 .debug_info    0x00005ff6      0x41a C:\CCore_IDE/tool-chain/ccore-elf/lib/gcc/mcore-elf/4.6.0/c0_div\libgcc.a(_addsub_df.o)
 .debug_info    0x00006410      0x343 C:\CCore_IDE/tool-chain/ccore-elf/lib/gcc/mcore-elf/4.6.0/c0_div\libgcc.a(_div_df.o)
 .debug_info    0x00006753      0x26a C:\CCore_IDE/tool-chain/ccore-elf/lib/gcc/mcore-elf/4.6.0/c0_div\libgcc.a(_df_to_si.o)
 .debug_info    0x000069bd      0x163 C:\CCore_IDE/tool-chain/ccore-elf/lib/gcc/mcore-elf/4.6.0/c0_div\libgcc.a(_thenan_df.o)
 .debug_info    0x00006b20      0x22f C:\CCore_IDE/tool-chain/ccore-elf/lib/gcc/mcore-elf/4.6.0/c0_div\libgcc.a(_usi_to_df.o)
 .debug_info    0x00006d4f      0x135 C:\CCore_IDE/tool-chain/ccore-elf/lib/gcc/mcore-elf/4.6.0/c0_div\libgcc.a(_clzsi2.o)
 .debug_info    0x00006e84      0x295 C:\CCore_IDE/tool-chain/ccore-elf/lib/gcc/mcore-elf/4.6.0/c0_div\libgcc.a(_pack_df.o)
 .debug_info    0x00007119      0x21f C:\CCore_IDE/tool-chain/ccore-elf/lib/gcc/mcore-elf/4.6.0/c0_div\libgcc.a(_unpack_df.o)
 .debug_info    0x00007338      0x1f3 C:\CCore_IDE/tool-chain/ccore-elf/lib/gcc/mcore-elf/4.6.0/c0_div\libgcc.a(_fpcmp_parts_df.o)
 .debug_info    0x0000752b      0x190 C:\CCore_IDE/tool-chain/ccore-elf/lib/gcc/mcore-elf/4.6.0/c0_div\libgcc.a(_lshrdi3.o)
 .debug_info    0x000076bb      0x190 C:\CCore_IDE/tool-chain/ccore-elf/lib/gcc/mcore-elf/4.6.0/c0_div\libgcc.a(_ashldi3.o)
 .debug_info    0x0000784b       0xb4 C:\CCore_IDE/tool-chain/ccore-elf/lib/gcc/mcore-elf/4.6.0/c0_div\libgcc.a(_clz.o)
 .debug_info    0x000078ff      0x114 C:\CCore_IDE/tool-chain/ccore-elf/mcore-elf/lib/c0_div\libc.a(lib_a-memset.o)
 .debug_info    0x00007a13       0xd9 C:\CCore_IDE/tool-chain/ccore-elf/mcore-elf/lib/c0_div\libc.a(lib_a-strlen.o)
 .debug_info    0x00007aec      0xa39 C:\CCore_IDE/tool-chain/ccore-elf/mcore-elf/lib/c0_div\libc.a(lib_a-vsprintf.o)
 .debug_info    0x00008525      0x965 C:\CCore_IDE/tool-chain/ccore-elf/mcore-elf/lib/c0_div\libc.a(lib_a-impure.o)
 .debug_info    0x00008e8a     0x1005 C:\CCore_IDE/tool-chain/ccore-elf/mcore-elf/lib/c0_div\libc.a(lib_a-svfprintf.o)
 .debug_info    0x00009e8f      0xdd0 C:\CCore_IDE/tool-chain/ccore-elf/mcore-elf/lib/c0_div\libc.a(lib_a-dtoa.o)
 .debug_info    0x0000ac5f      0xc96 C:\CCore_IDE/tool-chain/ccore-elf/mcore-elf/lib/c0_div\libc.a(lib_a-locale.o)
 .debug_info    0x0000b8f5      0xd6a C:\CCore_IDE/tool-chain/ccore-elf/mcore-elf/lib/c0_div\libc.a(lib_a-mallocr.o)
 .debug_info    0x0000c65f      0x120 C:\CCore_IDE/tool-chain/ccore-elf/mcore-elf/lib/c0_div\libc.a(lib_a-memchr.o)
 .debug_info    0x0000c77f      0x97f C:\CCore_IDE/tool-chain/ccore-elf/mcore-elf/lib/c0_div\libc.a(lib_a-mlock.o)
 .debug_info    0x0000d0fe     0x14fb C:\CCore_IDE/tool-chain/ccore-elf/mcore-elf/lib/c0_div\libc.a(lib_a-mprec.o)
 .debug_info    0x0000e5f9      0x145 C:\CCore_IDE/tool-chain/ccore-elf/mcore-elf/lib/c0_div\libc.a(lib_a-s_fpclassify.o)
 .debug_info    0x0000e73e      0x9ab C:\CCore_IDE/tool-chain/ccore-elf/mcore-elf/lib/c0_div\libc.a(lib_a-sbrkr.o)
 .debug_info    0x0000f0e9       0xd9 C:\CCore_IDE/tool-chain/ccore-elf/mcore-elf/lib/c0_div\libc.a(lib_a-strcmp.o)
 .debug_info    0x0000f1c2      0xd84 C:\CCore_IDE/tool-chain/ccore-elf/mcore-elf/lib/c0_div\libc.a(lib_a-svfiprintf.o)
 .debug_info    0x0000ff46      0xa49 C:\CCore_IDE/tool-chain/ccore-elf/mcore-elf/lib/c0_div\libc.a(lib_a-callocr.o)
 .debug_info    0x0001098f      0xc3f C:\CCore_IDE/tool-chain/ccore-elf/mcore-elf/lib/c0_div\libc.a(lib_a-freer.o)
 .debug_info    0x000115ce      0x12e C:\CCore_IDE/tool-chain/ccore-elf/mcore-elf/lib/c0_div\libc.a(lib_a-memmove.o)
 .debug_info    0x000116fc      0xc03 C:\CCore_IDE/tool-chain/ccore-elf/mcore-elf/lib/c0_div\libc.a(lib_a-reallocr.o)
 .debug_info    0x000122ff      0xa63 C:\CCore_IDE/tool-chain/ccore-elf/mcore-elf/lib/c0_div\libc.a(lib_a-reent.o)
 .debug_info    0x00012d62      0x13b C:\CCore_IDE/tool-chain/ccore-elf/mcore-elf/lib/c0_div\libcmb.a(sbrk.o)
 .debug_info    0x00012e9d       0x91 C:\CCore_IDE/tool-chain/ccore-elf/mcore-elf/lib/c0_div\libcmb.a(write.o)
 .debug_info    0x00012f2e       0x52 C:\CCore_IDE/tool-chain/ccore-elf/mcore-elf/lib/c0_div\libcmb.a(cmb-outbyte.o)
 .debug_info    0x00012f80      0x3b4 C:\CCore_IDE\ccore-eclipse\workspace\A5(ET300)_CommonDemo\src\drv\lib\libalg.a(sm3.o)
 .debug_info    0x00013334      0xc23 C:\CCore_IDE\ccore-eclipse\workspace\A5(ET300)_CommonDemo\src\drv\lib\libsd.a(sd_drv.o)
 .debug_info    0x00013f57      0x428 C:\CCore_IDE/tool-chain/ccore-elf/lib/gcc/mcore-elf/4.6.0/c0_div\libgcc.a(_mul_df.o)
 .debug_info    0x0001437f      0x24f C:\CCore_IDE/tool-chain/ccore-elf/lib/gcc/mcore-elf/4.6.0/c0_div\libgcc.a(_eq_df.o)
 .debug_info    0x000145ce      0x24f C:\CCore_IDE/tool-chain/ccore-elf/lib/gcc/mcore-elf/4.6.0/c0_div\libgcc.a(_ne_df.o)
 .debug_info    0x0001481d      0x24f C:\CCore_IDE/tool-chain/ccore-elf/lib/gcc/mcore-elf/4.6.0/c0_div\libgcc.a(_gt_df.o)
 .debug_info    0x00014a6c      0x24f C:\CCore_IDE/tool-chain/ccore-elf/lib/gcc/mcore-elf/4.6.0/c0_div\libgcc.a(_lt_df.o)
 .debug_info    0x00014cbb      0x24f C:\CCore_IDE/tool-chain/ccore-elf/lib/gcc/mcore-elf/4.6.0/c0_div\libgcc.a(_le_df.o)
 .debug_info    0x00014f0a      0x238 C:\CCore_IDE/tool-chain/ccore-elf/lib/gcc/mcore-elf/4.6.0/c0_div\libgcc.a(_si_to_df.o)
 .debug_info    0x00015142      0x206 C:\CCore_IDE/tool-chain/ccore-elf/lib/gcc/mcore-elf/4.6.0/c0_div\libgcc.a(_muldi3.o)

.debug_abbrev   0x00000000     0x5743
 .debug_abbrev  0x00000000       0xcc ./src/drv/sd_drv/sd_config.o
 .debug_abbrev  0x000000cc       0x8f ./src/drv/ccore/vector_rce.o
 .debug_abbrev  0x0000015b       0x5b ./src/drv/ccore/vector_table.o
 .debug_abbrev  0x000001b6       0x4e ./src/drv/analog_drv.o
 .debug_abbrev  0x00000204      0x13d ./src/drv/cpm_drv.o
 .debug_abbrev  0x00000341      0x17a ./src/drv/dmac_drv.o
 .debug_abbrev  0x000004bb      0x183 ./src/drv/edmac_drv.o
 .debug_abbrev  0x0000063e      0x120 ./src/drv/eflash_drv.o
 .debug_abbrev  0x0000075e      0x14b ./src/drv/eport_drv.o
 .debug_abbrev  0x000008a9       0x9f ./src/drv/ept_drv.o
 .debug_abbrev  0x00000948      0x199 ./src/drv/i2c_drv.o
 .debug_abbrev  0x00000ae1       0x93 ./src/drv/int_drv.o
 .debug_abbrev  0x00000b74      0x12b ./src/drv/lowpower_drv.o
 .debug_abbrev  0x00000c9f      0x122 ./src/drv/pit_drv.o
 .debug_abbrev  0x00000dc1      0x1ad ./src/drv/sci_drv.o
 .debug_abbrev  0x00000f6e       0xbf ./src/drv/tc_drv.o
 .debug_abbrev  0x0000102d      0x1db ./src/drv/usi_drv.o
 .debug_abbrev  0x00001208       0x8b ./src/drv/wdt_drv.o
 .debug_abbrev  0x00001293       0xb5 ./src/common/common.o
 .debug_abbrev  0x00001348       0xca ./src/common/debug.o
 .debug_abbrev  0x00001412      0x15a ./src/api/alg_api.o
 .debug_abbrev  0x0000156c       0xbe ./src/api/cpm_api.o
 .debug_abbrev  0x0000162a       0xc7 ./src/api/eflash_api.o
 .debug_abbrev  0x000016f1      0x159 ./src/main_demo.o
 .debug_abbrev  0x0000184a       0xe8 ./src/re_sci_dev.o
 .debug_abbrev  0x00001932      0x183 C:\CCore_IDE/tool-chain/ccore-elf/lib/gcc/mcore-elf/4.6.0/c0_div\libgcc.a(_addsub_df.o)
 .debug_abbrev  0x00001ab5      0x19a C:\CCore_IDE/tool-chain/ccore-elf/lib/gcc/mcore-elf/4.6.0/c0_div\libgcc.a(_div_df.o)
 .debug_abbrev  0x00001c4f      0x136 C:\CCore_IDE/tool-chain/ccore-elf/lib/gcc/mcore-elf/4.6.0/c0_div\libgcc.a(_df_to_si.o)
 .debug_abbrev  0x00001d85       0xcb C:\CCore_IDE/tool-chain/ccore-elf/lib/gcc/mcore-elf/4.6.0/c0_div\libgcc.a(_thenan_df.o)
 .debug_abbrev  0x00001e50      0x171 C:\CCore_IDE/tool-chain/ccore-elf/lib/gcc/mcore-elf/4.6.0/c0_div\libgcc.a(_usi_to_df.o)
 .debug_abbrev  0x00001fc1       0xcc C:\CCore_IDE/tool-chain/ccore-elf/lib/gcc/mcore-elf/4.6.0/c0_div\libgcc.a(_clzsi2.o)
 .debug_abbrev  0x0000208d      0x160 C:\CCore_IDE/tool-chain/ccore-elf/lib/gcc/mcore-elf/4.6.0/c0_div\libgcc.a(_pack_df.o)
 .debug_abbrev  0x000021ed      0x130 C:\CCore_IDE/tool-chain/ccore-elf/lib/gcc/mcore-elf/4.6.0/c0_div\libgcc.a(_unpack_df.o)
 .debug_abbrev  0x0000231d      0x11a C:\CCore_IDE/tool-chain/ccore-elf/lib/gcc/mcore-elf/4.6.0/c0_div\libgcc.a(_fpcmp_parts_df.o)
 .debug_abbrev  0x00002437       0xff C:\CCore_IDE/tool-chain/ccore-elf/lib/gcc/mcore-elf/4.6.0/c0_div\libgcc.a(_lshrdi3.o)
 .debug_abbrev  0x00002536       0xff C:\CCore_IDE/tool-chain/ccore-elf/lib/gcc/mcore-elf/4.6.0/c0_div\libgcc.a(_ashldi3.o)
 .debug_abbrev  0x00002635       0x61 C:\CCore_IDE/tool-chain/ccore-elf/lib/gcc/mcore-elf/4.6.0/c0_div\libgcc.a(_clz.o)
 .debug_abbrev  0x00002696       0x9c C:\CCore_IDE/tool-chain/ccore-elf/mcore-elf/lib/c0_div\libc.a(lib_a-memset.o)
 .debug_abbrev  0x00002732       0x7e C:\CCore_IDE/tool-chain/ccore-elf/mcore-elf/lib/c0_div\libc.a(lib_a-strlen.o)
 .debug_abbrev  0x000027b0      0x1c6 C:\CCore_IDE/tool-chain/ccore-elf/mcore-elf/lib/c0_div\libc.a(lib_a-vsprintf.o)
 .debug_abbrev  0x00002976      0x166 C:\CCore_IDE/tool-chain/ccore-elf/mcore-elf/lib/c0_div\libc.a(lib_a-impure.o)
 .debug_abbrev  0x00002adc      0x2df C:\CCore_IDE/tool-chain/ccore-elf/mcore-elf/lib/c0_div\libc.a(lib_a-svfprintf.o)
 .debug_abbrev  0x00002dbb      0x22b C:\CCore_IDE/tool-chain/ccore-elf/mcore-elf/lib/c0_div\libc.a(lib_a-dtoa.o)
 .debug_abbrev  0x00002fe6      0x245 C:\CCore_IDE/tool-chain/ccore-elf/mcore-elf/lib/c0_div\libc.a(lib_a-locale.o)
 .debug_abbrev  0x0000322b      0x233 C:\CCore_IDE/tool-chain/ccore-elf/mcore-elf/lib/c0_div\libc.a(lib_a-mallocr.o)
 .debug_abbrev  0x0000345e       0xd5 C:\CCore_IDE/tool-chain/ccore-elf/mcore-elf/lib/c0_div\libc.a(lib_a-memchr.o)
 .debug_abbrev  0x00003533      0x179 C:\CCore_IDE/tool-chain/ccore-elf/mcore-elf/lib/c0_div\libc.a(lib_a-mlock.o)
 .debug_abbrev  0x000036ac      0x30e C:\CCore_IDE/tool-chain/ccore-elf/mcore-elf/lib/c0_div\libc.a(lib_a-mprec.o)
 .debug_abbrev  0x000039ba       0xd6 C:\CCore_IDE/tool-chain/ccore-elf/mcore-elf/lib/c0_div\libc.a(lib_a-s_fpclassify.o)
 .debug_abbrev  0x00003a90      0x1b0 C:\CCore_IDE/tool-chain/ccore-elf/mcore-elf/lib/c0_div\libc.a(lib_a-sbrkr.o)
 .debug_abbrev  0x00003c40       0x71 C:\CCore_IDE/tool-chain/ccore-elf/mcore-elf/lib/c0_div\libc.a(lib_a-strcmp.o)
 .debug_abbrev  0x00003cb1      0x25e C:\CCore_IDE/tool-chain/ccore-elf/mcore-elf/lib/c0_div\libc.a(lib_a-svfiprintf.o)
 .debug_abbrev  0x00003f0f      0x1b1 C:\CCore_IDE/tool-chain/ccore-elf/mcore-elf/lib/c0_div\libc.a(lib_a-callocr.o)
 .debug_abbrev  0x000040c0      0x1ea C:\CCore_IDE/tool-chain/ccore-elf/mcore-elf/lib/c0_div\libc.a(lib_a-freer.o)
 .debug_abbrev  0x000042aa       0xa8 C:\CCore_IDE/tool-chain/ccore-elf/mcore-elf/lib/c0_div\libc.a(lib_a-memmove.o)
 .debug_abbrev  0x00004352      0x1d2 C:\CCore_IDE/tool-chain/ccore-elf/mcore-elf/lib/c0_div\libc.a(lib_a-reallocr.o)
 .debug_abbrev  0x00004524      0x1e6 C:\CCore_IDE/tool-chain/ccore-elf/mcore-elf/lib/c0_div\libc.a(lib_a-reent.o)
 .debug_abbrev  0x0000470a       0xed C:\CCore_IDE/tool-chain/ccore-elf/mcore-elf/lib/c0_div\libcmb.a(sbrk.o)
 .debug_abbrev  0x000047f7       0x79 C:\CCore_IDE/tool-chain/ccore-elf/mcore-elf/lib/c0_div\libcmb.a(write.o)
 .debug_abbrev  0x00004870       0x45 C:\CCore_IDE/tool-chain/ccore-elf/mcore-elf/lib/c0_div\libcmb.a(cmb-outbyte.o)
 .debug_abbrev  0x000048b5      0x137 C:\CCore_IDE\ccore-eclipse\workspace\A5(ET300)_CommonDemo\src\drv\lib\libalg.a(sm3.o)
 .debug_abbrev  0x000049ec      0x38b C:\CCore_IDE\ccore-eclipse\workspace\A5(ET300)_CommonDemo\src\drv\lib\libsd.a(sd_drv.o)
 .debug_abbrev  0x00004d77      0x1a6 C:\CCore_IDE/tool-chain/ccore-elf/lib/gcc/mcore-elf/4.6.0/c0_div\libgcc.a(_mul_df.o)
 .debug_abbrev  0x00004f1d      0x127 C:\CCore_IDE/tool-chain/ccore-elf/lib/gcc/mcore-elf/4.6.0/c0_div\libgcc.a(_eq_df.o)
 .debug_abbrev  0x00005044      0x127 C:\CCore_IDE/tool-chain/ccore-elf/lib/gcc/mcore-elf/4.6.0/c0_div\libgcc.a(_ne_df.o)
 .debug_abbrev  0x0000516b      0x127 C:\CCore_IDE/tool-chain/ccore-elf/lib/gcc/mcore-elf/4.6.0/c0_div\libgcc.a(_gt_df.o)
 .debug_abbrev  0x00005292      0x127 C:\CCore_IDE/tool-chain/ccore-elf/lib/gcc/mcore-elf/4.6.0/c0_div\libgcc.a(_lt_df.o)
 .debug_abbrev  0x000053b9      0x127 C:\CCore_IDE/tool-chain/ccore-elf/lib/gcc/mcore-elf/4.6.0/c0_div\libgcc.a(_le_df.o)
 .debug_abbrev  0x000054e0      0x164 C:\CCore_IDE/tool-chain/ccore-elf/lib/gcc/mcore-elf/4.6.0/c0_div\libgcc.a(_si_to_df.o)
 .debug_abbrev  0x00005644       0xff C:\CCore_IDE/tool-chain/ccore-elf/lib/gcc/mcore-elf/4.6.0/c0_div\libgcc.a(_muldi3.o)

.debug_loc      0x00000000    0x1108e
 .debug_loc     0x00000000       0x5c ./src/drv/sd_drv/sd_config.o
 .debug_loc     0x0000005c      0x1dc ./src/drv/ccore/vector_rce.o
 .debug_loc     0x00000238       0x44 ./src/drv/analog_drv.o
 .debug_loc     0x0000027c      0x660 ./src/drv/cpm_drv.o
 .debug_loc     0x000008dc      0x1f8 ./src/drv/dmac_drv.o
 .debug_loc     0x00000ad4      0x3a8 ./src/drv/edmac_drv.o
 .debug_loc     0x00000e7c      0x264 ./src/drv/eflash_drv.o
 .debug_loc     0x000010e0      0x4c8 ./src/drv/eport_drv.o
 .debug_loc     0x000015a8      0x110 ./src/drv/ept_drv.o
 .debug_loc     0x000016b8      0x414 ./src/drv/i2c_drv.o
 .debug_loc     0x00001acc       0x88 ./src/drv/int_drv.o
 .debug_loc     0x00001b54      0x2ec ./src/drv/lowpower_drv.o
 .debug_loc     0x00001e40      0x250 ./src/drv/pit_drv.o
 .debug_loc     0x00002090      0x2a8 ./src/drv/sci_drv.o
 .debug_loc     0x00002338      0x198 ./src/drv/tc_drv.o
 .debug_loc     0x000024d0      0x594 ./src/drv/usi_drv.o
 .debug_loc     0x00002a64      0x198 ./src/drv/wdt_drv.o
 .debug_loc     0x00002bfc      0x1dc ./src/common/common.o
 .debug_loc     0x00002dd8       0xa0 ./src/common/debug.o
 .debug_loc     0x00002e78      0x702 ./src/api/alg_api.o
 .debug_loc     0x0000357a      0x154 ./src/api/cpm_api.o
 .debug_loc     0x000036ce      0x1dc ./src/api/eflash_api.o
 .debug_loc     0x000038aa      0x19b ./src/main_demo.o
 .debug_loc     0x00003a45       0x44 ./src/re_sci_dev.o
 .debug_loc     0x00003a89      0x4a1 C:\CCore_IDE/tool-chain/ccore-elf/lib/gcc/mcore-elf/4.6.0/c0_div\libgcc.a(_addsub_df.o)
 .debug_loc     0x00003f2a      0x1f0 C:\CCore_IDE/tool-chain/ccore-elf/lib/gcc/mcore-elf/4.6.0/c0_div\libgcc.a(_div_df.o)
 .debug_loc     0x0000411a       0x9f C:\CCore_IDE/tool-chain/ccore-elf/lib/gcc/mcore-elf/4.6.0/c0_div\libgcc.a(_df_to_si.o)
 .debug_loc     0x000041b9      0x166 C:\CCore_IDE/tool-chain/ccore-elf/lib/gcc/mcore-elf/4.6.0/c0_div\libgcc.a(_usi_to_df.o)
 .debug_loc     0x0000431f       0x73 C:\CCore_IDE/tool-chain/ccore-elf/lib/gcc/mcore-elf/4.6.0/c0_div\libgcc.a(_clzsi2.o)
 .debug_loc     0x00004392      0x1f2 C:\CCore_IDE/tool-chain/ccore-elf/lib/gcc/mcore-elf/4.6.0/c0_div\libgcc.a(_pack_df.o)
 .debug_loc     0x00004584      0x141 C:\CCore_IDE/tool-chain/ccore-elf/lib/gcc/mcore-elf/4.6.0/c0_div\libgcc.a(_unpack_df.o)
 .debug_loc     0x000046c5       0x4a C:\CCore_IDE/tool-chain/ccore-elf/lib/gcc/mcore-elf/4.6.0/c0_div\libgcc.a(_fpcmp_parts_df.o)
 .debug_loc     0x0000470f       0xaf C:\CCore_IDE/tool-chain/ccore-elf/lib/gcc/mcore-elf/4.6.0/c0_div\libgcc.a(_lshrdi3.o)
 .debug_loc     0x000047be       0xaf C:\CCore_IDE/tool-chain/ccore-elf/lib/gcc/mcore-elf/4.6.0/c0_div\libgcc.a(_ashldi3.o)
 .debug_loc     0x0000486d      0x209 C:\CCore_IDE/tool-chain/ccore-elf/mcore-elf/lib/c0_div\libc.a(lib_a-memset.o)
 .debug_loc     0x00004a76       0xb2 C:\CCore_IDE/tool-chain/ccore-elf/mcore-elf/lib/c0_div\libc.a(lib_a-strlen.o)
 .debug_loc     0x00004b28      0x123 C:\CCore_IDE/tool-chain/ccore-elf/mcore-elf/lib/c0_div\libc.a(lib_a-vsprintf.o)
 .debug_loc     0x00004c4b     0x30bb C:\CCore_IDE/tool-chain/ccore-elf/mcore-elf/lib/c0_div\libc.a(lib_a-svfprintf.o)
 .debug_loc     0x00007d06     0x1fbd C:\CCore_IDE/tool-chain/ccore-elf/mcore-elf/lib/c0_div\libc.a(lib_a-dtoa.o)
 .debug_loc     0x00009cc3      0x102 C:\CCore_IDE/tool-chain/ccore-elf/mcore-elf/lib/c0_div\libc.a(lib_a-locale.o)
 .debug_loc     0x00009dc5      0xadc C:\CCore_IDE/tool-chain/ccore-elf/mcore-elf/lib/c0_div\libc.a(lib_a-mallocr.o)
 .debug_loc     0x0000a8a1       0xf8 C:\CCore_IDE/tool-chain/ccore-elf/mcore-elf/lib/c0_div\libc.a(lib_a-memchr.o)
 .debug_loc     0x0000a999     0x1b4b C:\CCore_IDE/tool-chain/ccore-elf/mcore-elf/lib/c0_div\libc.a(lib_a-mprec.o)
 .debug_loc     0x0000c4e4       0xe8 C:\CCore_IDE/tool-chain/ccore-elf/mcore-elf/lib/c0_div\libc.a(lib_a-s_fpclassify.o)
 .debug_loc     0x0000c5cc       0x80 C:\CCore_IDE/tool-chain/ccore-elf/mcore-elf/lib/c0_div\libc.a(lib_a-sbrkr.o)
 .debug_loc     0x0000c64c       0xc0 C:\CCore_IDE/tool-chain/ccore-elf/mcore-elf/lib/c0_div\libc.a(lib_a-strcmp.o)
 .debug_loc     0x0000c70c     0x1613 C:\CCore_IDE/tool-chain/ccore-elf/mcore-elf/lib/c0_div\libc.a(lib_a-svfiprintf.o)
 .debug_loc     0x0000dd1f      0x2b8 C:\CCore_IDE/tool-chain/ccore-elf/mcore-elf/lib/c0_div\libc.a(lib_a-callocr.o)
 .debug_loc     0x0000dfd7      0x44e C:\CCore_IDE/tool-chain/ccore-elf/mcore-elf/lib/c0_div\libc.a(lib_a-freer.o)
 .debug_loc     0x0000e425      0x221 C:\CCore_IDE/tool-chain/ccore-elf/mcore-elf/lib/c0_div\libc.a(lib_a-memmove.o)
 .debug_loc     0x0000e646     0x12bc C:\CCore_IDE/tool-chain/ccore-elf/mcore-elf/lib/c0_div\libc.a(lib_a-reallocr.o)
 .debug_loc     0x0000f902      0x224 C:\CCore_IDE/tool-chain/ccore-elf/mcore-elf/lib/c0_div\libc.a(lib_a-reent.o)
 .debug_loc     0x0000fb26       0x74 C:\CCore_IDE/tool-chain/ccore-elf/mcore-elf/lib/c0_div\libcmb.a(sbrk.o)
 .debug_loc     0x0000fb9a       0xa5 C:\CCore_IDE/tool-chain/ccore-elf/mcore-elf/lib/c0_div\libcmb.a(write.o)
 .debug_loc     0x0000fc3f      0x2ec C:\CCore_IDE\ccore-eclipse\workspace\A5(ET300)_CommonDemo\src\drv\lib\libalg.a(sm3.o)
 .debug_loc     0x0000ff2b      0x878 C:\CCore_IDE\ccore-eclipse\workspace\A5(ET300)_CommonDemo\src\drv\lib\libsd.a(sd_drv.o)
 .debug_loc     0x000107a3      0x4a7 C:\CCore_IDE/tool-chain/ccore-elf/lib/gcc/mcore-elf/4.6.0/c0_div\libgcc.a(_mul_df.o)
 .debug_loc     0x00010c4a       0x80 C:\CCore_IDE/tool-chain/ccore-elf/lib/gcc/mcore-elf/4.6.0/c0_div\libgcc.a(_eq_df.o)
 .debug_loc     0x00010cca       0x80 C:\CCore_IDE/tool-chain/ccore-elf/lib/gcc/mcore-elf/4.6.0/c0_div\libgcc.a(_ne_df.o)
 .debug_loc     0x00010d4a       0x80 C:\CCore_IDE/tool-chain/ccore-elf/lib/gcc/mcore-elf/4.6.0/c0_div\libgcc.a(_gt_df.o)
 .debug_loc     0x00010dca       0x80 C:\CCore_IDE/tool-chain/ccore-elf/lib/gcc/mcore-elf/4.6.0/c0_div\libgcc.a(_lt_df.o)
 .debug_loc     0x00010e4a       0x80 C:\CCore_IDE/tool-chain/ccore-elf/lib/gcc/mcore-elf/4.6.0/c0_div\libgcc.a(_le_df.o)
 .debug_loc     0x00010eca       0xde C:\CCore_IDE/tool-chain/ccore-elf/lib/gcc/mcore-elf/4.6.0/c0_div\libgcc.a(_si_to_df.o)
 .debug_loc     0x00010fa8       0xe6 C:\CCore_IDE/tool-chain/ccore-elf/lib/gcc/mcore-elf/4.6.0/c0_div\libgcc.a(_muldi3.o)

.debug_aranges  0x00000000      0xfc8
 .debug_aranges
                0x00000000       0x20 ./src/drv/sd_drv/sd_config.o
 .debug_aranges
                0x00000020       0x50 ./src/drv/ccore/vector_rce.o
 .debug_aranges
                0x00000070       0x20 ./src/drv/analog_drv.o
 .debug_aranges
                0x00000090       0xd8 ./src/drv/cpm_drv.o
 .debug_aranges
                0x00000168       0x48 ./src/drv/dmac_drv.o
 .debug_aranges
                0x000001b0       0x78 ./src/drv/edmac_drv.o
 .debug_aranges
                0x00000228       0x60 ./src/drv/eflash_drv.o
 .debug_aranges
                0x00000288       0xa8 ./src/drv/eport_drv.o
 .debug_aranges
                0x00000330       0x38 ./src/drv/ept_drv.o
 .debug_aranges
                0x00000368       0x90 ./src/drv/i2c_drv.o
 .debug_aranges
                0x000003f8       0x28 ./src/drv/int_drv.o
 .debug_aranges
                0x00000420       0x70 ./src/drv/lowpower_drv.o
 .debug_aranges
                0x00000490       0x58 ./src/drv/pit_drv.o
 .debug_aranges
                0x000004e8       0x68 ./src/drv/sci_drv.o
 .debug_aranges
                0x00000550       0x48 ./src/drv/tc_drv.o
 .debug_aranges
                0x00000598       0xc0 ./src/drv/usi_drv.o
 .debug_aranges
                0x00000658       0x48 ./src/drv/wdt_drv.o
 .debug_aranges
                0x000006a0       0x50 ./src/common/common.o
 .debug_aranges
                0x000006f0       0x28 ./src/common/debug.o
 .debug_aranges
                0x00000718       0xc0 ./src/api/alg_api.o
 .debug_aranges
                0x000007d8       0x40 ./src/api/cpm_api.o
 .debug_aranges
                0x00000818       0x50 ./src/api/eflash_api.o
 .debug_aranges
                0x00000868       0x48 ./src/main_demo.o
 .debug_aranges
                0x000008b0       0x20 ./src/re_sci_dev.o
 .debug_aranges
                0x000008d0       0x20 C:\CCore_IDE/tool-chain/ccore-elf/lib/gcc/mcore-elf/4.6.0/c0_div\libgcc.a(_addsub_df.o)
 .debug_aranges
                0x000008f0       0x20 C:\CCore_IDE/tool-chain/ccore-elf/lib/gcc/mcore-elf/4.6.0/c0_div\libgcc.a(_div_df.o)
 .debug_aranges
                0x00000910       0x20 C:\CCore_IDE/tool-chain/ccore-elf/lib/gcc/mcore-elf/4.6.0/c0_div\libgcc.a(_df_to_si.o)
 .debug_aranges
                0x00000930       0x20 C:\CCore_IDE/tool-chain/ccore-elf/lib/gcc/mcore-elf/4.6.0/c0_div\libgcc.a(_usi_to_df.o)
 .debug_aranges
                0x00000950       0x20 C:\CCore_IDE/tool-chain/ccore-elf/lib/gcc/mcore-elf/4.6.0/c0_div\libgcc.a(_clzsi2.o)
 .debug_aranges
                0x00000970       0x20 C:\CCore_IDE/tool-chain/ccore-elf/lib/gcc/mcore-elf/4.6.0/c0_div\libgcc.a(_pack_df.o)
 .debug_aranges
                0x00000990       0x20 C:\CCore_IDE/tool-chain/ccore-elf/lib/gcc/mcore-elf/4.6.0/c0_div\libgcc.a(_unpack_df.o)
 .debug_aranges
                0x000009b0       0x20 C:\CCore_IDE/tool-chain/ccore-elf/lib/gcc/mcore-elf/4.6.0/c0_div\libgcc.a(_fpcmp_parts_df.o)
 .debug_aranges
                0x000009d0       0x20 C:\CCore_IDE/tool-chain/ccore-elf/lib/gcc/mcore-elf/4.6.0/c0_div\libgcc.a(_lshrdi3.o)
 .debug_aranges
                0x000009f0       0x20 C:\CCore_IDE/tool-chain/ccore-elf/lib/gcc/mcore-elf/4.6.0/c0_div\libgcc.a(_ashldi3.o)
 .debug_aranges
                0x00000a10       0x20 C:\CCore_IDE/tool-chain/ccore-elf/mcore-elf/lib/c0_div\libc.a(lib_a-memset.o)
 .debug_aranges
                0x00000a30       0x20 C:\CCore_IDE/tool-chain/ccore-elf/mcore-elf/lib/c0_div\libc.a(lib_a-strlen.o)
 .debug_aranges
                0x00000a50       0x20 C:\CCore_IDE/tool-chain/ccore-elf/mcore-elf/lib/c0_div\libc.a(lib_a-vsprintf.o)
 .debug_aranges
                0x00000a70       0x20 C:\CCore_IDE/tool-chain/ccore-elf/mcore-elf/lib/c0_div\libc.a(lib_a-svfprintf.o)
 .debug_aranges
                0x00000a90       0x20 C:\CCore_IDE/tool-chain/ccore-elf/mcore-elf/lib/c0_div\libc.a(lib_a-dtoa.o)
 .debug_aranges
                0x00000ab0       0x20 C:\CCore_IDE/tool-chain/ccore-elf/mcore-elf/lib/c0_div\libc.a(lib_a-locale.o)
 .debug_aranges
                0x00000ad0       0x20 C:\CCore_IDE/tool-chain/ccore-elf/mcore-elf/lib/c0_div\libc.a(lib_a-mallocr.o)
 .debug_aranges
                0x00000af0       0x20 C:\CCore_IDE/tool-chain/ccore-elf/mcore-elf/lib/c0_div\libc.a(lib_a-memchr.o)
 .debug_aranges
                0x00000b10       0x20 C:\CCore_IDE/tool-chain/ccore-elf/mcore-elf/lib/c0_div\libc.a(lib_a-mlock.o)
 .debug_aranges
                0x00000b30       0x20 C:\CCore_IDE/tool-chain/ccore-elf/mcore-elf/lib/c0_div\libc.a(lib_a-mprec.o)
 .debug_aranges
                0x00000b50       0x20 C:\CCore_IDE/tool-chain/ccore-elf/mcore-elf/lib/c0_div\libc.a(lib_a-s_fpclassify.o)
 .debug_aranges
                0x00000b70       0x20 C:\CCore_IDE/tool-chain/ccore-elf/mcore-elf/lib/c0_div\libc.a(lib_a-sbrkr.o)
 .debug_aranges
                0x00000b90       0x20 C:\CCore_IDE/tool-chain/ccore-elf/mcore-elf/lib/c0_div\libc.a(lib_a-strcmp.o)
 .debug_aranges
                0x00000bb0       0x20 C:\CCore_IDE/tool-chain/ccore-elf/mcore-elf/lib/c0_div\libc.a(lib_a-svfiprintf.o)
 .debug_aranges
                0x00000bd0       0x20 C:\CCore_IDE/tool-chain/ccore-elf/mcore-elf/lib/c0_div\libc.a(lib_a-callocr.o)
 .debug_aranges
                0x00000bf0       0x20 C:\CCore_IDE/tool-chain/ccore-elf/mcore-elf/lib/c0_div\libc.a(lib_a-freer.o)
 .debug_aranges
                0x00000c10       0x20 C:\CCore_IDE/tool-chain/ccore-elf/mcore-elf/lib/c0_div\libc.a(lib_a-memmove.o)
 .debug_aranges
                0x00000c30       0x20 C:\CCore_IDE/tool-chain/ccore-elf/mcore-elf/lib/c0_div\libc.a(lib_a-reallocr.o)
 .debug_aranges
                0x00000c50       0x20 C:\CCore_IDE/tool-chain/ccore-elf/mcore-elf/lib/c0_div\libc.a(lib_a-reent.o)
 .debug_aranges
                0x00000c70       0x20 C:\CCore_IDE/tool-chain/ccore-elf/mcore-elf/lib/c0_div\libcmb.a(sbrk.o)
 .debug_aranges
                0x00000c90       0x20 C:\CCore_IDE/tool-chain/ccore-elf/mcore-elf/lib/c0_div\libcmb.a(write.o)
 .debug_aranges
                0x00000cb0       0x20 C:\CCore_IDE/tool-chain/ccore-elf/mcore-elf/lib/c0_div\libcmb.a(cmb-outbyte.o)
 .debug_aranges
                0x00000cd0       0x70 C:\CCore_IDE\ccore-eclipse\workspace\A5(ET300)_CommonDemo\src\drv\lib\libalg.a(sm3.o)
 .debug_aranges
                0x00000d40      0x188 C:\CCore_IDE\ccore-eclipse\workspace\A5(ET300)_CommonDemo\src\drv\lib\libsd.a(sd_drv.o)
 .debug_aranges
                0x00000ec8       0x20 C:\CCore_IDE/tool-chain/ccore-elf/lib/gcc/mcore-elf/4.6.0/c0_div\libgcc.a(_mul_df.o)
 .debug_aranges
                0x00000ee8       0x20 C:\CCore_IDE/tool-chain/ccore-elf/lib/gcc/mcore-elf/4.6.0/c0_div\libgcc.a(_eq_df.o)
 .debug_aranges
                0x00000f08       0x20 C:\CCore_IDE/tool-chain/ccore-elf/lib/gcc/mcore-elf/4.6.0/c0_div\libgcc.a(_ne_df.o)
 .debug_aranges
                0x00000f28       0x20 C:\CCore_IDE/tool-chain/ccore-elf/lib/gcc/mcore-elf/4.6.0/c0_div\libgcc.a(_gt_df.o)
 .debug_aranges
                0x00000f48       0x20 C:\CCore_IDE/tool-chain/ccore-elf/lib/gcc/mcore-elf/4.6.0/c0_div\libgcc.a(_lt_df.o)
 .debug_aranges
                0x00000f68       0x20 C:\CCore_IDE/tool-chain/ccore-elf/lib/gcc/mcore-elf/4.6.0/c0_div\libgcc.a(_le_df.o)
 .debug_aranges
                0x00000f88       0x20 C:\CCore_IDE/tool-chain/ccore-elf/lib/gcc/mcore-elf/4.6.0/c0_div\libgcc.a(_si_to_df.o)
 .debug_aranges
                0x00000fa8       0x20 C:\CCore_IDE/tool-chain/ccore-elf/lib/gcc/mcore-elf/4.6.0/c0_div\libgcc.a(_muldi3.o)

.debug_ranges   0x00000000      0xec0
 .debug_ranges  0x00000000       0x10 ./src/drv/sd_drv/sd_config.o
 .debug_ranges  0x00000010       0x40 ./src/drv/ccore/vector_rce.o
 .debug_ranges  0x00000050       0x10 ./src/drv/analog_drv.o
 .debug_ranges  0x00000060       0xc8 ./src/drv/cpm_drv.o
 .debug_ranges  0x00000128       0x38 ./src/drv/dmac_drv.o
 .debug_ranges  0x00000160       0x68 ./src/drv/edmac_drv.o
 .debug_ranges  0x000001c8       0x50 ./src/drv/eflash_drv.o
 .debug_ranges  0x00000218       0x98 ./src/drv/eport_drv.o
 .debug_ranges  0x000002b0       0x28 ./src/drv/ept_drv.o
 .debug_ranges  0x000002d8       0x80 ./src/drv/i2c_drv.o
 .debug_ranges  0x00000358       0x18 ./src/drv/int_drv.o
 .debug_ranges  0x00000370       0x60 ./src/drv/lowpower_drv.o
 .debug_ranges  0x000003d0       0x48 ./src/drv/pit_drv.o
 .debug_ranges  0x00000418       0x58 ./src/drv/sci_drv.o
 .debug_ranges  0x00000470       0x38 ./src/drv/tc_drv.o
 .debug_ranges  0x000004a8       0xb0 ./src/drv/usi_drv.o
 .debug_ranges  0x00000558       0x38 ./src/drv/wdt_drv.o
 .debug_ranges  0x00000590       0x40 ./src/common/common.o
 .debug_ranges  0x000005d0       0x18 ./src/common/debug.o
 .debug_ranges  0x000005e8       0xb0 ./src/api/alg_api.o
 .debug_ranges  0x00000698       0x30 ./src/api/cpm_api.o
 .debug_ranges  0x000006c8       0x40 ./src/api/eflash_api.o
 .debug_ranges  0x00000708       0x38 ./src/main_demo.o
 .debug_ranges  0x00000740       0x10 ./src/re_sci_dev.o
 .debug_ranges  0x00000750       0x30 C:\CCore_IDE/tool-chain/ccore-elf/lib/gcc/mcore-elf/4.6.0/c0_div\libgcc.a(_addsub_df.o)
 .debug_ranges  0x00000780       0x58 C:\CCore_IDE/tool-chain/ccore-elf/lib/gcc/mcore-elf/4.6.0/c0_div\libgcc.a(_div_df.o)
 .debug_ranges  0x000007d8       0x38 C:\CCore_IDE/tool-chain/ccore-elf/lib/gcc/mcore-elf/4.6.0/c0_div\libgcc.a(_usi_to_df.o)
 .debug_ranges  0x00000810       0x20 C:\CCore_IDE/tool-chain/ccore-elf/lib/gcc/mcore-elf/4.6.0/c0_div\libgcc.a(_clzsi2.o)
 .debug_ranges  0x00000830       0x18 C:\CCore_IDE/tool-chain/ccore-elf/lib/gcc/mcore-elf/4.6.0/c0_div\libgcc.a(_pack_df.o)
 .debug_ranges  0x00000848      0x170 C:\CCore_IDE/tool-chain/ccore-elf/mcore-elf/lib/c0_div\libc.a(lib_a-svfprintf.o)
 .debug_ranges  0x000009b8       0x70 C:\CCore_IDE/tool-chain/ccore-elf/mcore-elf/lib/c0_div\libc.a(lib_a-mallocr.o)
 .debug_ranges  0x00000a28       0x20 C:\CCore_IDE/tool-chain/ccore-elf/mcore-elf/lib/c0_div\libc.a(lib_a-mprec.o)
 .debug_ranges  0x00000a48       0x40 C:\CCore_IDE/tool-chain/ccore-elf/mcore-elf/lib/c0_div\libc.a(lib_a-svfiprintf.o)
 .debug_ranges  0x00000a88       0x48 C:\CCore_IDE/tool-chain/ccore-elf/mcore-elf/lib/c0_div\libc.a(lib_a-callocr.o)
 .debug_ranges  0x00000ad0      0x140 C:\CCore_IDE/tool-chain/ccore-elf/mcore-elf/lib/c0_div\libc.a(lib_a-reallocr.o)
 .debug_ranges  0x00000c10       0x60 C:\CCore_IDE\ccore-eclipse\workspace\A5(ET300)_CommonDemo\src\drv\lib\libalg.a(sm3.o)
 .debug_ranges  0x00000c70      0x1d8 C:\CCore_IDE\ccore-eclipse\workspace\A5(ET300)_CommonDemo\src\drv\lib\libsd.a(sd_drv.o)
 .debug_ranges  0x00000e48       0x78 C:\CCore_IDE/tool-chain/ccore-elf/lib/gcc/mcore-elf/4.6.0/c0_div\libgcc.a(_mul_df.o)

.debug_line     0x00000000    0x1062b
 .debug_line    0x00000000      0x213 ./src/drv/sd_drv/sd_config.o
 .debug_line    0x00000213      0x163 ./src/drv/ccore/vector_rce.o
 .debug_line    0x00000376       0x47 ./src/drv/ccore/vector_table.o
 .debug_line    0x000003bd      0x185 ./src/drv/analog_drv.o
 .debug_line    0x00000542      0x60d ./src/drv/cpm_drv.o
 .debug_line    0x00000b4f      0x8cb ./src/drv/dmac_drv.o
 .debug_line    0x0000141a      0xed3 ./src/drv/edmac_drv.o
 .debug_line    0x000022ed      0x26b ./src/drv/eflash_drv.o
 .debug_line    0x00002558      0x49d ./src/drv/eport_drv.o
 .debug_line    0x000029f5      0x16b ./src/drv/ept_drv.o
 .debug_line    0x00002b60      0x929 ./src/drv/i2c_drv.o
 .debug_line    0x00003489      0x104 ./src/drv/int_drv.o
 .debug_line    0x0000358d      0x403 ./src/drv/lowpower_drv.o
 .debug_line    0x00003990      0x37f ./src/drv/pit_drv.o
 .debug_line    0x00003d0f      0x3d8 ./src/drv/sci_drv.o
 .debug_line    0x000040e7      0x215 ./src/drv/tc_drv.o
 .debug_line    0x000042fc      0x8b1 ./src/drv/usi_drv.o
 .debug_line    0x00004bad      0x15c ./src/drv/wdt_drv.o
 .debug_line    0x00004d09      0x27a ./src/common/common.o
 .debug_line    0x00004f83      0x152 ./src/common/debug.o
 .debug_line    0x000050d5     0x1281 ./src/api/alg_api.o
 .debug_line    0x00006356      0x1da ./src/api/cpm_api.o
 .debug_line    0x00006530      0x1e7 ./src/api/eflash_api.o
 .debug_line    0x00006717      0x842 ./src/main_demo.o
 .debug_line    0x00006f59      0x12a ./src/re_sci_dev.o
 .debug_line    0x00007083      0x31c C:\CCore_IDE/tool-chain/ccore-elf/lib/gcc/mcore-elf/4.6.0/c0_div\libgcc.a(_addsub_df.o)
 .debug_line    0x0000739f      0x21f C:\CCore_IDE/tool-chain/ccore-elf/lib/gcc/mcore-elf/4.6.0/c0_div\libgcc.a(_div_df.o)
 .debug_line    0x000075be      0x117 C:\CCore_IDE/tool-chain/ccore-elf/lib/gcc/mcore-elf/4.6.0/c0_div\libgcc.a(_df_to_si.o)
 .debug_line    0x000076d5       0x7c C:\CCore_IDE/tool-chain/ccore-elf/lib/gcc/mcore-elf/4.6.0/c0_div\libgcc.a(_thenan_df.o)
 .debug_line    0x00007751      0x161 C:\CCore_IDE/tool-chain/ccore-elf/lib/gcc/mcore-elf/4.6.0/c0_div\libgcc.a(_usi_to_df.o)
 .debug_line    0x000078b2       0xc9 C:\CCore_IDE/tool-chain/ccore-elf/lib/gcc/mcore-elf/4.6.0/c0_div\libgcc.a(_clzsi2.o)
 .debug_line    0x0000797b      0x1d6 C:\CCore_IDE/tool-chain/ccore-elf/lib/gcc/mcore-elf/4.6.0/c0_div\libgcc.a(_pack_df.o)
 .debug_line    0x00007b51      0x169 C:\CCore_IDE/tool-chain/ccore-elf/lib/gcc/mcore-elf/4.6.0/c0_div\libgcc.a(_unpack_df.o)
 .debug_line    0x00007cba      0x19b C:\CCore_IDE/tool-chain/ccore-elf/lib/gcc/mcore-elf/4.6.0/c0_div\libgcc.a(_fpcmp_parts_df.o)
 .debug_line    0x00007e55       0xcd C:\CCore_IDE/tool-chain/ccore-elf/lib/gcc/mcore-elf/4.6.0/c0_div\libgcc.a(_lshrdi3.o)
 .debug_line    0x00007f22       0xcd C:\CCore_IDE/tool-chain/ccore-elf/lib/gcc/mcore-elf/4.6.0/c0_div\libgcc.a(_ashldi3.o)
 .debug_line    0x00007fef       0x68 C:\CCore_IDE/tool-chain/ccore-elf/lib/gcc/mcore-elf/4.6.0/c0_div\libgcc.a(_clz.o)
 .debug_line    0x00008057      0x23a C:\CCore_IDE/tool-chain/ccore-elf/mcore-elf/lib/c0_div\libc.a(lib_a-memset.o)
 .debug_line    0x00008291      0x1c8 C:\CCore_IDE/tool-chain/ccore-elf/mcore-elf/lib/c0_div\libc.a(lib_a-strlen.o)
 .debug_line    0x00008459      0x1e8 C:\CCore_IDE/tool-chain/ccore-elf/mcore-elf/lib/c0_div\libc.a(lib_a-vsprintf.o)
 .debug_line    0x00008641      0x11a C:\CCore_IDE/tool-chain/ccore-elf/mcore-elf/lib/c0_div\libc.a(lib_a-impure.o)
 .debug_line    0x0000875b     0x13a2 C:\CCore_IDE/tool-chain/ccore-elf/mcore-elf/lib/c0_div\libc.a(lib_a-svfprintf.o)
 .debug_line    0x00009afd     0x1030 C:\CCore_IDE/tool-chain/ccore-elf/mcore-elf/lib/c0_div\libc.a(lib_a-dtoa.o)
 .debug_line    0x0000ab2d      0x257 C:\CCore_IDE/tool-chain/ccore-elf/mcore-elf/lib/c0_div\libc.a(lib_a-locale.o)
 .debug_line    0x0000ad84      0x745 C:\CCore_IDE/tool-chain/ccore-elf/mcore-elf/lib/c0_div\libc.a(lib_a-mallocr.o)
 .debug_line    0x0000b4c9      0x1f2 C:\CCore_IDE/tool-chain/ccore-elf/mcore-elf/lib/c0_div\libc.a(lib_a-memchr.o)
 .debug_line    0x0000b6bb      0x13a C:\CCore_IDE/tool-chain/ccore-elf/mcore-elf/lib/c0_div\libc.a(lib_a-mlock.o)
 .debug_line    0x0000b7f5      0xe72 C:\CCore_IDE/tool-chain/ccore-elf/mcore-elf/lib/c0_div\libc.a(lib_a-mprec.o)
 .debug_line    0x0000c667      0x1f7 C:\CCore_IDE/tool-chain/ccore-elf/mcore-elf/lib/c0_div\libc.a(lib_a-s_fpclassify.o)
 .debug_line    0x0000c85e      0x1b7 C:\CCore_IDE/tool-chain/ccore-elf/mcore-elf/lib/c0_div\libc.a(lib_a-sbrkr.o)
 .debug_line    0x0000ca15      0x177 C:\CCore_IDE/tool-chain/ccore-elf/mcore-elf/lib/c0_div\libc.a(lib_a-strcmp.o)
 .debug_line    0x0000cb8c      0xc4f C:\CCore_IDE/tool-chain/ccore-elf/mcore-elf/lib/c0_div\libc.a(lib_a-svfiprintf.o)
 .debug_line    0x0000d7db      0x19f C:\CCore_IDE/tool-chain/ccore-elf/mcore-elf/lib/c0_div\libc.a(lib_a-callocr.o)
 .debug_line    0x0000d97a      0x3fa C:\CCore_IDE/tool-chain/ccore-elf/mcore-elf/lib/c0_div\libc.a(lib_a-freer.o)
 .debug_line    0x0000dd74      0x206 C:\CCore_IDE/tool-chain/ccore-elf/mcore-elf/lib/c0_div\libc.a(lib_a-memmove.o)
 .debug_line    0x0000df7a      0x502 C:\CCore_IDE/tool-chain/ccore-elf/mcore-elf/lib/c0_div\libc.a(lib_a-reallocr.o)
 .debug_line    0x0000e47c      0x275 C:\CCore_IDE/tool-chain/ccore-elf/mcore-elf/lib/c0_div\libc.a(lib_a-reent.o)
 .debug_line    0x0000e6f1      0x190 C:\CCore_IDE/tool-chain/ccore-elf/mcore-elf/lib/c0_div\libcmb.a(sbrk.o)
 .debug_line    0x0000e881       0xa3 C:\CCore_IDE/tool-chain/ccore-elf/mcore-elf/lib/c0_div\libcmb.a(write.o)
 .debug_line    0x0000e924       0xa1 C:\CCore_IDE/tool-chain/ccore-elf/mcore-elf/lib/c0_div\libcmb.a(cmb-outbyte.o)
 .debug_line    0x0000e9c5      0x388 C:\CCore_IDE\ccore-eclipse\workspace\A5(ET300)_CommonDemo\src\drv\lib\libalg.a(sm3.o)
 .debug_line    0x0000ed4d     0x1020 C:\CCore_IDE\ccore-eclipse\workspace\A5(ET300)_CommonDemo\src\drv\lib\libsd.a(sd_drv.o)
 .debug_line    0x0000fd6d      0x2ed C:\CCore_IDE/tool-chain/ccore-elf/lib/gcc/mcore-elf/4.6.0/c0_div\libgcc.a(_mul_df.o)
 .debug_line    0x0001005a       0xc7 C:\CCore_IDE/tool-chain/ccore-elf/lib/gcc/mcore-elf/4.6.0/c0_div\libgcc.a(_eq_df.o)
 .debug_line    0x00010121       0xc7 C:\CCore_IDE/tool-chain/ccore-elf/lib/gcc/mcore-elf/4.6.0/c0_div\libgcc.a(_ne_df.o)
 .debug_line    0x000101e8       0xd7 C:\CCore_IDE/tool-chain/ccore-elf/lib/gcc/mcore-elf/4.6.0/c0_div\libgcc.a(_gt_df.o)
 .debug_line    0x000102bf       0xc7 C:\CCore_IDE/tool-chain/ccore-elf/lib/gcc/mcore-elf/4.6.0/c0_div\libgcc.a(_lt_df.o)
 .debug_line    0x00010386       0xc7 C:\CCore_IDE/tool-chain/ccore-elf/lib/gcc/mcore-elf/4.6.0/c0_div\libgcc.a(_le_df.o)
 .debug_line    0x0001044d      0x12b C:\CCore_IDE/tool-chain/ccore-elf/lib/gcc/mcore-elf/4.6.0/c0_div\libgcc.a(_si_to_df.o)
 .debug_line    0x00010578       0xb3 C:\CCore_IDE/tool-chain/ccore-elf/lib/gcc/mcore-elf/4.6.0/c0_div\libgcc.a(_muldi3.o)

.debug_str      0x00000000     0xc607
 .debug_str     0x00000000      0x151 ./src/drv/sd_drv/sd_config.o
 .debug_str     0x00000151      0x19f ./src/drv/ccore/vector_rce.o
 .debug_str     0x000002f0       0xeb ./src/drv/ccore/vector_table.o
 .debug_str     0x000003db      0x10c ./src/drv/analog_drv.o
 .debug_str     0x000004e7      0x357 ./src/drv/cpm_drv.o
 .debug_str     0x0000083e      0x4e2 ./src/drv/dmac_drv.o
 .debug_str     0x00000d20      0x43a ./src/drv/edmac_drv.o
 .debug_str     0x0000115a      0x2a1 ./src/drv/eflash_drv.o
 .debug_str     0x000013fb      0x2e6 ./src/drv/eport_drv.o
 .debug_str     0x000016e1      0x17c ./src/drv/ept_drv.o
 .debug_str     0x0000185d      0x3c7 ./src/drv/i2c_drv.o
 .debug_str     0x00001c24      0x158 ./src/drv/int_drv.o
 .debug_str     0x00001d7c      0x24a ./src/drv/lowpower_drv.o
 .debug_str     0x00001fc6      0x229 ./src/drv/pit_drv.o
 .debug_str     0x000021ef      0x224 ./src/drv/sci_drv.o
 .debug_str     0x00002413      0x1c8 ./src/drv/tc_drv.o
 .debug_str     0x000025db      0x3aa ./src/drv/usi_drv.o
 .debug_str     0x00002985      0x158 ./src/drv/wdt_drv.o
 .debug_str     0x00002add      0x196 ./src/common/common.o
 .debug_str     0x00002c73      0x15d ./src/common/debug.o
 .debug_str     0x00002dd0      0x804 ./src/api/alg_api.o
 .debug_str     0x000035d4      0x16e ./src/api/cpm_api.o
 .debug_str     0x00003742      0x206 ./src/api/eflash_api.o
 .debug_str     0x00003948      0x20c ./src/main_demo.o
 .debug_str     0x00003b54      0x14e ./src/re_sci_dev.o
 .debug_str     0x00003ca2      0x24a C:\CCore_IDE/tool-chain/ccore-elf/lib/gcc/mcore-elf/4.6.0/c0_div\libgcc.a(_addsub_df.o)
 .debug_str     0x00003eec      0x20c C:\CCore_IDE/tool-chain/ccore-elf/lib/gcc/mcore-elf/4.6.0/c0_div\libgcc.a(_div_df.o)
 .debug_str     0x000040f8      0x1da C:\CCore_IDE/tool-chain/ccore-elf/lib/gcc/mcore-elf/4.6.0/c0_div\libgcc.a(_df_to_si.o)
 .debug_str     0x000042d2      0x17b C:\CCore_IDE/tool-chain/ccore-elf/lib/gcc/mcore-elf/4.6.0/c0_div\libgcc.a(_thenan_df.o)
 .debug_str     0x0000444d      0x1bb C:\CCore_IDE/tool-chain/ccore-elf/lib/gcc/mcore-elf/4.6.0/c0_div\libgcc.a(_usi_to_df.o)
 .debug_str     0x00004608      0x15b C:\CCore_IDE/tool-chain/ccore-elf/lib/gcc/mcore-elf/4.6.0/c0_div\libgcc.a(_clzsi2.o)
 .debug_str     0x00004763      0x1d9 C:\CCore_IDE/tool-chain/ccore-elf/lib/gcc/mcore-elf/4.6.0/c0_div\libgcc.a(_pack_df.o)
 .debug_str     0x0000493c      0x1bb C:\CCore_IDE/tool-chain/ccore-elf/lib/gcc/mcore-elf/4.6.0/c0_div\libgcc.a(_unpack_df.o)
 .debug_str     0x00004af7      0x19e C:\CCore_IDE/tool-chain/ccore-elf/lib/gcc/mcore-elf/4.6.0/c0_div\libgcc.a(_fpcmp_parts_df.o)
 .debug_str     0x00004c95      0x17b C:\CCore_IDE/tool-chain/ccore-elf/lib/gcc/mcore-elf/4.6.0/c0_div\libgcc.a(_lshrdi3.o)
 .debug_str     0x00004e10      0x17b C:\CCore_IDE/tool-chain/ccore-elf/lib/gcc/mcore-elf/4.6.0/c0_div\libgcc.a(_ashldi3.o)
 .debug_str     0x00004f8b      0x13e C:\CCore_IDE/tool-chain/ccore-elf/lib/gcc/mcore-elf/4.6.0/c0_div\libgcc.a(_clz.o)
 .debug_str     0x000050c9      0x151 C:\CCore_IDE/tool-chain/ccore-elf/mcore-elf/lib/c0_div\libc.a(lib_a-memset.o)
 .debug_str     0x0000521a      0x150 C:\CCore_IDE/tool-chain/ccore-elf/mcore-elf/lib/c0_div\libc.a(lib_a-strlen.o)
 .debug_str     0x0000536a      0x53a C:\CCore_IDE/tool-chain/ccore-elf/mcore-elf/lib/c0_div\libc.a(lib_a-vsprintf.o)
 .debug_str     0x000058a4      0x507 C:\CCore_IDE/tool-chain/ccore-elf/mcore-elf/lib/c0_div\libc.a(lib_a-impure.o)
 .debug_str     0x00005dab      0x6d5 C:\CCore_IDE/tool-chain/ccore-elf/mcore-elf/lib/c0_div\libc.a(lib_a-svfprintf.o)
 .debug_str     0x00006480      0x5ee C:\CCore_IDE/tool-chain/ccore-elf/mcore-elf/lib/c0_div\libc.a(lib_a-dtoa.o)
 .debug_str     0x00006a6e      0x75d C:\CCore_IDE/tool-chain/ccore-elf/mcore-elf/lib/c0_div\libc.a(lib_a-locale.o)
 .debug_str     0x000071cb      0x6de C:\CCore_IDE/tool-chain/ccore-elf/mcore-elf/lib/c0_div\libc.a(lib_a-mallocr.o)
 .debug_str     0x000078a9      0x157 C:\CCore_IDE/tool-chain/ccore-elf/mcore-elf/lib/c0_div\libc.a(lib_a-memchr.o)
 .debug_str     0x00007a00      0x510 C:\CCore_IDE/tool-chain/ccore-elf/mcore-elf/lib/c0_div\libc.a(lib_a-mlock.o)
 .debug_str     0x00007f10      0x5fb C:\CCore_IDE/tool-chain/ccore-elf/mcore-elf/lib/c0_div\libc.a(lib_a-mprec.o)
 .debug_str     0x0000850b      0x18f C:\CCore_IDE/tool-chain/ccore-elf/mcore-elf/lib/c0_div\libc.a(lib_a-s_fpclassify.o)
 .debug_str     0x0000869a      0x4fe C:\CCore_IDE/tool-chain/ccore-elf/mcore-elf/lib/c0_div\libc.a(lib_a-sbrkr.o)
 .debug_str     0x00008b98      0x136 C:\CCore_IDE/tool-chain/ccore-elf/mcore-elf/lib/c0_div\libc.a(lib_a-strcmp.o)
 .debug_str     0x00008cce      0x648 C:\CCore_IDE/tool-chain/ccore-elf/mcore-elf/lib/c0_div\libc.a(lib_a-svfiprintf.o)
 .debug_str     0x00009316      0x52f C:\CCore_IDE/tool-chain/ccore-elf/mcore-elf/lib/c0_div\libc.a(lib_a-callocr.o)
 .debug_str     0x00009845      0x630 C:\CCore_IDE/tool-chain/ccore-elf/mcore-elf/lib/c0_div\libc.a(lib_a-freer.o)
 .debug_str     0x00009e75      0x170 C:\CCore_IDE/tool-chain/ccore-elf/mcore-elf/lib/c0_div\libc.a(lib_a-memmove.o)
 .debug_str     0x00009fe5      0x5b0 C:\CCore_IDE/tool-chain/ccore-elf/mcore-elf/lib/c0_div\libc.a(lib_a-reallocr.o)
 .debug_str     0x0000a595      0x52c C:\CCore_IDE/tool-chain/ccore-elf/mcore-elf/lib/c0_div\libc.a(lib_a-reent.o)
 .debug_str     0x0000aac1      0x164 C:\CCore_IDE/tool-chain/ccore-elf/mcore-elf/lib/c0_div\libcmb.a(sbrk.o)
 .debug_str     0x0000ac25       0xad C:\CCore_IDE/tool-chain/ccore-elf/mcore-elf/lib/c0_div\libcmb.a(write.o)
 .debug_str     0x0000acd2       0xad C:\CCore_IDE/tool-chain/ccore-elf/mcore-elf/lib/c0_div\libcmb.a(cmb-outbyte.o)
 .debug_str     0x0000ad7f      0x23d C:\CCore_IDE\ccore-eclipse\workspace\A5(ET300)_CommonDemo\src\drv\lib\libalg.a(sm3.o)
 .debug_str     0x0000afbc      0x7cd C:\CCore_IDE\ccore-eclipse\workspace\A5(ET300)_CommonDemo\src\drv\lib\libsd.a(sd_drv.o)
 .debug_str     0x0000b789      0x21c C:\CCore_IDE/tool-chain/ccore-elf/lib/gcc/mcore-elf/4.6.0/c0_div\libgcc.a(_mul_df.o)
 .debug_str     0x0000b9a5      0x1d2 C:\CCore_IDE/tool-chain/ccore-elf/lib/gcc/mcore-elf/4.6.0/c0_div\libgcc.a(_eq_df.o)
 .debug_str     0x0000bb77      0x1d2 C:\CCore_IDE/tool-chain/ccore-elf/lib/gcc/mcore-elf/4.6.0/c0_div\libgcc.a(_ne_df.o)
 .debug_str     0x0000bd49      0x1d2 C:\CCore_IDE/tool-chain/ccore-elf/lib/gcc/mcore-elf/4.6.0/c0_div\libgcc.a(_gt_df.o)
 .debug_str     0x0000bf1b      0x1d2 C:\CCore_IDE/tool-chain/ccore-elf/lib/gcc/mcore-elf/4.6.0/c0_div\libgcc.a(_lt_df.o)
 .debug_str     0x0000c0ed      0x1d2 C:\CCore_IDE/tool-chain/ccore-elf/lib/gcc/mcore-elf/4.6.0/c0_div\libgcc.a(_le_df.o)
 .debug_str     0x0000c2bf      0x1bf C:\CCore_IDE/tool-chain/ccore-elf/lib/gcc/mcore-elf/4.6.0/c0_div\libgcc.a(_si_to_df.o)
 .debug_str     0x0000c47e      0x189 C:\CCore_IDE/tool-chain/ccore-elf/lib/gcc/mcore-elf/4.6.0/c0_div\libgcc.a(_muldi3.o)

.comment        0x00000000       0x11
 .comment       0x00000000       0x11 ./src/drv/sd_drv/sd_config.o
                                 0x12 (size before relaxing)
 .comment       0x00000000       0x12 ./src/drv/ccore/vector_rce.o
 .comment       0x00000000       0x12 ./src/drv/ccore/vector_table.o
 .comment       0x00000000       0x12 ./src/drv/analog_drv.o
 .comment       0x00000000       0x12 ./src/drv/cpm_drv.o
 .comment       0x00000000       0x12 ./src/drv/dmac_drv.o
 .comment       0x00000000       0x12 ./src/drv/edmac_drv.o
 .comment       0x00000000       0x12 ./src/drv/eflash_drv.o
 .comment       0x00000000       0x12 ./src/drv/eport_drv.o
 .comment       0x00000000       0x12 ./src/drv/ept_drv.o
 .comment       0x00000000       0x12 ./src/drv/i2c_drv.o
 .comment       0x00000000       0x12 ./src/drv/int_drv.o
 .comment       0x00000000       0x12 ./src/drv/lowpower_drv.o
 .comment       0x00000000       0x12 ./src/drv/pit_drv.o
 .comment       0x00000000       0x12 ./src/drv/sci_drv.o
 .comment       0x00000000       0x12 ./src/drv/tc_drv.o
 .comment       0x00000000       0x12 ./src/drv/usi_drv.o
 .comment       0x00000000       0x12 ./src/drv/wdt_drv.o
 .comment       0x00000000       0x12 ./src/common/common.o
 .comment       0x00000000       0x12 ./src/common/debug.o
 .comment       0x00000000       0x12 ./src/api/alg_api.o
 .comment       0x00000000       0x12 ./src/api/cpm_api.o
 .comment       0x00000000       0x12 ./src/api/eflash_api.o
 .comment       0x00000000       0x12 ./src/main_demo.o
 .comment       0x00000000       0x12 ./src/re_sci_dev.o
 .comment       0x00000000       0x12 C:\CCore_IDE/tool-chain/ccore-elf/lib/gcc/mcore-elf/4.6.0/c0_div\libgcc.a(_addsub_df.o)
 .comment       0x00000000       0x12 C:\CCore_IDE/tool-chain/ccore-elf/lib/gcc/mcore-elf/4.6.0/c0_div\libgcc.a(_div_df.o)
 .comment       0x00000000       0x12 C:\CCore_IDE/tool-chain/ccore-elf/lib/gcc/mcore-elf/4.6.0/c0_div\libgcc.a(_df_to_si.o)
 .comment       0x00000000       0x12 C:\CCore_IDE/tool-chain/ccore-elf/lib/gcc/mcore-elf/4.6.0/c0_div\libgcc.a(_thenan_df.o)
 .comment       0x00000000       0x12 C:\CCore_IDE/tool-chain/ccore-elf/lib/gcc/mcore-elf/4.6.0/c0_div\libgcc.a(_usi_to_df.o)
 .comment       0x00000000       0x12 C:\CCore_IDE/tool-chain/ccore-elf/lib/gcc/mcore-elf/4.6.0/c0_div\libgcc.a(_clzsi2.o)
 .comment       0x00000000       0x12 C:\CCore_IDE/tool-chain/ccore-elf/lib/gcc/mcore-elf/4.6.0/c0_div\libgcc.a(_pack_df.o)
 .comment       0x00000000       0x12 C:\CCore_IDE/tool-chain/ccore-elf/lib/gcc/mcore-elf/4.6.0/c0_div\libgcc.a(_unpack_df.o)
 .comment       0x00000000       0x12 C:\CCore_IDE/tool-chain/ccore-elf/lib/gcc/mcore-elf/4.6.0/c0_div\libgcc.a(_fpcmp_parts_df.o)
 .comment       0x00000000       0x12 C:\CCore_IDE/tool-chain/ccore-elf/lib/gcc/mcore-elf/4.6.0/c0_div\libgcc.a(_lshrdi3.o)
 .comment       0x00000000       0x12 C:\CCore_IDE/tool-chain/ccore-elf/lib/gcc/mcore-elf/4.6.0/c0_div\libgcc.a(_ashldi3.o)
 .comment       0x00000000       0x12 C:\CCore_IDE/tool-chain/ccore-elf/lib/gcc/mcore-elf/4.6.0/c0_div\libgcc.a(_clz.o)
 .comment       0x00000000       0x12 C:\CCore_IDE/tool-chain/ccore-elf/mcore-elf/lib/c0_div\libc.a(lib_a-memset.o)
 .comment       0x00000000       0x12 C:\CCore_IDE/tool-chain/ccore-elf/mcore-elf/lib/c0_div\libc.a(lib_a-strlen.o)
 .comment       0x00000000       0x12 C:\CCore_IDE/tool-chain/ccore-elf/mcore-elf/lib/c0_div\libc.a(lib_a-vsprintf.o)
 .comment       0x00000000       0x12 C:\CCore_IDE/tool-chain/ccore-elf/mcore-elf/lib/c0_div\libc.a(lib_a-impure.o)
 .comment       0x00000000       0x12 C:\CCore_IDE/tool-chain/ccore-elf/mcore-elf/lib/c0_div\libc.a(lib_a-svfprintf.o)
 .comment       0x00000000       0x12 C:\CCore_IDE/tool-chain/ccore-elf/mcore-elf/lib/c0_div\libc.a(lib_a-dtoa.o)
 .comment       0x00000000       0x12 C:\CCore_IDE/tool-chain/ccore-elf/mcore-elf/lib/c0_div\libc.a(lib_a-locale.o)
 .comment       0x00000000       0x12 C:\CCore_IDE/tool-chain/ccore-elf/mcore-elf/lib/c0_div\libc.a(lib_a-mallocr.o)
 .comment       0x00000000       0x12 C:\CCore_IDE/tool-chain/ccore-elf/mcore-elf/lib/c0_div\libc.a(lib_a-memchr.o)
 .comment       0x00000000       0x12 C:\CCore_IDE/tool-chain/ccore-elf/mcore-elf/lib/c0_div\libc.a(lib_a-mlock.o)
 .comment       0x00000000       0x12 C:\CCore_IDE/tool-chain/ccore-elf/mcore-elf/lib/c0_div\libc.a(lib_a-mprec.o)
 .comment       0x00000000       0x12 C:\CCore_IDE/tool-chain/ccore-elf/mcore-elf/lib/c0_div\libc.a(lib_a-s_fpclassify.o)
 .comment       0x00000000       0x12 C:\CCore_IDE/tool-chain/ccore-elf/mcore-elf/lib/c0_div\libc.a(lib_a-sbrkr.o)
 .comment       0x00000000       0x12 C:\CCore_IDE/tool-chain/ccore-elf/mcore-elf/lib/c0_div\libc.a(lib_a-strcmp.o)
 .comment       0x00000000       0x12 C:\CCore_IDE/tool-chain/ccore-elf/mcore-elf/lib/c0_div\libc.a(lib_a-svfiprintf.o)
 .comment       0x00000000       0x12 C:\CCore_IDE/tool-chain/ccore-elf/mcore-elf/lib/c0_div\libc.a(lib_a-callocr.o)
 .comment       0x00000000       0x12 C:\CCore_IDE/tool-chain/ccore-elf/mcore-elf/lib/c0_div\libc.a(lib_a-freer.o)
 .comment       0x00000000       0x12 C:\CCore_IDE/tool-chain/ccore-elf/mcore-elf/lib/c0_div\libc.a(lib_a-memmove.o)
 .comment       0x00000000       0x12 C:\CCore_IDE/tool-chain/ccore-elf/mcore-elf/lib/c0_div\libc.a(lib_a-reallocr.o)
 .comment       0x00000000       0x12 C:\CCore_IDE/tool-chain/ccore-elf/mcore-elf/lib/c0_div\libc.a(lib_a-reent.o)
 .comment       0x00000000       0x12 C:\CCore_IDE/tool-chain/ccore-elf/mcore-elf/lib/c0_div\libcmb.a(sbrk.o)
 .comment       0x00000000       0x12 C:\CCore_IDE/tool-chain/ccore-elf/mcore-elf/lib/c0_div\libcmb.a(write.o)