Archive member included because of file (symbol)

C:\CCore_IDE/tool-chain/ccore-elf/lib/gcc/mcore-elf/4.6.0/c0_div\libgcc.a(_addsf3.o)
                              ./src/drv/pit_drv.o (__addsf3)
C:\CCore_IDE/tool-chain/ccore-elf/lib/gcc/mcore-elf/4.6.0/c0_div\libgcc.a(_mulsf3.o)
                              ./src/drv/pit_drv.o (__mulsf3)
C:\CCore_IDE/tool-chain/ccore-elf/lib/gcc/mcore-elf/4.6.0/c0_div\libgcc.a(_divsf3.o)
                              ./src/drv/pit_drv.o (__divsf3)
C:\CCore_IDE/tool-chain/ccore-elf/lib/gcc/mcore-elf/4.6.0/c0_div\libgcc.a(_fixunsdfsi.o)
                              ./src/drv/pit_drv.o (__fixunsdfsi)
C:\CCore_IDE/tool-chain/ccore-elf/lib/gcc/mcore-elf/4.6.0/c0_div\libgcc.a(_si_to_sf.o)
                              ./src/drv/pit_drv.o (__floatsisf)
C:\CCore_IDE/tool-chain/ccore-elf/lib/gcc/mcore-elf/4.6.0/c0_div\libgcc.a(_usi_to_sf.o)
                              ./src/drv/pit_drv.o (__floatunsisf)
C:\CCore_IDE/tool-chain/ccore-elf/lib/gcc/mcore-elf/4.6.0/c0_div\libgcc.a(_addsub_df.o)
                              C:\CCore_IDE/tool-chain/ccore-elf/lib/gcc/mcore-elf/4.6.0/c0_div\libgcc.a(_fixunsdfsi.o) (__subdf3)
C:\CCore_IDE/tool-chain/ccore-elf/lib/gcc/mcore-elf/4.6.0/c0_div\libgcc.a(_div_df.o)
                              ./src/drv/pit_drv.o (__divdf3)
C:\CCore_IDE/tool-chain/ccore-elf/lib/gcc/mcore-elf/4.6.0/c0_div\libgcc.a(_ge_df.o)
                              C:\CCore_IDE/tool-chain/ccore-elf/lib/gcc/mcore-elf/4.6.0/c0_div\libgcc.a(_fixunsdfsi.o) (__gedf2)
C:\CCore_IDE/tool-chain/ccore-elf/lib/gcc/mcore-elf/4.6.0/c0_div\libgcc.a(_df_to_si.o)
                              C:\CCore_IDE/tool-chain/ccore-elf/lib/gcc/mcore-elf/4.6.0/c0_div\libgcc.a(_fixunsdfsi.o) (__fixdfsi)
C:\CCore_IDE/tool-chain/ccore-elf/lib/gcc/mcore-elf/4.6.0/c0_div\libgcc.a(_thenan_df.o)
                              C:\CCore_IDE/tool-chain/ccore-elf/lib/gcc/mcore-elf/4.6.0/c0_div\libgcc.a(_addsub_df.o) (__thenan_df)
C:\CCore_IDE/tool-chain/ccore-elf/lib/gcc/mcore-elf/4.6.0/c0_div\libgcc.a(_usi_to_df.o)
                              ./src/drv/pit_drv.o (__floatunsidf)
C:\CCore_IDE/tool-chain/ccore-elf/lib/gcc/mcore-elf/4.6.0/c0_div\libgcc.a(_sfpFloatNormalize.o)
                              C:\CCore_IDE/tool-chain/ccore-elf/lib/gcc/mcore-elf/4.6.0/c0_div\libgcc.a(_addsf3.o) (__sfpFloatNormalize)
C:\CCore_IDE/tool-chain/ccore-elf/lib/gcc/mcore-elf/4.6.0/c0_div\libgcc.a(_clzsi2.o)
                              C:\CCore_IDE/tool-chain/ccore-elf/lib/gcc/mcore-elf/4.6.0/c0_div\libgcc.a(_si_to_sf.o) (__clzsi2)
C:\CCore_IDE/tool-chain/ccore-elf/lib/gcc/mcore-elf/4.6.0/c0_div\libgcc.a(_pack_sf.o)
                              C:\CCore_IDE/tool-chain/ccore-elf/lib/gcc/mcore-elf/4.6.0/c0_div\libgcc.a(_si_to_sf.o) (__pack_f)
C:\CCore_IDE/tool-chain/ccore-elf/lib/gcc/mcore-elf/4.6.0/c0_div\libgcc.a(_pack_df.o)
                              C:\CCore_IDE/tool-chain/ccore-elf/lib/gcc/mcore-elf/4.6.0/c0_div\libgcc.a(_addsub_df.o) (__pack_d)
C:\CCore_IDE/tool-chain/ccore-elf/lib/gcc/mcore-elf/4.6.0/c0_div\libgcc.a(_unpack_df.o)
                              C:\CCore_IDE/tool-chain/ccore-elf/lib/gcc/mcore-elf/4.6.0/c0_div\libgcc.a(_addsub_df.o) (__unpack_d)
C:\CCore_IDE/tool-chain/ccore-elf/lib/gcc/mcore-elf/4.6.0/c0_div\libgcc.a(_fpcmp_parts_df.o)
                              C:\CCore_IDE/tool-chain/ccore-elf/lib/gcc/mcore-elf/4.6.0/c0_div\libgcc.a(_ge_df.o) (__fpcmp_parts_d)
C:\CCore_IDE/tool-chain/ccore-elf/lib/gcc/mcore-elf/4.6.0/c0_div\libgcc.a(_lshrdi3.o)
                              C:\CCore_IDE/tool-chain/ccore-elf/lib/gcc/mcore-elf/4.6.0/c0_div\libgcc.a(_pack_df.o) (__lshrdi3)
C:\CCore_IDE/tool-chain/ccore-elf/lib/gcc/mcore-elf/4.6.0/c0_div\libgcc.a(_ashldi3.o)
                              C:\CCore_IDE/tool-chain/ccore-elf/lib/gcc/mcore-elf/4.6.0/c0_div\libgcc.a(_pack_df.o) (__ashldi3)
C:\CCore_IDE/tool-chain/ccore-elf/lib/gcc/mcore-elf/4.6.0/c0_div\libgcc.a(_clz.o)
                              C:\CCore_IDE/tool-chain/ccore-elf/lib/gcc/mcore-elf/4.6.0/c0_div\libgcc.a(_clzsi2.o) (__clz_tab)
C:\CCore_IDE/tool-chain/ccore-elf/mcore-elf/lib/c0_div\libc.a(lib_a-memset.o)
                              ./src/drv/ccore/vector_rce.o (memset)
C:\CCore_IDE/tool-chain/ccore-elf/mcore-elf/lib/c0_div\libc.a(lib_a-strlen.o)
                              ./src/common/debug.o (strlen)
C:\CCore_IDE/tool-chain/ccore-elf/mcore-elf/lib/c0_div\libc.a(lib_a-vsprintf.o)
                              ./src/common/debug.o (vsprintf)
C:\CCore_IDE/tool-chain/ccore-elf/mcore-elf/lib/c0_div\libc.a(lib_a-impure.o)
                              C:\CCore_IDE/tool-chain/ccore-elf/mcore-elf/lib/c0_div\libc.a(lib_a-vsprintf.o) (_impure_ptr)
C:\CCore_IDE/tool-chain/ccore-elf/mcore-elf/lib/c0_div\libc.a(lib_a-svfprintf.o)
                              C:\CCore_IDE/tool-chain/ccore-elf/mcore-elf/lib/c0_div\libc.a(lib_a-vsprintf.o) (_svfprintf_r)
C:\CCore_IDE/tool-chain/ccore-elf/mcore-elf/lib/c0_div\libc.a(lib_a-dtoa.o)
[...]
Memory Configuration

Name             Origin             Length             Attributes
rom              0x00000000         0x00010000
ram              0x00800000         0x00040000
ext_ram          0x80800000         0x00100000
eflash           0x00400000         0x00140000
*default*        0x00000000         0xffffffff

Linker script and memory map

                0x0083fffc                STACK_LOCATION = 0x83fffc

.text_entry     0x00400000      0x100
                0x00400000                VECTOR_LOCATION = .
 *vector_table.o(.rodata*)
 .rodata        0x00400000      0x100 ./src/drv/ccore/vector_table.o
                0x00400000                VecTable

.rodata         0x00400100     0x188c
 *(.rodata*)
 .rodata        0x00400100      0x420 ./src/drv/sd_drv/sd_config.o
                0x00400100                SD_dirData
                0x00400120                SD_MBR
                0x00400320                SD_DBR
 .rodata.str1.4
                0x00400520      0x146 ./src/drv/ccore/vector_rce.o
 *fill*         0x00400666        0x2 00
 .rodata.str1.4
                0x00400668      0x15f ./src/drv/analog_drv.o
 *fill*         0x004007c7        0x1 00
 .rodata.str1.4
                0x004007c8       0x52 ./src/drv/eport_drv.o
 *fill*         0x0040081a        0x2 00
 .rodata.str1.4
                0x0040081c        0xb ./src/drv/ept_drv.o
 *fill*         0x00400827        0x1 00
 .rodata.str1.4
                0x00400828       0x33 ./src/drv/lowpower_drv.o
 *fill*         0x0040085b        0x1 00
 .rodata        0x0040085c        0x8 ./src/drv/sci_drv.o
                0x0040085c                g_sci_baseaddr
 .rodata.str1.4
                0x00400864       0x19 ./src/drv/tc_drv.o
 *fill*         0x0040087d        0x3 00
 .rodata        0x00400880       0x33 ./src/drv/usi_drv.o
                0x00400880                g_usi_baseaddr
 *fill*         0x004008b3        0x1 00
 .rodata.str1.4
                0x004008b4       0x1c ./src/common/debug.o
 .rodata.str1.4
                0x004008d0      0x635 ./src/main_demo.o
 *fill*         0x00400f05        0x3 00
 .rodata        0x00400f08       0x58 ./src/main_demo.o
 .rodata        0x00400f60        0x8 C:\CCore_IDE/tool-chain/ccore-elf/lib/gcc/mcore-elf/4.6.0/c0_div\libgcc.a(_div_df.o)
 .rodata        0x00400f68       0x14 C:\CCore_IDE/tool-chain/ccore-elf/lib/gcc/mcore-elf/4.6.0/c0_div\libgcc.a(_thenan_df.o)
                0x00400f68                __thenan_df
 .rodata        0x00400f7c       0x18 C:\CCore_IDE/tool-chain/ccore-elf/lib/gcc/mcore-elf/4.6.0/c0_div\libgcc.a(_pack_df.o)
 .rodata        0x00400f94       0x18 C:\CCore_IDE/tool-chain/ccore-elf/lib/gcc/mcore-elf/4.6.0/c0_div\libgcc.a(_unpack_df.o)
 .rodata        0x00400fac      0x100 C:\CCore_IDE/tool-chain/ccore-elf/lib/gcc/mcore-elf/4.6.0/c0_div\libgcc.a(_clz.o)
                0x00400fac                __clz_tab
 .rodata.str1.4
                0x004010ac        0x2 C:\CCore_IDE/tool-chain/ccore-elf/mcore-elf/lib/c0_div\libc.a(lib_a-impure.o)
 *fill*         0x004010ae        0x2 00
 .rodata.str1.4
                0x004010b0       0x42 C:\CCore_IDE/tool-chain/ccore-elf/mcore-elf/lib/c0_div\libc.a(lib_a-svfprintf.o)
 *fill*         0x004010f2        0x2 00
 .rodata        0x004010f4      0x18c C:\CCore_IDE/tool-chain/ccore-elf/mcore-elf/lib/c0_div\libc.a(lib_a-svfprintf.o)
 .rodata.str1.4
                0x00401280       0x12 C:\CCore_IDE/tool-chain/ccore-elf/mcore-elf/lib/c0_div\libc.a(lib_a-dtoa.o)
 *fill*         0x00401292        0x2 00
 .rodata        0x00401294       0x50 C:\CCore_IDE/tool-chain/ccore-elf/mcore-elf/lib/c0_div\libc.a(lib_a-dtoa.o)
 .rodata.str1.4
                0x004012e4       0x12 C:\CCore_IDE/tool-chain/ccore-elf/mcore-elf/lib/c0_div\libc.a(lib_a-locale.o)
 *fill*         0x004012f6        0x2 00
 .rodata        0x004012f8      0x134 C:\CCore_IDE/tool-chain/ccore-elf/mcore-elf/lib/c0_div\libc.a(lib_a-mprec.o)
                0x00401308                __mprec_tinytens
                0x00401330                __mprec_bigtens
                0x00401358                __mprec_tens
 .rodata.str1.4
                0x0040142c       0x2f C:\CCore_IDE/tool-chain/ccore-elf/mcore-elf/lib/c0_div\libc.a(lib_a-svfiprintf.o)
 *fill*         0x0040145b        0x1 00
 .rodata        0x0040145c      0x184 C:\CCore_IDE/tool-chain/ccore-elf/mcore-elf/lib/c0_div\libc.a(lib_a-svfiprintf.o)
 .rodata.str1.4
                0x004015e0       0x1a C:\CCore_IDE/tool-chain/ccore-elf/mcore-elf/lib/c0_div\libcmb.a(sbrk.o)
 *fill*         0x004015fa        0x2 00
 .rodata        0x004015fc       0x54 C:\CCore_IDE\ccore-eclipse\workspace\A5(ET300)_CommonDemo\src\drv\lib\libalg.a(sm3.o)
 .rodata.str1.4
                0x00401650       0xe2 C:\CCore_IDE\ccore-eclipse\workspace\A5(ET300)_CommonDemo\src\drv\lib\libsd.a(sd_drv.o)
 *fill*         0x00401732        0x2 00
 .rodata        0x00401734      0x236 C:\CCore_IDE\ccore-eclipse\workspace\A5(ET300)_CommonDemo\src\drv\lib\libsd.a(sd_drv.o)
                0x00401734                cnst_sd_isr_rout_arry
 *fill*         0x0040196a        0x2 00
 .rodata        0x0040196c       0x18 C:\CCore_IDE/tool-chain/ccore-elf/lib/gcc/mcore-elf/4.6.0/c0_div\libgcc.a(_mul_df.o)
 .rodata        0x00401984        0x8 C:\CCore_IDE/tool-chain/ccore-elf/lib/gcc/mcore-elf/4.6.0/c0_div\libgcc.a(_si_to_df.o)

.text           0x00401990     0x8cc0
 *(.text*)
 .text.enum_realDisk_SD
                0x00401990      0x298 ./src/drv/sd_drv/sd_config.o
                0x00401990                enum_realDisk_SD
 *fill*         0x00401c28        0x8 bebe
 .text          0x00401c30       0x4c ./src/drv/ccore/crt0.o
                0x00401c30                __start
                0x00401c62                exit
 .text          0x00401c7c       0x4c ./src/drv/ccore/interrupt_support.o
                0x00401c7c                Read_PSR
                0x00401c80                Read_VBR
                0x00401c84                Write_PSR
                0x00401c88                Write_VBR
                0x00401c8c                Disable_Ints
                0x00401c96                Enable_Ints
                0x00401ca0                __memcpy
                0x00401cb4                memcpy
 .text.DummyHandler
                0x00401cc8       0x18 ./src/drv/ccore/vector_rce.o
                0x00401cc8                DummyHandler
 .text.Misaligned_Access
                0x00401ce0       0x18 ./src/drv/ccore/vector_rce.o
                0x00401ce0                Misaligned_Access
 .text.Access_Error
                0x00401cf8       0x18 ./src/drv/ccore/vector_rce.o
                0x00401cf8                Access_Error
 .text.Illegal_Instrn
                0x00401d10       0x18 ./src/drv/ccore/vector_rce.o
                0x00401d10                Illegal_Instrn
 .text.Breakpoint_Exception
                0x00401d28       0x18 ./src/drv/ccore/vector_rce.o
                0x00401d28                Breakpoint_Exception
 .text.Unrecoverable_Error
                0x00401d40       0x18 ./src/drv/ccore/vector_rce.o
                0x00401d40                Unrecoverable_Error
 .text.__main   0x00401d58       0x48 ./src/drv/ccore/vector_rce.o
                0x00401d58                __main
 .text.analog_isr
                0x00401da0      0x148 ./src/drv/analog_drv.o
                0x00401da0                analog_isr
 .text.cpm_sysclk_select
                0x00401ee8       0xa0 ./src/drv/cpm_drv.o
                0x00401ee8                cpm_sysclk_select
 .text.cpm_set_sysclk_div
                0x00401f88       0x48 ./src/drv/cpm_drv.o
                0x00401f88                cpm_set_sysclk_div
 .text.cpm_sysclk
                0x00401fd0       0x54 ./src/drv/cpm_drv.o
                0x00401fd0                cpm_sysclk
 .text.cpm_ipsclk
                0x00402024       0x50 ./src/drv/cpm_drv.o
                0x00402024                cpm_ipsclk
 .text.cpm_efmclk
                0x00402074       0x54 ./src/drv/cpm_drv.o
                0x00402074                cpm_efmclk
 .text.dmac_isr
                0x004020c8       0x40 ./src/drv/dmac_drv.o
                0x004020c8                dmac_isr
 .text.edmac_isr
                0x00402108       0x70 ./src/drv/edmac_drv.o
                0x00402108                edmac_isr
 .text.eflash_drv_init
                0x00402178       0x2c ./src/drv/eflash_drv.o
                0x00402178                eflash_drv_init
 .text.eflash_enable_main_write_access
                0x004021a4       0x18 ./src/drv/eflash_drv.o
                0x004021a4                eflash_enable_main_write_access
 .text.eport0_isr
                0x004021bc        0xc ./src/drv/eport_drv.o
                0x004021bc                eport0_isr
 .text.eport1_isr
                0x004021c8        0xc ./src/drv/eport_drv.o
                0x004021c8                eport1_isr
 .text.eport2_isr
                0x004021d4        0xc ./src/drv/eport_drv.o
                0x004021d4                eport2_isr
 .text.eport3_isr
                0x004021e0        0xc ./src/drv/eport_drv.o
                0x004021e0                eport3_isr
 .text.eport4_isr
                0x004021ec        0xc ./src/drv/eport_drv.o
                0x004021ec                eport4_isr
 .text.eport7_isr
                0x004021f8       0x24 ./src/drv/eport_drv.o
                0x004021f8                eport7_isr
 .text.eport6_isr
                0x0040221c       0x20 ./src/drv/eport_drv.o
                0x0040221c                eport6_isr
 .text.eport5_isr
                0x0040223c       0x20 ./src/drv/eport_drv.o
                0x0040223c                eport5_isr
 .text.ept_isr  0x0040225c       0x20 ./src/drv/ept_drv.o
                0x0040225c                ept_isr
 .text.i2c_s_isr
                0x0040227c       0xf4 ./src/drv/i2c_drv.o
                0x0040227c                i2c_s_isr
 .text.read_vec
                0x00402370       0x10 ./src/drv/int_drv.o
                0x00402370                read_vec
 .text.pad_wkp_isr
                0x00402380       0x5c ./src/drv/lowpower_drv.o
                0x00402380                pad_wkp_isr
 .text.pit_isr  0x004023dc       0x44 ./src/drv/pit_drv.o
                0x004023dc                pit_isr
 .text.sci_putc_dev
                0x00402420       0x58 ./src/drv/sci_drv.o
 .text.sci_init
                0x00402478       0x4c ./src/drv/sci_drv.o
                0x00402478                sci_init
 .text.sci_puts_dev
                0x004024c4       0x60 ./src/drv/sci_drv.o
                0x004024c4                sci_puts_dev
 .text.sci_receive_byte
                0x00402524       0x18 ./src/drv/sci_drv.o
                0x00402524                sci_receive_byte
 .text.tc_isr   0x0040253c       0x30 ./src/drv/tc_drv.o
                0x0040253c                tc_isr
 .text.usi_isr  0x0040256c      0x300 ./src/drv/usi_drv.o
                0x0040256c                usi_isr
 .text.wdt_disable
                0x0040286c       0x14 ./src/drv/wdt_drv.o
                0x0040286c                wdt_disable
 .text.delay    0x00402880       0x14 ./src/common/common.o
                0x00402880                delay
 .text.msg_printf
                0x00402894       0x48 ./src/common/debug.o
                0x00402894                msg_printf
 .text.hash_init
                0x004028dc       0x40 ./src/api/alg_api.o
                0x004028dc                hash_init
 .text.hash_dofinal
                0x0040291c       0x88 ./src/api/alg_api.o
                0x0040291c                hash_dofinal
 .text.cpm_get_efmclk
                0x004029a4       0x10 ./src/api/cpm_api.o
                0x004029a4                cpm_get_efmclk
 .text.cpm_init
                0x004029b4       0x44 ./src/api/cpm_api.o
                0x004029b4                cpm_init
 .text.eflash_init
                0x004029f8       0x2c ./src/api/eflash_api.o
                0x004029f8                eflash_init
 .text.eflash_word_read
                0x00402a24        0x4 ./src/api/eflash_api.o
                0x00402a24                eflash_word_read
 .text.eflash_bulk_program
                0x00402a28       0x18 ./src/api/eflash_api.o
                0x00402a28                eflash_bulk_program
 .text.eflash_page_erase
                0x00402a40       0x18 ./src/api/eflash_api.o
                0x00402a40                eflash_page_erase
 .text.show_help
                0x00402a58       0x54 ./src/main_demo.o
                0x00402a58                show_help
 .text.printf_version
                0x00402aac       0x18 ./src/main_demo.o
                0x00402aac                printf_version
 .text.set_data_length
                0x00402ac4      0x268 ./src/main_demo.o
                0x00402ac4                set_data_length
 .text.set_start_point
                0x00402d2c      0x438 ./src/main_demo.o
                0x00402d2c                set_start_point
 .text.direct_write
                0x00403164      0x1c0 ./src/main_demo.o
                0x00403164                direct_write
 .text.startup.main
                0x00403324      0x170 ./src/main_demo.o
                0x00403324                main
 .text.sci_read_notimeout
                0x00403494       0x1c ./src/re_sci_dev.o
                0x00403494                sci_read_notimeout
 .text          0x004034b0      0x2b0 C:\CCore_IDE/tool-chain/ccore-elf/lib/gcc/mcore-elf/4.6.0/c0_div\libgcc.a(_addsub_df.o)
                0x004036ce                __adddf3
                0x0040370a                __subdf3
 .text          0x00403760      0x18c C:\CCore_IDE/tool-chain/ccore-elf/lib/gcc/mcore-elf/4.6.0/c0_div\libgcc.a(_div_df.o)
                0x00403760                __divdf3
 .text          0x004038ec       0x7c C:\CCore_IDE/tool-chain/ccore-elf/lib/gcc/mcore-elf/4.6.0/c0_div\libgcc.a(_df_to_si.o)
                0x004038ec                __fixdfsi
 .text          0x00403968       0xd4 C:\CCore_IDE/tool-chain/ccore-elf/lib/gcc/mcore-elf/4.6.0/c0_div\libgcc.a(_usi_to_df.o)
                0x00403968                __floatunsidf
 .text          0x00403a3c       0x4c C:\CCore_IDE/tool-chain/ccore-elf/lib/gcc/mcore-elf/4.6.0/c0_div\libgcc.a(_clzsi2.o)
                0x00403a3c                __clzsi2
 .text          0x00403a88      0x1a4 C:\CCore_IDE/tool-chain/ccore-elf/lib/gcc/mcore-elf/4.6.0/c0_div\libgcc.a(_pack_df.o)
                0x00403a88                __pack_d
 .text          0x00403c2c       0xd8 C:\CCore_IDE/tool-chain/ccore-elf/lib/gcc/mcore-elf/4.6.0/c0_div\libgcc.a(_unpack_df.o)
                0x00403c2c                __unpack_d
 .text          0x00403d04       0x96 C:\CCore_IDE/tool-chain/ccore-elf/lib/gcc/mcore-elf/4.6.0/c0_div\libgcc.a(_fpcmp_parts_df.o)
                0x00403d04                __fpcmp_parts_d
 .text          0x00403d9a       0x34 C:\CCore_IDE/tool-chain/ccore-elf/lib/gcc/mcore-elf/4.6.0/c0_div\libgcc.a(_lshrdi3.o)
                0x00403d9a                __lshrdi3
 .text          0x00403dce       0x34 C:\CCore_IDE/tool-chain/ccore-elf/lib/gcc/mcore-elf/4.6.0/c0_div\libgcc.a(_ashldi3.o)
                0x00403dce                __ashldi3
 .text          0x00403e02       0xae C:\CCore_IDE/tool-chain/ccore-elf/mcore-elf/lib/c0_div\libc.a(lib_a-memset.o)
                0x00403e02                memset
 .text          0x00403eb0       0x84 C:\CCore_IDE/tool-chain/ccore-elf/mcore-elf/lib/c0_div\libc.a(lib_a-strlen.o)
                0x00403eb0                strlen
 .text          0x00403f34       0x58 C:\CCore_IDE/tool-chain/ccore-elf/mcore-elf/lib/c0_div\libc.a(lib_a-vsprintf.o)
                0x00403f34                _vsprintf_r
                0x00403f66                vsprintf
 .text          0x00403f8c     0x1d94 C:\CCore_IDE/tool-chain/ccore-elf/mcore-elf/lib/c0_div\libc.a(lib_a-svfprintf.o)
                0x00403f8c                _svfprintf_r
 .text          0x00405d20     0x12ec C:\CCore_IDE/tool-chain/ccore-elf/mcore-elf/lib/c0_div\libc.a(lib_a-dtoa.o)
                0x00405e80                _dtoa_r
 .text          0x0040700c       0x90 C:\CCore_IDE/tool-chain/ccore-elf/mcore-elf/lib/c0_div\libc.a(lib_a-locale.o)
                0x0040700c                _setlocale_r
                0x00407042                __locale_charset
                0x00407046                __locale_mb_cur_max
                0x0040704c                __locale_msgcharset
                0x00407050                __locale_cjk_lang
                0x00407054                _localeconv_r
                0x00407058                setlocale
                0x0040706e                localeconv
 .text          0x0040709c      0x4c4 C:\CCore_IDE/tool-chain/ccore-elf/mcore-elf/lib/c0_div\libc.a(lib_a-mallocr.o)
                0x0040709c                _malloc_r
 .text          0x00407560       0x90 C:\CCore_IDE/tool-chain/ccore-elf/mcore-elf/lib/c0_div\libc.a(lib_a-memchr.o)
                0x00407560                memchr
 .text          0x004075f0        0x4 C:\CCore_IDE/tool-chain/ccore-elf/mcore-elf/lib/c0_div\libc.a(lib_a-mlock.o)
                0x004075f0                __malloc_lock
                0x004075f2                __malloc_unlock
 .text          0x004075f4      0x99c C:\CCore_IDE/tool-chain/ccore-elf/mcore-elf/lib/c0_div\libc.a(lib_a-mprec.o)
                0x004075f4                _Balloc
                0x0040764a                _Bfree
                0x00407662                __multadd
                0x004076ec                __s2b
                0x00407772                __hi0bits
                0x004077c4                __lo0bits
                0x00407842                __i2b
                0x00407858                __multiply
                0x00407998                __pow5mult
                0x00407a40                __lshift
                0x00407afa                __mcmp
                0x00407b32                __mdiff
                0x00407c34                __ulp
                0x00407c8e                __b2d
                0x00407d52                __d2b
                0x00407e04                __ratio
                0x00407e8c                _mprec_log10
                0x00407ec4                __copybits
                0x00407f08                __any_on
 .text          0x00407f90       0x6c C:\CCore_IDE/tool-chain/ccore-elf/mcore-elf/lib/c0_div\libc.a(lib_a-s_fpclassify.o)
                0x00407f90                __fpclassifyd
 .text          0x00407ffc       0x34 C:\CCore_IDE/tool-chain/ccore-elf/mcore-elf/lib/c0_div\libc.a(lib_a-sbrkr.o)
                0x00407ffc                _sbrk_r
 .text          0x00408030       0x80 C:\CCore_IDE/tool-chain/ccore-elf/mcore-elf/lib/c0_div\libc.a(lib_a-strcmp.o)
                0x00408030                strcmp
 .text          0x004080b0      0xd34 C:\CCore_IDE/tool-chain/ccore-elf/mcore-elf/lib/c0_div\libc.a(lib_a-svfiprintf.o)
                0x004080b0                __ssprint_r
                0x004081c8                _svfiprintf_r
 .text          0x00408de4       0x84 C:\CCore_IDE/tool-chain/ccore-elf/mcore-elf/lib/c0_div\libc.a(lib_a-callocr.o)
                0x00408de4                _calloc_r
 .text          0x00408e68      0x248 C:\CCore_IDE/tool-chain/ccore-elf/mcore-elf/lib/c0_div\libc.a(lib_a-freer.o)
                0x00408e68                _malloc_trim_r
                0x00408ef4                _free_r
 .text          0x004090b0       0xc8 C:\CCore_IDE/tool-chain/ccore-elf/mcore-elf/lib/c0_div\libc.a(lib_a-memmove.o)
                0x004090b0                memmove
 .text          0x00409178      0x3b0 C:\CCore_IDE/tool-chain/ccore-elf/mcore-elf/lib/c0_div\libc.a(lib_a-reallocr.o)
                0x00409178                _realloc_r
 .text          0x00409528       0x44 C:\CCore_IDE/tool-chain/ccore-elf/mcore-elf/lib/c0_div\libcmb.a(sbrk.o)
                0x00409528                _sbrk
 .text          0x0040956c       0x3c C:\CCore_IDE/tool-chain/ccore-elf/mcore-elf/lib/c0_div\libcmb.a(write.o)
                0x0040956c                _write
 .text          0x004095a8       0x28 C:\CCore_IDE/tool-chain/ccore-elf/mcore-elf/lib/c0_div\libcmb.a(cmb-outbyte.o)
                0x004095a8                outbyte
 .text$sha_read_result
                0x004095d0       0x4c C:\CCore_IDE\ccore-eclipse\workspace\A5(ET300)_CommonDemo\src\drv\lib\libalg.a(sm3.o)
 .text$sha_read_mid_length
                0x0040961c       0x48 C:\CCore_IDE\ccore-eclipse\workspace\A5(ET300)_CommonDemo\src\drv\lib\libalg.a(sm3.o)
 .text$sha_init
                0x00409664       0x2c C:\CCore_IDE\ccore-eclipse\workspace\A5(ET300)_CommonDemo\src\drv\lib\libalg.a(sm3.o)
                0x00409664                sha_init
 .text$sha_update
                0x00409690       0x7c C:\CCore_IDE\ccore-eclipse\workspace\A5(ET300)_CommonDemo\src\drv\lib\libalg.a(sm3.o)
                0x00409690                sha_update
 .text$sha_final
                0x0040970c       0x5c C:\CCore_IDE\ccore-eclipse\workspace\A5(ET300)_CommonDemo\src\drv\lib\libalg.a(sm3.o)
                0x0040970c                sha_final
 .text$__sd_isr_cmd55
                0x00409768        0x2 C:\CCore_IDE\ccore-eclipse\workspace\A5(ET300)_CommonDemo\src\drv\lib\libsd.a(sd_drv.o)
 .text$__sd_isr_null
                0x0040976a        0x2 C:\CCore_IDE\ccore-eclipse\workspace\A5(ET300)_CommonDemo\src\drv\lib\libsd.a(sd_drv.o)
 .text$__sd_isr_cmd0_go_idle
                0x0040976c       0x28 C:\CCore_IDE\ccore-eclipse\workspace\A5(ET300)_CommonDemo\src\drv\lib\libsd.a(sd_drv.o)
 .text$__sd_isr_cmd6_switch_func
                0x00409794        0x2 C:\CCore_IDE\ccore-eclipse\workspace\A5(ET300)_CommonDemo\src\drv\lib\libsd.a(sd_drv.o)
 .text$__sd_isr_multi
                0x00409796        0x2 C:\CCore_IDE\ccore-eclipse\workspace\A5(ET300)_CommonDemo\src\drv\lib\libsd.a(sd_drv.o)
 .text$__sd_isr_cmd12_stop
                0x00409798       0xa0 C:\CCore_IDE\ccore-eclipse\workspace\A5(ET300)_CommonDemo\src\drv\lib\libsd.a(sd_drv.o)
 .text$__sd_isr_write
                0x00409838       0xe0 C:\CCore_IDE\ccore-eclipse\workspace\A5(ET300)_CommonDemo\src\drv\lib\libsd.a(sd_drv.o)
 .text$__sd_isr_write_comp
                0x00409918       0x80 C:\CCore_IDE\ccore-eclipse\workspace\A5(ET300)_CommonDemo\src\drv\lib\libsd.a(sd_drv.o)
 .text$__sd_isr_read_comp
                0x00409998       0x1c C:\CCore_IDE\ccore-eclipse\workspace\A5(ET300)_CommonDemo\src\drv\lib\libsd.a(sd_drv.o)
 .text$__sd_isr_voltage_switch
                0x004099b4       0x4c C:\CCore_IDE\ccore-eclipse\workspace\A5(ET300)_CommonDemo\src\drv\lib\libsd.a(sd_drv.o)
 .text$__sd_isr_force_erase
                0x00409a00        0xc C:\CCore_IDE\ccore-eclipse\workspace\A5(ET300)_CommonDemo\src\drv\lib\libsd.a(sd_drv.o)
 .text$__sd_isr_set_password
                0x00409a0c       0x3c C:\CCore_IDE\ccore-eclipse\workspace\A5(ET300)_CommonDemo\src\drv\lib\libsd.a(sd_drv.o)
 .text$__sd_isr_clr_password
                0x00409a48        0xc C:\CCore_IDE\ccore-eclipse\workspace\A5(ET300)_CommonDemo\src\drv\lib\libsd.a(sd_drv.o)
 .text$__sd_isr_lock
                0x00409a54        0xc C:\CCore_IDE\ccore-eclipse\workspace\A5(ET300)_CommonDemo\src\drv\lib\libsd.a(sd_drv.o)
 .text$__sd_isr_unlock
                0x00409a60        0xc C:\CCore_IDE\ccore-eclipse\workspace\A5(ET300)_CommonDemo\src\drv\lib\libsd.a(sd_drv.o)
 .text$__sd_isr_secure_multi_read
                0x00409a6c       0x44 C:\CCore_IDE\ccore-eclipse\workspace\A5(ET300)_CommonDemo\src\drv\lib\libsd.a(sd_drv.o)
 .text$__sd_isr_secure_multi_wirte
                0x00409ab0       0x30 C:\CCore_IDE\ccore-eclipse\workspace\A5(ET300)_CommonDemo\src\drv\lib\libsd.a(sd_drv.o)
 .text$__sd_isr_secure_write_mkb
                0x00409ae0       0x30 C:\CCore_IDE\ccore-eclipse\workspace\A5(ET300)_CommonDemo\src\drv\lib\libsd.a(sd_drv.o)
 .text$__sd_isr_secure_erase
                0x00409b10       0x18 C:\CCore_IDE\ccore-eclipse\workspace\A5(ET300)_CommonDemo\src\drv\lib\libsd.a(sd_drv.o)
 .text$__sd_isr_get_mkb
                0x00409b28       0x48 C:\CCore_IDE\ccore-eclipse\workspace\A5(ET300)_CommonDemo\src\drv\lib\libsd.a(sd_drv.o)
 .text$__sd_isr_get_mid
                0x00409b70       0x48 C:\CCore_IDE\ccore-eclipse\workspace\A5(ET300)_CommonDemo\src\drv\lib\libsd.a(sd_drv.o)
 .text$__sd_isr_set_cer_rn1
                0x00409bb8       0x30 C:\CCore_IDE\ccore-eclipse\workspace\A5(ET300)_CommonDemo\src\drv\lib\libsd.a(sd_drv.o)
 .text$__sd_isr_get_cer_rn2
                0x00409be8       0x40 C:\CCore_IDE\ccore-eclipse\workspace\A5(ET300)_CommonDemo\src\drv\lib\libsd.a(sd_drv.o)
 .text$__sd_isr_set_cer_res2
                0x00409c28       0x30 C:\CCore_IDE\ccore-eclipse\workspace\A5(ET300)_CommonDemo\src\drv\lib\libsd.a(sd_drv.o)
 .text$__sd_isr_get_cer_res1
                0x00409c58       0x40 C:\CCore_IDE\ccore-eclipse\workspace\A5(ET300)_CommonDemo\src\drv\lib\libsd.a(sd_drv.o)
 .text$__sd_isr_change_secure_aera
                0x00409c98       0x18 C:\CCore_IDE\ccore-eclipse\workspace\A5(ET300)_CommonDemo\src\drv\lib\libsd.a(sd_drv.o)
 .text$__sd_isr_exit_secure_mode
                0x00409cb0       0x18 C:\CCore_IDE\ccore-eclipse\workspace\A5(ET300)_CommonDemo\src\drv\lib\libsd.a(sd_drv.o)
 .text$__sd_isr_speed_class_control
                0x00409cc8        0xc C:\CCore_IDE\ccore-eclipse\workspace\A5(ET300)_CommonDemo\src\drv\lib\libsd.a(sd_drv.o)
 .text$__sd_isr_cmd_crc_err
                0x00409cd4       0x18 C:\CCore_IDE\ccore-eclipse\workspace\A5(ET300)_CommonDemo\src\drv\lib\libsd.a(sd_drv.o)
 .text$__sd_isr_data_crc_err
                0x00409cec       0x18 C:\CCore_IDE\ccore-eclipse\workspace\A5(ET300)_CommonDemo\src\drv\lib\libsd.a(sd_drv.o)
 .text$__sd_isr_gen_cmd
                0x00409d04       0x50 C:\CCore_IDE\ccore-eclipse\workspace\A5(ET300)_CommonDemo\src\drv\lib\libsd.a(sd_drv.o)
 .text$__sd_isr_send_wp_status
                0x00409d54       0x58 C:\CCore_IDE\ccore-eclipse\workspace\A5(ET300)_CommonDemo\src\drv\lib\libsd.a(sd_drv.o)
 .text$__sd_isr_clr_wp
                0x00409dac       0x40 C:\CCore_IDE\ccore-eclipse\workspace\A5(ET300)_CommonDemo\src\drv\lib\libsd.a(sd_drv.o)
 .text$__sd_isr_set_wp
                0x00409dec       0x40 C:\CCore_IDE\ccore-eclipse\workspace\A5(ET300)_CommonDemo\src\drv\lib\libsd.a(sd_drv.o)
 .text$__sd_isr_erase
                0x00409e2c       0x30 C:\CCore_IDE\ccore-eclipse\workspace\A5(ET300)_CommonDemo\src\drv\lib\libsd.a(sd_drv.o)
 .text$__sd_isr_erase_end
                0x00409e5c       0x40 C:\CCore_IDE\ccore-eclipse\workspace\A5(ET300)_CommonDemo\src\drv\lib\libsd.a(sd_drv.o)
 .text$__sd_isr_erase_start
                0x00409e9c       0x40 C:\CCore_IDE\ccore-eclipse\workspace\A5(ET300)_CommonDemo\src\drv\lib\libsd.a(sd_drv.o)
 .text$__sd_isr_set_pre_erase_cnt
                0x00409edc       0x34 C:\CCore_IDE\ccore-eclipse\workspace\A5(ET300)_CommonDemo\src\drv\lib\libsd.a(sd_drv.o)
 .text$__sd_isr_prog_csd
                0x00409f10       0x74 C:\CCore_IDE\ccore-eclipse\workspace\A5(ET300)_CommonDemo\src\drv\lib\libsd.a(sd_drv.o)
 .text$__sd_isr_acmd22
                0x00409f84       0x48 C:\CCore_IDE\ccore-eclipse\workspace\A5(ET300)_CommonDemo\src\drv\lib\libsd.a(sd_drv.o)
 .text$sd_read  0x00409fcc       0x40 C:\CCore_IDE\ccore-eclipse\workspace\A5(ET300)_CommonDemo\src\drv\lib\libsd.a(sd_drv.o)
 .text$__sd_isr_read
                0x0040a00c       0xec C:\CCore_IDE\ccore-eclipse\workspace\A5(ET300)_CommonDemo\src\drv\lib\libsd.a(sd_drv.o)
 .text$sd_mem_handler
                0x0040a0f8       0xa8 C:\CCore_IDE\ccore-eclipse\workspace\A5(ET300)_CommonDemo\src\drv\lib\libsd.a(sd_drv.o)
                0x0040a0f8                sd_mem_handler
 .text          0x0040a1a0      0x258 C:\CCore_IDE/tool-chain/ccore-elf/lib/gcc/mcore-elf/4.6.0/c0_div\libgcc.a(_mul_df.o)
                0x0040a1a0                __muldf3
 .text          0x0040a3f8       0x48 C:\CCore_IDE/tool-chain/ccore-elf/lib/gcc/mcore-elf/4.6.0/c0_div\libgcc.a(_eq_df.o)
                0x0040a3f8                __eqdf2
 .text          0x0040a440       0x48 C:\CCore_IDE/tool-chain/ccore-elf/lib/gcc/mcore-elf/4.6.0/c0_div\libgcc.a(_ne_df.o)
                0x0040a440                __nedf2
 .text          0x0040a488       0x4c C:\CCore_IDE/tool-chain/ccore-elf/lib/gcc/mcore-elf/4.6.0/c0_div\libgcc.a(_gt_df.o)
                0x0040a488                __gtdf2
 .text          0x0040a4d4       0x48 C:\CCore_IDE/tool-chain/ccore-elf/lib/gcc/mcore-elf/4.6.0/c0_div\libgcc.a(_lt_df.o)
                0x0040a4d4                __ltdf2
 .text          0x0040a51c       0x48 C:\CCore_IDE/tool-chain/ccore-elf/lib/gcc/mcore-elf/4.6.0/c0_div\libgcc.a(_le_df.o)
                0x0040a51c                __ledf2
 .text          0x0040a564       0x88 C:\CCore_IDE/tool-chain/ccore-elf/lib/gcc/mcore-elf/4.6.0/c0_div\libgcc.a(_si_to_df.o)
                0x0040a564                __floatsidf
 .text          0x0040a5ec       0x62 C:\CCore_IDE/tool-chain/ccore-elf/lib/gcc/mcore-elf/4.6.0/c0_div\libgcc.a(_muldi3.o)
                0x0040a5ec                __muldi3
                0x0040a650                . = ALIGN (0x10)
 *fill*         0x0040a64e        0x2 bebe
                0x0040a650                _end_text = .

.data           0x00800000      0x8e8 load address 0x0040a650
                0x00800000                _start_data = .
 *(.data)
 .data          0x00800000        0x1 ./src/drv/i2c_drv.o
 *fill*         0x00800001        0x3 00
 .data          0x00800004        0x8 ./src/drv/usi_drv.o
                0x00800004                apdu_data
                0x00800008                apdu_buf
 .data          0x0080000c      0x428 C:\CCore_IDE/tool-chain/ccore-elf/mcore-elf/lib/c0_div\libc.a(lib_a-impure.o)
                0x0080000c                _impure_ptr
 .data          0x00800434       0x7c C:\CCore_IDE/tool-chain/ccore-elf/mcore-elf/lib/c0_div\libc.a(lib_a-locale.o)
                0x00800434                __mb_cur_max
 .data          0x008004b0      0x410 C:\CCore_IDE/tool-chain/ccore-elf/mcore-elf/lib/c0_div\libc.a(lib_a-mallocr.o)
                0x008004b0                __malloc_sbrk_base
                0x008004b4                __malloc_trim_threshold
                0x008004b8                __malloc_av_
 .data          0x008008c0       0x28 C:\CCore_IDE\ccore-eclipse\workspace\A5(ET300)_CommonDemo\src\drv\lib\libsd.a(sd_drv.o)
                0x008008e8                . = ALIGN (0x4)
                0x008008e8                _end_data = .

.bss            0x008008e8     0x1218 load address 0x0040af38
                0x008008e8                _bss_start = .
 *(.bss)
 .bss           0x008008e8        0x1 ./src/drv/cpm_drv.o
 *fill*         0x008008e9        0x3 00
 .bss           0x008008ec        0x5 ./src/drv/dmac_drv.o
 *fill*         0x008008f1        0x3 00
 .bss           0x008008f4     0x1004 ./src/drv/edmac_drv.o
                0x008008f4                g_edmaccryptbuf
                0x008018f4                g_edmac_minordone
 .bss           0x008018f8       0x1c ./src/drv/i2c_drv.o
                0x008018f8                g_data_len
                0x008018fc                g_data_receive
                0x00801900                g_data_send
 .bss           0x00801914       0x18 ./src/drv/pit_drv.o
 .bss           0x0080192c        0x4 ./src/drv/sci_drv.o
                0x0080192c                pregspointer
 .bss           0x00801930        0x4 ./src/drv/tc_drv.o
 .bss           0x00801934       0x20 ./src/drv/usi_drv.o
                0x00801934                apdu_addr
                0x00801938                result_code
                0x0080193c                apdu_datalen
                0x00801940                apdu_cnt
                0x00801944                apdu_cmdbuf
                0x0080194c                adpu_status
 .bss           0x00801954      0x104 ./src/common/debug.o
 .bss           0x00801a58        0xc ./src/api/cpm_api.o
                0x00801a58                g_efm_clk
                0x00801a5c                g_ips_clk
                0x00801a60                g_sys_clk
 .bss           0x00801a64       0x18 ./src/api/eflash_api.o
 .bss           0x00801a7c        0x9 ./src/main_demo.o
                0x00801a7c                dl
                0x00801a80                ds
                0x00801a84                is_programmer
 *fill*         0x00801a85        0x3 00
 .bss           0x00801a88       0x34 C:\CCore_IDE/tool-chain/ccore-elf/mcore-elf/lib/c0_div\libc.a(lib_a-mallocr.o)
                0x00801a88                __malloc_current_mallinfo
                0x00801ab0                __malloc_max_total_mem
                0x00801ab4                __malloc_max_sbrked_mem
                0x00801ab8                __malloc_top_pad
 .bss           0x00801abc        0x4 C:\CCore_IDE/tool-chain/ccore-elf/mcore-elf/lib/c0_div\libcmb.a(sbrk.o)
 .bss           0x00801ac0       0x34 C:\CCore_IDE\ccore-eclipse\workspace\A5(ET300)_CommonDemo\src\drv\lib\libsd.a(sd_drv.o)
 *(COMMON)
 COMMON         0x00801af4        0x4 C:\CCore_IDE/tool-chain/ccore-elf/mcore-elf/lib/c0_div\libc.a(lib_a-reent.o)
                0x00801af4                errno
                0x00801b00                . = (. + 0x8)
 *fill*         0x00801af8        0x8 00
                0x00801b00                _bss_end = .
                0x0083effc                PROVIDE (_end, (STACK_LOCATION - 0x1000))
LOAD ./src/drv/usb_drv/usb_cdc_config.o
LOAD ./src/drv/usb_drv/usb_cdc_control.o
LOAD ./src/drv/usb_drv/usbdev_config.o
LOAD ./src/drv/usb_drv/usbdev_control.o
LOAD ./src/drv/usb_drv/usbdev_isr.o
LOAD ./src/drv/usb_drv/usbdev_scsi.o
LOAD ./src/drv/sd_drv/sd_config.o
LOAD ./src/drv/ccore/crt0.o
LOAD ./src/drv/ccore/interrupt_support.o
LOAD ./src/drv/ccore/vector_rce.o
LOAD ./src/drv/ccore/vector_table.o
LOAD ./src/drv/alg_drv.o
LOAD ./src/drv/analog_drv.o
LOAD ./src/drv/ccm_drv.o
LOAD ./src/drv/cpm_drv.o
LOAD ./src/drv/crc_drv.o
LOAD ./src/drv/dmac_drv.o
LOAD ./src/drv/edmac_drv.o
LOAD ./src/drv/eflash_drv.o
LOAD ./src/drv/eport_drv.o
LOAD ./src/drv/ept_drv.o
LOAD ./src/drv/fd_drv.o
LOAD ./src/drv/i2c_drv.o
LOAD ./src/drv/int_drv.o
LOAD ./src/drv/led_drv.o
LOAD ./src/drv/lowpower_drv.o
LOAD ./src/drv/mim_drv.o
LOAD ./src/drv/pit_drv.o
LOAD ./src/drv/reset_drv.o
LOAD ./src/drv/sci_drv.o
LOAD ./src/drv/spi_drv.o
LOAD ./src/drv/tc_drv.o
LOAD ./src/drv/td_drv.o
LOAD ./src/drv/trng_drv.o
LOAD ./src/drv/usi_drv.o
LOAD ./src/drv/vd_drv.o
LOAD ./src/drv/wdt_drv.o
LOAD ./src/demo/eflash_demo.o
LOAD ./src/common/common.o
LOAD ./src/common/debug.o
LOAD ./src/api/alg_api.o
LOAD ./src/api/cpm_api.o
LOAD ./src/api/crc_api.o
LOAD ./src/api/eflash_api.o
LOAD ./src/api/eport_api.o
LOAD ./src/api/wdt_api.o
LOAD ./src/main_demo.o
LOAD ./src/re_sci_dev.o
LOAD ./src/test.o
START GROUP
LOAD C:\CCore_IDE/tool-chain/ccore-elf/lib/gcc/mcore-elf/4.6.0/c0_div\libgcc.a
LOAD C:\CCore_IDE/tool-chain/ccore-elf/mcore-elf/lib/c0_div\libc.a
LOAD C:\CCore_IDE/tool-chain/ccore-elf/mcore-elf/lib/c0_div\libg.a
LOAD C:\CCore_IDE\ccore-eclipse\workspace\A5(ET300)_CommonDemo\src\drv\lib\libBootSwitch.a
LOAD C:\CCore_IDE/tool-chain/ccore-elf/mcore-elf/lib/c0_div\libm.a
LOAD C:\CCore_IDE/tool-chain/ccore-elf/mcore-elf/lib/c0_div\libcmb.a
LOAD C:\CCore_IDE/tool-chain/ccore-elf/mcore-elf/lib/c0_div\libsim.a
LOAD C:\CCore_IDE/tool-chain/ccore-elf/mcore-elf/lib/c0_div\libnosys.a
LOAD C:\CCore_IDE\ccore-eclipse\workspace\A5(ET300)_CommonDemo\src\drv\lib\librsa.a
LOAD C:\CCore_IDE\ccore-eclipse\workspace\A5(ET300)_CommonDemo\src\drv\lib\libsm2.a
LOAD C:\CCore_IDE\ccore-eclipse\workspace\A5(ET300)_CommonDemo\src\drv\lib\libalg.a
LOAD C:\CCore_IDE\ccore-eclipse\workspace\A5(ET300)_CommonDemo\src\drv\lib\libget_serial_sn_lib.a
LOAD C:\CCore_IDE\ccore-eclipse\workspace\A5(ET300)_CommonDemo\src\drv\lib\libsd.a
END GROUP
OUTPUT(A5(ET300)_CommonDemo.elf elf32-mcore-little)

.comment        0x00000000       0x11
 .comment       0x00000000       0x11 ./src/drv/sd_drv/sd_config.o
                                 0x12 (size before relaxing)
 .comment       0x00000000       0x12 ./src/drv/ccore/vector_rce.o
 .comment       0x00000000       0x12 ./src/drv/ccore/vector_table.o
 .comment       0x00000000       0x12 ./src/drv/analog_drv.o
 .comment       0x00000000       0x12 ./src/drv/cpm_drv.o
 .comment       0x00000000       0x12 ./src/drv/dmac_drv.o
 .comment       0x00000000       0x12 ./src/drv/edmac_drv.o
 .comment       0x00000000       0x12 ./src/drv/eflash_drv.o
 .comment       0x00000000       0x12 ./src/drv/eport_drv.o
 .comment       0x00000000       0x12 ./src/drv/ept_drv.o
 .comment       0x00000000       0x12 ./src/drv/i2c_drv.o
 .comment       0x00000000       0x12 ./src/drv/int_drv.o
 .comment       0x00000000       0x12 ./src/drv/lowpower_drv.o
 .comment       0x00000000       0x12 ./src/drv/pit_drv.o
 .comment       0x00000000       0x12 ./src/drv/sci_drv.o
 .comment       0x00000000       0x12 ./src/drv/tc_drv.o
 .comment       0x00000000       0x12 ./src/drv/usi_drv.o
 .comment       0x00000000       0x12 ./src/drv/wdt_drv.o
 .comment       0x00000000       0x12 ./src/common/common.o
 .comment       0x00000000       0x12 ./src/common/debug.o
 .comment       0x00000000       0x12 ./src/api/alg_api.o
 .comment       0x00000000       0x12 ./src/api/cpm_api.o
 .comment       0x00000000       0x12 ./src/api/eflash_api.o
 .comment       0x00000000       0x12 ./src/main_demo.o
 .comment       0x00000000       0x12 ./src/re_sci_dev.o
 .comment       0x00000000       0x12 C:\CCore_IDE/tool-chain/ccore-elf/lib/gcc/mcore-elf/4.6.0/c0_div\libgcc.a(_addsub_df.o)
 .comment       0x00000000       0x12 C:\CCore_IDE/tool-chain/ccore-elf/lib/gcc/mcore-elf/4.6.0/c0_div\libgcc.a(_div_df.o)
 .comment       0x00000000       0x12 C:\CCore_IDE/tool-chain/ccore-elf/lib/gcc/mcore-elf/4.6.0/c0_div\libgcc.a(_df_to_si.o)
 .comment       0x00000000       0x12 C:\CCore_IDE/tool-chain/ccore-elf/lib/gcc/mcore-elf/4.6.0/c0_div\libgcc.a(_thenan_df.o)
 .comment       0x00000000       0x12 C:\CCore_IDE/tool-chain/ccore-elf/lib/gcc/mcore-elf/4.6.0/c0_div\libgcc.a(_usi_to_df.o)
 .comment       0x00000000       0x12 C:\CCore_IDE/tool-chain/ccore-elf/lib/gcc/mcore-elf/4.6.0/c0_div\libgcc.a(_clzsi2.o)
 .comment       0x00000000       0x12 C:\CCore_IDE/tool-chain/ccore-elf/lib/gcc/mcore-elf/4.6.0/c0_div\libgcc.a(_pack_df.o)
 .comment       0x00000000       0x12 C:\CCore_IDE/tool-chain/ccore-elf/lib/gcc/mcore-elf/4.6.0/c0_div\libgcc.a(_unpack_df.o)
 .comment       0x00000000       0x12 C:\CCore_IDE/tool-chain/ccore-elf/lib/gcc/mcore-elf/4.6.0/c0_div\libgcc.a(_fpcmp_parts_df.o)
 .comment       0x00000000       0x12 C:\CCore_IDE/tool-chain/ccore-elf/lib/gcc/mcore-elf/4.6.0/c0_div\libgcc.a(_lshrdi3.o)
 .comment       0x00000000       0x12 C:\CCore_IDE/tool-chain/ccore-elf/lib/gcc/mcore-elf/4.6.0/c0_div\libgcc.a(_ashldi3.o)
 .comment       0x00000000       0x12 C:\CCore_IDE/tool-chain/ccore-elf/lib/gcc/mcore-elf/4.6.0/c0_div\libgcc.a(_clz.o)
 .comment       0x00000000       0x12 C:\CCore_IDE/tool-chain/ccore-elf/mcore-elf/lib/c0_div\libc.a(lib_a-memset.o)
 .comment       0x00000000       0x12 C:\CCore_IDE/tool-chain/ccore-elf/mcore-elf/lib/c0_div\libc.a(lib_a-strlen.o)
 .comment       0x00000000       0x12 C:\CCore_IDE/tool-chain/ccore-elf/mcore-elf/lib/c0_div\libc.a(lib_a-vsprintf.o)
 .comment       0x00000000       0x12 C:\CCore_IDE/tool-chain/ccore-elf/mcore-elf/lib/c0_div\libc.a(lib_a-impure.o)
 .comment       0x00000000       0x12 C:\CCore_IDE/tool-chain/ccore-elf/mcore-elf/lib/c0_div\libc.a(lib_a-svfprintf.o)
 .comment       0x00000000       0x12 C:\CCore_IDE/tool-chain/ccore-elf/mcore-elf/lib/c0_div\libc.a(lib_a-dtoa.o)
 .comment       0x00000000       0x12 C:\CCore_IDE/tool-chain/ccore-elf/mcore-elf/lib/c0_div\libc.a(lib_a-locale.o)
 .comment       0x00000000       0x12 C:\CCore_IDE/tool-chain/ccore-elf/mcore-elf/lib/c0_div\libc.a(lib_a-mallocr.o)
 .comment       0x00000000       0x12 C:\CCore_IDE/tool-chain/ccore-elf/mcore-elf/lib/c0_div\libc.a(lib_a-memchr.o)
 .comment       0x00000000       0x12 C:\CCore_IDE/tool-chain/ccore-elf/mcore-elf/lib/c0_div\libc.a(lib_a-mlock.o)
 .comment       0x00000000       0x12 C:\CCore_IDE/tool-chain/ccore-elf/mcore-elf/lib/c0_div\libc.a(lib_a-mprec.o)
 .comment       0x00000000       0x12 C:\CCore_IDE/tool-chain/ccore-elf/mcore-elf/lib/c0_div\libc.a(lib_a-s_fpclassify.o)
 .comment       0x00000000       0x12 C:\CCore_IDE/tool-chain/ccore-elf/mcore-elf/lib/c0_div\libc.a(lib_a-sbrkr.o)
 .comment       0x00000000       0x12 C:\CCore_IDE/tool-chain/ccore-elf/mcore-elf/lib/c0_div\libc.a(lib_a-strcmp.o)
 .comment       0x00000000       0x12 C:\CCore_IDE/tool-chain/ccore-elf/mcore-elf/lib/c0_div\libc.a(lib_a-svfiprintf.o)
 .comment       0x00000000       0x12 C:\CCore_IDE/tool-chain/ccore-elf/mcore-elf/lib/c0_div\libc.a(lib_a-callocr.o)
 .comment       0x00000000       0x12 C:\CCore_IDE/tool-chain/ccore-elf/mcore-elf/lib/c0_div\libc.a(lib_a-freer.o)
 .comment       0x00000000       0x12 C:\CCore_IDE/tool-chain/ccore-elf/mcore-elf/lib/c0_div\libc.a(lib_a-memmove.o)
 .comment       0x00000000       0x12 C:\CCore_IDE/tool-chain/ccore-elf/mcore-elf/lib/c0_div\libc.a(lib_a-reallocr.o)
 .comment       0x00000000       0x12 C:\CCore_IDE/tool-chain/ccore-elf/mcore-elf/lib/c0_div\libc.a(lib_a-reent.o)
 .comment       0x00000000       0x12 C:\CCore_IDE/tool-chain/ccore-elf/mcore-elf/lib/c0_div\libcmb.a(sbrk.o)
 .comment       0x00000000       0x12 C:\CCore_IDE/tool-chain/ccore-elf/mcore-elf/lib/c0_div\libcmb.a(write.o)
 .comment       0x00000000       0x12 C:\CCore_IDE/tool-chain/ccore-elf/mcore-elf/lib/c0_div\libcmb.a(cmb-outbyte.o)
 .comment       0x00000000       0x12 C:\CCore_IDE\ccore-eclipse\workspace\A5(ET300)_CommonDemo\src\drv\lib\libalg.a(sm3.o)
 .comment       0x00000000       0x12 C:\CCore_IDE\ccore-eclipse\workspace\A5(ET300)_CommonDemo\src\drv\lib\libsd.a(sd_drv.o)
 .comment       0x00000000       0x12 C:\CCore_IDE/tool-chain/ccore-elf/lib/gcc/mcore-elf/4.6.0/c0_div\libgcc.a(_mul_df.o)
 .comment       0x00000000       0x12 C:\CCore_IDE/tool-chain/ccore-elf/lib/gcc/mcore-elf/4.6.0/c0_div\libgcc.a(_eq_df.o)
 .comment       0x00000000       0x12 C:\CCore_IDE/tool-chain/ccore-elf/lib/gcc/mcore-elf/4.6.0/c0_div\libgcc.a(_ne_df.o)
 .comment       0x00000000       0x12 C:\CCore_IDE/tool-chain/ccore-elf/lib/gcc/mcore-elf/4.6.0/c0_div\libgcc.a(_gt_df.o)
 .comment       0x00000000       0x12 C:\CCore_IDE/tool-chain/ccore-elf/lib/gcc/mcore-elf/4.6.0/c0_div\libgcc.a(_lt_df.o)
 .comment       0x00000000       0x12 C:\CCore_IDE/tool-chain/ccore-elf/lib/gcc/mcore-elf/4.6.0/c0_div\libgcc.a(_le_df.o)
 .comment       0x00000000       0x12 C:\CCore_IDE/tool-chain/ccore-elf/lib/gcc/mcore-elf/4.6.0/c0_div\libgcc.a(_si_to_df.o)
 .comment       0x00000000       0x12 C:\CCore_IDE/tool-chain/ccore-elf/lib/gcc/mcore-elf/4.6.0/c0_div\libgcc.a(_muldi3.o)

.stab           0x00000000      0x324
 .stab          0x00000000      0x150 ./src/drv/ccore/crt0.o
 .stab          0x00000150      0x1d4 ./src/drv/ccore/interrupt_support.o
                                0x1e0 (size before relaxing)

.stabstr        0x00000000       0x3e
 .stabstr       0x00000000       0x3e ./src/drv/ccore/crt0.o

.debug_frame    0x00000000     0x1058
 .debug_frame   0x00000000       0x70 C:\CCore_IDE/tool-chain/ccore-elf/lib/gcc/mcore-elf/4.6.0/c0_div\libgcc.a(_addsub_df.o)
 .debug_frame   0x00000070       0x40 C:\CCore_IDE/tool-chain/ccore-elf/lib/gcc/mcore-elf/4.6.0/c0_div\libgcc.a(_div_df.o)
 .debug_frame   0x000000b0       0x3c C:\CCore_IDE/tool-chain/ccore-elf/lib/gcc/mcore-elf/4.6.0/c0_div\libgcc.a(_df_to_si.o)
 .debug_frame   0x000000ec       0x48 C:\CCore_IDE/tool-chain/ccore-elf/lib/gcc/mcore-elf/4.6.0/c0_div\libgcc.a(_usi_to_df.o)
 .debug_frame   0x00000134       0x24 C:\CCore_IDE/tool-chain/ccore-elf/lib/gcc/mcore-elf/4.6.0/c0_div\libgcc.a(_clzsi2.o)
 .debug_frame   0x00000158       0x34 C:\CCore_IDE/tool-chain/ccore-elf/lib/gcc/mcore-elf/4.6.0/c0_div\libgcc.a(_pack_df.o)
 .debug_frame   0x0000018c       0x3c C:\CCore_IDE/tool-chain/ccore-elf/lib/gcc/mcore-elf/4.6.0/c0_div\libgcc.a(_unpack_df.o)
 .debug_frame   0x000001c8       0x24 C:\CCore_IDE/tool-chain/ccore-elf/lib/gcc/mcore-elf/4.6.0/c0_div\libgcc.a(_fpcmp_parts_df.o)
 .debug_frame   0x000001ec       0x30 C:\CCore_IDE/tool-chain/ccore-elf/lib/gcc/mcore-elf/4.6.0/c0_div\libgcc.a(_lshrdi3.o)
 .debug_frame   0x0000021c       0x30 C:\CCore_IDE/tool-chain/ccore-elf/lib/gcc/mcore-elf/4.6.0/c0_div\libgcc.a(_ashldi3.o)
 .debug_frame   0x0000024c       0x30 C:\CCore_IDE/tool-chain/ccore-elf/mcore-elf/lib/c0_div\libc.a(lib_a-memset.o)
 .debug_frame   0x0000027c       0x24 C:\CCore_IDE/tool-chain/ccore-elf/mcore-elf/lib/c0_div\libc.a(lib_a-strlen.o)
 .debug_frame   0x000002a0       0x48 C:\CCore_IDE/tool-chain/ccore-elf/mcore-elf/lib/c0_div\libc.a(lib_a-vsprintf.o)
 .debug_frame   0x000002e8       0x38 C:\CCore_IDE/tool-chain/ccore-elf/mcore-elf/lib/c0_div\libc.a(lib_a-svfprintf.o)
 .debug_frame   0x00000320       0x6c C:\CCore_IDE/tool-chain/ccore-elf/mcore-elf/lib/c0_div\libc.a(lib_a-dtoa.o)
 .debug_frame   0x0000038c       0xa8 C:\CCore_IDE/tool-chain/ccore-elf/mcore-elf/lib/c0_div\libc.a(lib_a-locale.o)
 .debug_frame   0x00000434       0x44 C:\CCore_IDE/tool-chain/ccore-elf/mcore-elf/lib/c0_div\libc.a(lib_a-mallocr.o)
 .debug_frame   0x00000478       0x24 C:\CCore_IDE/tool-chain/ccore-elf/mcore-elf/lib/c0_div\libc.a(lib_a-memchr.o)
 .debug_frame   0x0000049c       0x34 C:\CCore_IDE/tool-chain/ccore-elf/mcore-elf/lib/c0_div\libc.a(lib_a-mlock.o)
 .debug_frame   0x000004d0      0x214 C:\CCore_IDE/tool-chain/ccore-elf/mcore-elf/lib/c0_div\libc.a(lib_a-mprec.o)
 .debug_frame   0x000006e4       0x34 C:\CCore_IDE/tool-chain/ccore-elf/mcore-elf/lib/c0_div\libc.a(lib_a-s_fpclassify.o)
 .debug_frame   0x00000718       0x30 C:\CCore_IDE/tool-chain/ccore-elf/mcore-elf/lib/c0_div\libc.a(lib_a-sbrkr.o)
 .debug_frame   0x00000748       0x24 C:\CCore_IDE/tool-chain/ccore-elf/mcore-elf/lib/c0_div\libc.a(lib_a-strcmp.o)
 .debug_frame   0x0000076c       0x64 C:\CCore_IDE/tool-chain/ccore-elf/mcore-elf/lib/c0_div\libc.a(lib_a-svfiprintf.o)
 .debug_frame   0x000007d0       0x3c C:\CCore_IDE/tool-chain/ccore-elf/mcore-elf/lib/c0_div\libc.a(lib_a-callocr.o)
 .debug_frame   0x0000080c       0x50 C:\CCore_IDE/tool-chain/ccore-elf/mcore-elf/lib/c0_div\libc.a(lib_a-freer.o)
 .debug_frame   0x0000085c       0x34 C:\CCore_IDE/tool-chain/ccore-elf/mcore-elf/lib/c0_div\libc.a(lib_a-memmove.o)
 .debug_frame   0x00000890       0x50 C:\CCore_IDE/tool-chain/ccore-elf/mcore-elf/lib/c0_div\libc.a(lib_a-reallocr.o)
 .debug_frame   0x000008e0       0x68 C:\CCore_IDE/tool-chain/ccore-elf/mcore-elf/lib/c0_div\libc.a(lib_a-reent.o)
 .debug_frame   0x00000948       0x30 C:\CCore_IDE/tool-chain/ccore-elf/mcore-elf/lib/c0_div\libcmb.a(sbrk.o)
 .debug_frame   0x00000978       0x2c C:\CCore_IDE/tool-chain/ccore-elf/mcore-elf/lib/c0_div\libcmb.a(write.o)
 .debug_frame   0x000009a4       0x24 C:\CCore_IDE/tool-chain/ccore-elf/mcore-elf/lib/c0_div\libcmb.a(cmb-outbyte.o)
 .debug_frame   0x000009c8      0x150 C:\CCore_IDE\ccore-eclipse\workspace\A5(ET300)_CommonDemo\src\drv\lib\libalg.a(sm3.o)
 .debug_frame   0x00000b18      0x3a8 C:\CCore_IDE\ccore-eclipse\workspace\A5(ET300)_CommonDemo\src\drv\lib\libsd.a(sd_drv.o)
 .debug_frame   0x00000ec0       0x48 C:\CCore_IDE/tool-chain/ccore-elf/lib/gcc/mcore-elf/4.6.0/c0_div\libgcc.a(_mul_df.o)
 .debug_frame   0x00000f08       0x30 C:\CCore_IDE/tool-chain/ccore-elf/lib/gcc/mcore-elf/4.6.0/c0_div\libgcc.a(_eq_df.o)
 .debug_frame   0x00000f38       0x30 C:\CCore_IDE/tool-chain/ccore-elf/lib/gcc/mcore-elf/4.6.0/c0_div\libgcc.a(_ne_df.o)
 .debug_frame   0x00000f68       0x30 C:\CCore_IDE/tool-chain/ccore-elf/lib/gcc/mcore-elf/4.6.0/c0_div\libgcc.a(_gt_df.o)
 .debug_frame   0x00000f98       0x30 C:\CCore_IDE/tool-chain/ccore-elf/lib/gcc/mcore-elf/4.6.0/c0_div\libgcc.a(_lt_df.o)
 .debug_frame   0x00000fc8       0x30 C:\CCore_IDE/tool-chain/ccore-elf/lib/gcc/mcore-elf/4.6.0/c0_div\libgcc.a(_le_df.o)
 .debug_frame   0x00000ff8       0x34 C:\CCore_IDE/tool-chain/ccore-elf/lib/gcc/mcore-elf/4.6.0/c0_div\libgcc.a(_si_to_df.o)
 .debug_frame   0x0000102c       0x2c C:\CCore_IDE/tool-chain/ccore-elf/lib/gcc/mcore-elf/4.6.0/c0_div\libgcc.a(_muldi3.o)

.debug_info     0x00000000     0xf352
 .debug_info    0x00000000      0x41a C:\CCore_IDE/tool-chain/ccore-elf/lib/gcc/mcore-elf/4.6.0/c0_div\libgcc.a(_addsub_df.o)
 .debug_info    0x0000041a      0x343 C:\CCore_IDE/tool-chain/ccore-elf/lib/gcc/mcore-elf/4.6.0/c0_div\libgcc.a(_div_df.o)
 .debug_info    0x0000075d      0x26a C:\CCore_IDE/tool-chain/ccore-elf/lib/gcc/mcore-elf/4.6.0/c0_div\libgcc.a(_df_to_si.o)
 .debug_info    0x000009c7      0x163 C:\CCore_IDE/tool-chain/ccore-elf/lib/gcc/mcore-elf/4.6.0/c0_div\libgcc.a(_thenan_df.o)
 .debug_info    0x00000b2a      0x22f C:\CCore_IDE/tool-chain/ccore-elf/lib/gcc/mcore-elf/4.6.0/c0_div\libgcc.a(_usi_to_df.o)
 .debug_info    0x00000d59      0x135 C:\CCore_IDE/tool-chain/ccore-elf/lib/gcc/mcore-elf/4.6.0/c0_div\libgcc.a(_clzsi2.o)
 .debug_info    0x00000e8e      0x295 C:\CCore_IDE/tool-chain/ccore-elf/lib/gcc/mcore-elf/4.6.0/c0_div\libgcc.a(_pack_df.o)
 .debug_info    0x00001123      0x21f C:\CCore_IDE/tool-chain/ccore-elf/lib/gcc/mcore-elf/4.6.0/c0_div\libgcc.a(_unpack_df.o)
 .debug_info    0x00001342      0x1f3 C:\CCore_IDE/tool-chain/ccore-elf/lib/gcc/mcore-elf/4.6.0/c0_div\libgcc.a(_fpcmp_parts_df.o)
 .debug_info    0x00001535      0x190 C:\CCore_IDE/tool-chain/ccore-elf/lib/gcc/mcore-elf/4.6.0/c0_div\libgcc.a(_lshrdi3.o)
 .debug_info    0x000016c5      0x190 C:\CCore_IDE/tool-chain/ccore-elf/lib/gcc/mcore-elf/4.6.0/c0_div\libgcc.a(_ashldi3.o)
 .debug_info    0x00001855       0xb4 C:\CCore_IDE/tool-chain/ccore-elf/lib/gcc/mcore-elf/4.6.0/c0_div\libgcc.a(_clz.o)
 .debug_info    0x00001909      0x114 C:\CCore_IDE/tool-chain/ccore-elf/mcore-elf/lib/c0_div\libc.a(lib_a-memset.o)
 .debug_info    0x00001a1d       0xd9 C:\CCore_IDE/tool-chain/ccore-elf/mcore-elf/lib/c0_div\libc.a(lib_a-strlen.o)
 .debug_info    0x00001af6      0xa39 C:\CCore_IDE/tool-chain/ccore-elf/mcore-elf/lib/c0_div\libc.a(lib_a-vsprintf.o)
 .debug_info    0x0000252f      0x965 C:\CCore_IDE/tool-chain/ccore-elf/mcore-elf/lib/c0_div\libc.a(lib_a-impure.o)
 .debug_info    0x00002e94     0x1005 C:\CCore_IDE/tool-chain/ccore-elf/mcore-elf/lib/c0_div\libc.a(lib_a-svfprintf.o)
 .debug_info    0x00003e99      0xdd0 C:\CCore_IDE/tool-chain/ccore-elf/mcore-elf/lib/c0_div\libc.a(lib_a-dtoa.o)
 .debug_info    0x00004c69      0xc96 C:\CCore_IDE/tool-chain/ccore-elf/mcore-elf/lib/c0_div\libc.a(lib_a-locale.o)
 .debug_info    0x000058ff      0xd6a C:\CCore_IDE/tool-chain/ccore-elf/mcore-elf/lib/c0_div\libc.a(lib_a-mallocr.o)
 .debug_info    0x00006669      0x120 C:\CCore_IDE/tool-chain/ccore-elf/mcore-elf/lib/c0_div\libc.a(lib_a-memchr.o)
 .debug_info    0x00006789      0x97f C:\CCore_IDE/tool-chain/ccore-elf/mcore-elf/lib/c0_div\libc.a(lib_a-mlock.o)
 .debug_info    0x00007108     0x14fb C:\CCore_IDE/tool-chain/ccore-elf/mcore-elf/lib/c0_div\libc.a(lib_a-mprec.o)
 .debug_info    0x00008603      0x145 C:\CCore_IDE/tool-chain/ccore-elf/mcore-elf/lib/c0_div\libc.a(lib_a-s_fpclassify.o)
 .debug_info    0x00008748      0x9ab C:\CCore_IDE/tool-chain/ccore-elf/mcore-elf/lib/c0_div\libc.a(lib_a-sbrkr.o)
 .debug_info    0x000090f3       0xd9 C:\CCore_IDE/tool-chain/ccore-elf/mcore-elf/lib/c0_div\libc.a(lib_a-strcmp.o)
 .debug_info    0x000091cc      0xd84 C:\CCore_IDE/tool-chain/ccore-elf/mcore-elf/lib/c0_div\libc.a(lib_a-svfiprintf.o)
 .debug_info    0x00009f50      0xa49 C:\CCore_IDE/tool-chain/ccore-elf/mcore-elf/lib/c0_div\libc.a(lib_a-callocr.o)
 .debug_info    0x0000a999      0xc3f C:\CCore_IDE/tool-chain/ccore-elf/mcore-elf/lib/c0_div\libc.a(lib_a-freer.o)
 .debug_info    0x0000b5d8      0x12e C:\CCore_IDE/tool-chain/ccore-elf/mcore-elf/lib/c0_div\libc.a(lib_a-memmove.o)
 .debug_info    0x0000b706      0xc03 C:\CCore_IDE/tool-chain/ccore-elf/mcore-elf/lib/c0_div\libc.a(lib_a-reallocr.o)
 .debug_info    0x0000c309      0xa63 C:\CCore_IDE/tool-chain/ccore-elf/mcore-elf/lib/c0_div\libc.a(lib_a-reent.o)
 .debug_info    0x0000cd6c      0x13b C:\CCore_IDE/tool-chain/ccore-elf/mcore-elf/lib/c0_div\libcmb.a(sbrk.o)
 .debug_info    0x0000cea7       0x91 C:\CCore_IDE/tool-chain/ccore-elf/mcore-elf/lib/c0_div\libcmb.a(write.o)
 .debug_info    0x0000cf38       0x52 C:\CCore_IDE/tool-chain/ccore-elf/mcore-elf/lib/c0_div\libcmb.a(cmb-outbyte.o)
 .debug_info    0x0000cf8a      0x3b4 C:\CCore_IDE\ccore-eclipse\workspace\A5(ET300)_CommonDemo\src\drv\lib\libalg.a(sm3.o)
 .debug_info    0x0000d33e      0xc23 C:\CCore_IDE\ccore-eclipse\workspace\A5(ET300)_CommonDemo\src\drv\lib\libsd.a(sd_drv.o)
 .debug_info    0x0000df61      0x428 C:\CCore_IDE/tool-chain/ccore-elf/lib/gcc/mcore-elf/4.6.0/c0_div\libgcc.a(_mul_df.o)
 .debug_info    0x0000e389      0x24f C:\CCore_IDE/tool-chain/ccore-elf/lib/gcc/mcore-elf/4.6.0/c0_div\libgcc.a(_eq_df.o)
 .debug_info    0x0000e5d8      0x24f C:\CCore_IDE/tool-chain/ccore-elf/lib/gcc/mcore-elf/4.6.0/c0_div\libgcc.a(_ne_df.o)
 .debug_info    0x0000e827      0x24f C:\CCore_IDE/tool-chain/ccore-elf/lib/gcc/mcore-elf/4.6.0/c0_div\libgcc.a(_gt_df.o)
 .debug_info    0x0000ea76      0x24f C:\CCore_IDE/tool-chain/ccore-elf/lib/gcc/mcore-elf/4.6.0/c0_div\libgcc.a(_lt_df.o)
 .debug_info    0x0000ecc5      0x24f C:\CCore_IDE/tool-chain/ccore-elf/lib/gcc/mcore-elf/4.6.0/c0_div\libgcc.a(_le_df.o)
 .debug_info    0x0000ef14      0x238 C:\CCore_IDE/tool-chain/ccore-elf/lib/gcc/mcore-elf/4.6.0/c0_div\libgcc.a(_si_to_df.o)
 .debug_info    0x0000f14c      0x206 C:\CCore_IDE/tool-chain/ccore-elf/lib/gcc/mcore-elf/4.6.0/c0_div\libgcc.a(_muldi3.o)

.debug_abbrev   0x00000000     0x3e11
 .debug_abbrev  0x00000000      0x183 C:\CCore_IDE/tool-chain/ccore-elf/lib/gcc/mcore-elf/4.6.0/c0_div\libgcc.a(_addsub_df.o)
 .debug_abbrev  0x00000183      0x19a C:\CCore_IDE/tool-chain/ccore-elf/lib/gcc/mcore-elf/4.6.0/c0_div\libgcc.a(_div_df.o)
 .debug_abbrev  0x0000031d      0x136 C:\CCore_IDE/tool-chain/ccore-elf/lib/gcc/mcore-elf/4.6.0/c0_div\libgcc.a(_df_to_si.o)
 .debug_abbrev  0x00000453       0xcb C:\CCore_IDE/tool-chain/ccore-elf/lib/gcc/mcore-elf/4.6.0/c0_div\libgcc.a(_thenan_df.o)
 .debug_abbrev  0x0000051e      0x171 C:\CCore_IDE/tool-chain/ccore-elf/lib/gcc/mcore-elf/4.6.0/c0_div\libgcc.a(_usi_to_df.o)
 .debug_abbrev  0x0000068f       0xcc C:\CCore_IDE/tool-chain/ccore-elf/lib/gcc/mcore-elf/4.6.0/c0_div\libgcc.a(_clzsi2.o)
 .debug_abbrev  0x0000075b      0x160 C:\CCore_IDE/tool-chain/ccore-elf/lib/gcc/mcore-elf/4.6.0/c0_div\libgcc.a(_pack_df.o)
 .debug_abbrev  0x000008bb      0x130 C:\CCore_IDE/tool-chain/ccore-elf/lib/gcc/mcore-elf/4.6.0/c0_div\libgcc.a(_unpack_df.o)
 .debug_abbrev  0x000009eb      0x11a C:\CCore_IDE/tool-chain/ccore-elf/lib/gcc/mcore-elf/4.6.0/c0_div\libgcc.a(_fpcmp_parts_df.o)
 .debug_abbrev  0x00000b05       0xff C:\CCore_IDE/tool-chain/ccore-elf/lib/gcc/mcore-elf/4.6.0/c0_div\libgcc.a(_lshrdi3.o)
 .debug_abbrev  0x00000c04       0xff C:\CCore_IDE/tool-chain/ccore-elf/lib/gcc/mcore-elf/4.6.0/c0_div\libgcc.a(_ashldi3.o)
 .debug_abbrev  0x00000d03       0x61 C:\CCore_IDE/tool-chain/ccore-elf/lib/gcc/mcore-elf/4.6.0/c0_div\libgcc.a(_clz.o)
 .debug_abbrev  0x00000d64       0x9c C:\CCore_IDE/tool-chain/ccore-elf/mcore-elf/lib/c0_div\libc.a(lib_a-memset.o)
 .debug_abbrev  0x00000e00       0x7e C:\CCore_IDE/tool-chain/ccore-elf/mcore-elf/lib/c0_div\libc.a(lib_a-strlen.o)
 .debug_abbrev  0x00000e7e      0x1c6 C:\CCore_IDE/tool-chain/ccore-elf/mcore-elf/lib/c0_div\libc.a(lib_a-vsprintf.o)
 .debug_abbrev  0x00001044      0x166 C:\CCore_IDE/tool-chain/ccore-elf/mcore-elf/lib/c0_div\libc.a(lib_a-impure.o)
 .debug_abbrev  0x000011aa      0x2df C:\CCore_IDE/tool-chain/ccore-elf/mcore-elf/lib/c0_div\libc.a(lib_a-svfprintf.o)
 .debug_abbrev  0x00001489      0x22b C:\CCore_IDE/tool-chain/ccore-elf/mcore-elf/lib/c0_div\libc.a(lib_a-dtoa.o)
 .debug_abbrev  0x000016b4      0x245 C:\CCore_IDE/tool-chain/ccore-elf/mcore-elf/lib/c0_div\libc.a(lib_a-locale.o)
 .debug_abbrev  0x000018f9      0x233 C:\CCore_IDE/tool-chain/ccore-elf/mcore-elf/lib/c0_div\libc.a(lib_a-mallocr.o)
 .debug_abbrev  0x00001b2c       0xd5 C:\CCore_IDE/tool-chain/ccore-elf/mcore-elf/lib/c0_div\libc.a(lib_a-memchr.o)
 .debug_abbrev  0x00001c01      0x179 C:\CCore_IDE/tool-chain/ccore-elf/mcore-elf/lib/c0_div\libc.a(lib_a-mlock.o)
 .debug_abbrev  0x00001d7a      0x30e C:\CCore_IDE/tool-chain/ccore-elf/mcore-elf/lib/c0_div\libc.a(lib_a-mprec.o)
 .debug_abbrev  0x00002088       0xd6 C:\CCore_IDE/tool-chain/ccore-elf/mcore-elf/lib/c0_div\libc.a(lib_a-s_fpclassify.o)
 .debug_abbrev  0x0000215e      0x1b0 C:\CCore_IDE/tool-chain/ccore-elf/mcore-elf/lib/c0_div\libc.a(lib_a-sbrkr.o)
 .debug_abbrev  0x0000230e       0x71 C:\CCore_IDE/tool-chain/ccore-elf/mcore-elf/lib/c0_div\libc.a(lib_a-strcmp.o)
 .debug_abbrev  0x0000237f      0x25e C:\CCore_IDE/tool-chain/ccore-elf/mcore-elf/lib/c0_div\libc.a(lib_a-svfiprintf.o)
 .debug_abbrev  0x000025dd      0x1b1 C:\CCore_IDE/tool-chain/ccore-elf/mcore-elf/lib/c0_div\libc.a(lib_a-callocr.o)
 .debug_abbrev  0x0000278e      0x1ea C:\CCore_IDE/tool-chain/ccore-elf/mcore-elf/lib/c0_div\libc.a(lib_a-freer.o)
 .debug_abbrev  0x00002978       0xa8 C:\CCore_IDE/tool-chain/ccore-elf/mcore-elf/lib/c0_div\libc.a(lib_a-memmove.o)
 .debug_abbrev  0x00002a20      0x1d2 C:\CCore_IDE/tool-chain/ccore-elf/mcore-elf/lib/c0_div\libc.a(lib_a-reallocr.o)
 .debug_abbrev  0x00002bf2      0x1e6 C:\CCore_IDE/tool-chain/ccore-elf/mcore-elf/lib/c0_div\libc.a(lib_a-reent.o)
 .debug_abbrev  0x00002dd8       0xed C:\CCore_IDE/tool-chain/ccore-elf/mcore-elf/lib/c0_div\libcmb.a(sbrk.o)
 .debug_abbrev  0x00002ec5       0x79 C:\CCore_IDE/tool-chain/ccore-elf/mcore-elf/lib/c0_div\libcmb.a(write.o)
 .debug_abbrev  0x00002f3e       0x45 C:\CCore_IDE/tool-chain/ccore-elf/mcore-elf/lib/c0_div\libcmb.a(cmb-outbyte.o)
 .debug_abbrev  0x00002f83      0x137 C:\CCore_IDE\ccore-eclipse\workspace\A5(ET300)_CommonDemo\src\drv\lib\libalg.a(sm3.o)
 .debug_abbrev  0x000030ba      0x38b C:\CCore_IDE\ccore-eclipse\workspace\A5(ET300)_CommonDemo\src\drv\lib\libsd.a(sd_drv.o)
 .debug_abbrev  0x00003445      0x1a6 C:\CCore_IDE/tool-chain/ccore-elf/lib/gcc/mcore-elf/4.6.0/c0_div\libgcc.a(_mul_df.o)
 .debug_abbrev  0x000035eb      0x127 C:\CCore_IDE/tool-chain/ccore-elf/lib/gcc/mcore-elf/4.6.0/c0_div\libgcc.a(_eq_df.o)
 .debug_abbrev  0x00003712      0x127 C:\CCore_IDE/tool-chain/ccore-elf/lib/gcc/mcore-elf/4.6.0/c0_div\libgcc.a(_ne_df.o)
 .debug_abbrev  0x00003839      0x127 C:\CCore_IDE/tool-chain/ccore-elf/lib/gcc/mcore-elf/4.6.0/c0_div\libgcc.a(_gt_df.o)
 .debug_abbrev  0x00003960      0x127 C:\CCore_IDE/tool-chain/ccore-elf/lib/gcc/mcore-elf/4.6.0/c0_div\libgcc.a(_lt_df.o)
 .debug_abbrev  0x00003a87      0x127 C:\CCore_IDE/tool-chain/ccore-elf/lib/gcc/mcore-elf/4.6.0/c0_div\libgcc.a(_le_df.o)
 .debug_abbrev  0x00003bae      0x164 C:\CCore_IDE/tool-chain/ccore-elf/lib/gcc/mcore-elf/4.6.0/c0_div\libgcc.a(_si_to_df.o)
 .debug_abbrev  0x00003d12       0xff C:\CCore_IDE/tool-chain/ccore-elf/lib/gcc/mcore-elf/4.6.0/c0_div\libgcc.a(_muldi3.o)

.debug_loc      0x00000000     0xd605
 .debug_loc     0x00000000      0x4a1 C:\CCore_IDE/tool-chain/ccore-elf/lib/gcc/mcore-elf/4.6.0/c0_div\libgcc.a(_addsub_df.o)
 .debug_loc     0x000004a1      0x1f0 C:\CCore_IDE/tool-chain/ccore-elf/lib/gcc/mcore-elf/4.6.0/c0_div\libgcc.a(_div_df.o)
 .debug_loc     0x00000691       0x9f C:\CCore_IDE/tool-chain/ccore-elf/lib/gcc/mcore-elf/4.6.0/c0_div\libgcc.a(_df_to_si.o)
 .debug_loc     0x00000730      0x166 C:\CCore_IDE/tool-chain/ccore-elf/lib/gcc/mcore-elf/4.6.0/c0_div\libgcc.a(_usi_to_df.o)
 .debug_loc     0x00000896       0x73 C:\CCore_IDE/tool-chain/ccore-elf/lib/gcc/mcore-elf/4.6.0/c0_div\libgcc.a(_clzsi2.o)
 .debug_loc     0x00000909      0x1f2 C:\CCore_IDE/tool-chain/ccore-elf/lib/gcc/mcore-elf/4.6.0/c0_div\libgcc.a(_pack_df.o)
 .debug_loc     0x00000afb      0x141 C:\CCore_IDE/tool-chain/ccore-elf/lib/gcc/mcore-elf/4.6.0/c0_div\libgcc.a(_unpack_df.o)
 .debug_loc     0x00000c3c       0x4a C:\CCore_IDE/tool-chain/ccore-elf/lib/gcc/mcore-elf/4.6.0/c0_div\libgcc.a(_fpcmp_parts_df.o)
 .debug_loc     0x00000c86       0xaf C:\CCore_IDE/tool-chain/ccore-elf/lib/gcc/mcore-elf/4.6.0/c0_div\libgcc.a(_lshrdi3.o)
 .debug_loc     0x00000d35       0xaf C:\CCore_IDE/tool-chain/ccore-elf/lib/gcc/mcore-elf/4.6.0/c0_div\libgcc.a(_ashldi3.o)
 .debug_loc     0x00000de4      0x209 C:\CCore_IDE/tool-chain/ccore-elf/mcore-elf/lib/c0_div\libc.a(lib_a-memset.o)
 .debug_loc     0x00000fed       0xb2 C:\CCore_IDE/tool-chain/ccore-elf/mcore-elf/lib/c0_div\libc.a(lib_a-strlen.o)
 .debug_loc     0x0000109f      0x123 C:\CCore_IDE/tool-chain/ccore-elf/mcore-elf/lib/c0_div\libc.a(lib_a-vsprintf.o)
 .debug_loc     0x000011c2     0x30bb C:\CCore_IDE/tool-chain/ccore-elf/mcore-elf/lib/c0_div\libc.a(lib_a-svfprintf.o)
 .debug_loc     0x0000427d     0x1fbd C:\CCore_IDE/tool-chain/ccore-elf/mcore-elf/lib/c0_div\libc.a(lib_a-dtoa.o)
 .debug_loc     0x0000623a      0x102 C:\CCore_IDE/tool-chain/ccore-elf/mcore-elf/lib/c0_div\libc.a(lib_a-locale.o)
 .debug_loc     0x0000633c      0xadc C:\CCore_IDE/tool-chain/ccore-elf/mcore-elf/lib/c0_div\libc.a(lib_a-mallocr.o)
 .debug_loc     0x00006e18       0xf8 C:\CCore_IDE/tool-chain/ccore-elf/mcore-elf/lib/c0_div\libc.a(lib_a-memchr.o)
 .debug_loc     0x00006f10     0x1b4b C:\CCore_IDE/tool-chain/ccore-elf/mcore-elf/lib/c0_div\libc.a(lib_a-mprec.o)
 .debug_loc     0x00008a5b       0xe8 C:\CCore_IDE/tool-chain/ccore-elf/mcore-elf/lib/c0_div\libc.a(lib_a-s_fpclassify.o)
 .debug_loc     0x00008b43       0x80 C:\CCore_IDE/tool-chain/ccore-elf/mcore-elf/lib/c0_div\libc.a(lib_a-sbrkr.o)
 .debug_loc     0x00008bc3       0xc0 C:\CCore_IDE/tool-chain/ccore-elf/mcore-elf/lib/c0_div\libc.a(lib_a-strcmp.o)
 .debug_loc     0x00008c83     0x1613 C:\CCore_IDE/tool-chain/ccore-elf/mcore-elf/lib/c0_div\libc.a(lib_a-svfiprintf.o)
 .debug_loc     0x0000a296      0x2b8 C:\CCore_IDE/tool-chain/ccore-elf/mcore-elf/lib/c0_div\libc.a(lib_a-callocr.o)
 .debug_loc     0x0000a54e      0x44e C:\CCore_IDE/tool-chain/ccore-elf/mcore-elf/lib/c0_div\libc.a(lib_a-freer.o)
 .debug_loc     0x0000a99c      0x221 C:\CCore_IDE/tool-chain/ccore-elf/mcore-elf/lib/c0_div\libc.a(lib_a-memmove.o)
 .debug_loc     0x0000abbd     0x12bc C:\CCore_IDE/tool-chain/ccore-elf/mcore-elf/lib/c0_div\libc.a(lib_a-reallocr.o)
 .debug_loc     0x0000be79      0x224 C:\CCore_IDE/tool-chain/ccore-elf/mcore-elf/lib/c0_div\libc.a(lib_a-reent.o)
 .debug_loc     0x0000c09d       0x74 C:\CCore_IDE/tool-chain/ccore-elf/mcore-elf/lib/c0_div\libcmb.a(sbrk.o)
 .debug_loc     0x0000c111       0xa5 C:\CCore_IDE/tool-chain/ccore-elf/mcore-elf/lib/c0_div\libcmb.a(write.o)
 .debug_loc     0x0000c1b6      0x2ec C:\CCore_IDE\ccore-eclipse\workspace\A5(ET300)_CommonDemo\src\drv\lib\libalg.a(sm3.o)
 .debug_loc     0x0000c4a2      0x878 C:\CCore_IDE\ccore-eclipse\workspace\A5(ET300)_CommonDemo\src\drv\lib\libsd.a(sd_drv.o)
 .debug_loc     0x0000cd1a      0x4a7 C:\CCore_IDE/tool-chain/ccore-elf/lib/gcc/mcore-elf/4.6.0/c0_div\libgcc.a(_mul_df.o)
 .debug_loc     0x0000d1c1       0x80 C:\CCore_IDE/tool-chain/ccore-elf/lib/gcc/mcore-elf/4.6.0/c0_div\libgcc.a(_eq_df.o)
 .debug_loc     0x0000d241       0x80 C:\CCore_IDE/tool-chain/ccore-elf/lib/gcc/mcore-elf/4.6.0/c0_div\libgcc.a(_ne_df.o)
 .debug_loc     0x0000d2c1       0x80 C:\CCore_IDE/tool-chain/ccore-elf/lib/gcc/mcore-elf/4.6.0/c0_div\libgcc.a(_gt_df.o)
 .debug_loc     0x0000d341       0x80 C:\CCore_IDE/tool-chain/ccore-elf/lib/gcc/mcore-elf/4.6.0/c0_div\libgcc.a(_lt_df.o)
 .debug_loc     0x0000d3c1       0x80 C:\CCore_IDE/tool-chain/ccore-elf/lib/gcc/mcore-elf/4.6.0/c0_div\libgcc.a(_le_df.o)
 .debug_loc     0x0000d441       0xde C:\CCore_IDE/tool-chain/ccore-elf/lib/gcc/mcore-elf/4.6.0/c0_div\libgcc.a(_si_to_df.o)
 .debug_loc     0x0000d51f       0xe6 C:\CCore_IDE/tool-chain/ccore-elf/lib/gcc/mcore-elf/4.6.0/c0_div\libgcc.a(_muldi3.o)

.debug_aranges  0x00000000      0x6f8
 .debug_aranges
                0x00000000       0x20 C:\CCore_IDE/tool-chain/ccore-elf/lib/gcc/mcore-elf/4.6.0/c0_div\libgcc.a(_addsub_df.o)
 .debug_aranges
                0x00000020       0x20 C:\CCore_IDE/tool-chain/ccore-elf/lib/gcc/mcore-elf/4.6.0/c0_div\libgcc.a(_div_df.o)
 .debug_aranges
                0x00000040       0x20 C:\CCore_IDE/tool-chain/ccore-elf/lib/gcc/mcore-elf/4.6.0/c0_div\libgcc.a(_df_to_si.o)
 .debug_aranges
                0x00000060       0x20 C:\CCore_IDE/tool-chain/ccore-elf/lib/gcc/mcore-elf/4.6.0/c0_div\libgcc.a(_usi_to_df.o)
 .debug_aranges
                0x00000080       0x20 C:\CCore_IDE/tool-chain/ccore-elf/lib/gcc/mcore-elf/4.6.0/c0_div\libgcc.a(_clzsi2.o)
 .debug_aranges
                0x000000a0       0x20 C:\CCore_IDE/tool-chain/ccore-elf/lib/gcc/mcore-elf/4.6.0/c0_div\libgcc.a(_pack_df.o)
 .debug_aranges
                0x000000c0       0x20 C:\CCore_IDE/tool-chain/ccore-elf/lib/gcc/mcore-elf/4.6.0/c0_div\libgcc.a(_unpack_df.o)
 .debug_aranges
                0x000000e0       0x20 C:\CCore_IDE/tool-chain/ccore-elf/lib/gcc/mcore-elf/4.6.0/c0_div\libgcc.a(_fpcmp_parts_df.o)
 .debug_aranges
                0x00000100       0x20 C:\CCore_IDE/tool-chain/ccore-elf/lib/gcc/mcore-elf/4.6.0/c0_div\libgcc.a(_lshrdi3.o)
 .debug_aranges
                0x00000120       0x20 C:\CCore_IDE/tool-chain/ccore-elf/lib/gcc/mcore-elf/4.6.0/c0_div\libgcc.a(_ashldi3.o)
 .debug_aranges
                0x00000140       0x20 C:\CCore_IDE/tool-chain/ccore-elf/mcore-elf/lib/c0_div\libc.a(lib_a-memset.o)
 .debug_aranges
                0x00000160       0x20 C:\CCore_IDE/tool-chain/ccore-elf/mcore-elf/lib/c0_div\libc.a(lib_a-strlen.o)
 .debug_aranges
                0x00000180       0x20 C:\CCore_IDE/tool-chain/ccore-elf/mcore-elf/lib/c0_div\libc.a(lib_a-vsprintf.o)
 .debug_aranges
                0x000001a0       0x20 C:\CCore_IDE/tool-chain/ccore-elf/mcore-elf/lib/c0_div\libc.a(lib_a-svfprintf.o)
 .debug_aranges
                0x000001c0       0x20 C:\CCore_IDE/tool-chain/ccore-elf/mcore-elf/lib/c0_div\libc.a(lib_a-dtoa.o)
 .debug_aranges
                0x000001e0       0x20 C:\CCore_IDE/tool-chain/ccore-elf/mcore-elf/lib/c0_div\libc.a(lib_a-locale.o)
 .debug_aranges
                0x00000200       0x20 C:\CCore_IDE/tool-chain/ccore-elf/mcore-elf/lib/c0_div\libc.a(lib_a-mallocr.o)
 .debug_aranges
                0x00000220       0x20 C:\CCore_IDE/tool-chain/ccore-elf/mcore-elf/lib/c0_div\libc.a(lib_a-memchr.o)
 .debug_aranges
                0x00000240       0x20 C:\CCore_IDE/tool-chain/ccore-elf/mcore-elf/lib/c0_div\libc.a(lib_a-mlock.o)
 .debug_aranges
                0x00000260       0x20 C:\CCore_IDE/tool-chain/ccore-elf/mcore-elf/lib/c0_div\libc.a(lib_a-mprec.o)
 .debug_aranges
                0x00000280       0x20 C:\CCore_IDE/tool-chain/ccore-elf/mcore-elf/lib/c0_div\libc.a(lib_a-s_fpclassify.o)
 .debug_aranges
                0x000002a0       0x20 C:\CCore_IDE/tool-chain/ccore-elf/mcore-elf/lib/c0_div\libc.a(lib_a-sbrkr.o)
 .debug_aranges
                0x000002c0       0x20 C:\CCore_IDE/tool-chain/ccore-elf/mcore-elf/lib/c0_div\libc.a(lib_a-strcmp.o)
 .debug_aranges
                0x000002e0       0x20 C:\CCore_IDE/tool-chain/ccore-elf/mcore-elf/lib/c0_div\libc.a(lib_a-svfiprintf.o)
 .debug_aranges
                0x00000300       0x20 C:\CCore_IDE/tool-chain/ccore-elf/mcore-elf/lib/c0_div\libc.a(lib_a-callocr.o)
 .debug_aranges
                0x00000320       0x20 C:\CCore_IDE/tool-chain/ccore-elf/mcore-elf/lib/c0_div\libc.a(lib_a-freer.o)
 .debug_aranges
                0x00000340       0x20 C:\CCore_IDE/tool-chain/ccore-elf/mcore-elf/lib/c0_div\libc.a(lib_a-memmove.o)
 .debug_aranges
                0x00000360       0x20 C:\CCore_IDE/tool-chain/ccore-elf/mcore-elf/lib/c0_div\libc.a(lib_a-reallocr.o)
 .debug_aranges
                0x00000380       0x20 C:\CCore_IDE/tool-chain/ccore-elf/mcore-elf/lib/c0_div\libc.a(lib_a-reent.o)
 .debug_aranges
                0x000003a0       0x20 C:\CCore_IDE/tool-chain/ccore-elf/mcore-elf/lib/c0_div\libcmb.a(sbrk.o)
 .debug_aranges
                0x000003c0       0x20 C:\CCore_IDE/tool-chain/ccore-elf/mcore-elf/lib/c0_div\libcmb.a(write.o)
 .debug_aranges
                0x000003e0       0x20 C:\CCore_IDE/tool-chain/ccore-elf/mcore-elf/lib/c0_div\libcmb.a(cmb-outbyte.o)
 .debug_aranges
                0x00000400       0x70 C:\CCore_IDE\ccore-eclipse\workspace\A5(ET300)_CommonDemo\src\drv\lib\libalg.a(sm3.o)
 .debug_aranges
                0x00000470      0x188 C:\CCore_IDE\ccore-eclipse\workspace\A5(ET300)_CommonDemo\src\drv\lib\libsd.a(sd_drv.o)
 .debug_aranges
                0x000005f8       0x20 C:\CCore_IDE/tool-chain/ccore-elf/lib/gcc/mcore-elf/4.6.0/c0_div\libgcc.a(_mul_df.o)
 .debug_aranges
                0x00000618       0x20 C:\CCore_IDE/tool-chain/ccore-elf/lib/gcc/mcore-elf/4.6.0/c0_div\libgcc.a(_eq_df.o)
 .debug_aranges
                0x00000638       0x20 C:\CCore_IDE/tool-chain/ccore-elf/lib/gcc/mcore-elf/4.6.0/c0_div\libgcc.a(_ne_df.o)
 .debug_aranges
                0x00000658       0x20 C:\CCore_IDE/tool-chain/ccore-elf/lib/gcc/mcore-elf/4.6.0/c0_div\libgcc.a(_gt_df.o)
 .debug_aranges
                0x00000678       0x20 C:\CCore_IDE/tool-chain/ccore-elf/lib/gcc/mcore-elf/4.6.0/c0_div\libgcc.a(_lt_df.o)
 .debug_aranges
                0x00000698       0x20 C:\CCore_IDE/tool-chain/ccore-elf/lib/gcc/mcore-elf/4.6.0/c0_div\libgcc.a(_le_df.o)
 .debug_aranges
                0x000006b8       0x20 C:\CCore_IDE/tool-chain/ccore-elf/lib/gcc/mcore-elf/4.6.0/c0_div\libgcc.a(_si_to_df.o)
 .debug_aranges
                0x000006d8       0x20 C:\CCore_IDE/tool-chain/ccore-elf/lib/gcc/mcore-elf/4.6.0/c0_div\libgcc.a(_muldi3.o)

.debug_ranges   0x00000000      0x770
 .debug_ranges  0x00000000       0x30 C:\CCore_IDE/tool-chain/ccore-elf/lib/gcc/mcore-elf/4.6.0/c0_div\libgcc.a(_addsub_df.o)
 .debug_ranges  0x00000030       0x58 C:\CCore_IDE/tool-chain/ccore-elf/lib/gcc/mcore-elf/4.6.0/c0_div\libgcc.a(_div_df.o)
 .debug_ranges  0x00000088       0x38 C:\CCore_IDE/tool-chain/ccore-elf/lib/gcc/mcore-elf/4.6.0/c0_div\libgcc.a(_usi_to_df.o)
 .debug_ranges  0x000000c0       0x20 C:\CCore_IDE/tool-chain/ccore-elf/lib/gcc/mcore-elf/4.6.0/c0_div\libgcc.a(_clzsi2.o)
 .debug_ranges  0x000000e0       0x18 C:\CCore_IDE/tool-chain/ccore-elf/lib/gcc/mcore-elf/4.6.0/c0_div\libgcc.a(_pack_df.o)
 .debug_ranges  0x000000f8      0x170 C:\CCore_IDE/tool-chain/ccore-elf/mcore-elf/lib/c0_div\libc.a(lib_a-svfprintf.o)
 .debug_ranges  0x00000268       0x70 C:\CCore_IDE/tool-chain/ccore-elf/mcore-elf/lib/c0_div\libc.a(lib_a-mallocr.o)
 .debug_ranges  0x000002d8       0x20 C:\CCore_IDE/tool-chain/ccore-elf/mcore-elf/lib/c0_div\libc.a(lib_a-mprec.o)
 .debug_ranges  0x000002f8       0x40 C:\CCore_IDE/tool-chain/ccore-elf/mcore-elf/lib/c0_div\libc.a(lib_a-svfiprintf.o)
 .debug_ranges  0x00000338       0x48 C:\CCore_IDE/tool-chain/ccore-elf/mcore-elf/lib/c0_div\libc.a(lib_a-callocr.o)
 .debug_ranges  0x00000380      0x140 C:\CCore_IDE/tool-chain/ccore-elf/mcore-elf/lib/c0_div\libc.a(lib_a-reallocr.o)
 .debug_ranges  0x000004c0       0x60 C:\CCore_IDE\ccore-eclipse\workspace\A5(ET300)_CommonDemo\src\drv\lib\libalg.a(sm3.o)
 .debug_ranges  0x00000520      0x1d8 C:\CCore_IDE\ccore-eclipse\workspace\A5(ET300)_CommonDemo\src\drv\lib\libsd.a(sd_drv.o)
 .debug_ranges  0x000006f8       0x78 C:\CCore_IDE/tool-chain/ccore-elf/lib/gcc/mcore-elf/4.6.0/c0_div\libgcc.a(_mul_df.o)

.debug_line     0x00000000     0x95a8
 .debug_line    0x00000000      0x31c C:\CCore_IDE/tool-chain/ccore-elf/lib/gcc/mcore-elf/4.6.0/c0_div\libgcc.a(_addsub_df.o)
 .debug_line    0x0000031c      0x21f C:\CCore_IDE/tool-chain/ccore-elf/lib/gcc/mcore-elf/4.6.0/c0_div\libgcc.a(_div_df.o)
 .debug_line    0x0000053b      0x117 C:\CCore_IDE/tool-chain/ccore-elf/lib/gcc/mcore-elf/4.6.0/c0_div\libgcc.a(_df_to_si.o)
 .debug_line    0x00000652       0x7c C:\CCore_IDE/tool-chain/ccore-elf/lib/gcc/mcore-elf/4.6.0/c0_div\libgcc.a(_thenan_df.o)
 .debug_line    0x000006ce      0x161 C:\CCore_IDE/tool-chain/ccore-elf/lib/gcc/mcore-elf/4.6.0/c0_div\libgcc.a(_usi_to_df.o)
 .debug_line    0x0000082f       0xc9 C:\CCore_IDE/tool-chain/ccore-elf/lib/gcc/mcore-elf/4.6.0/c0_div\libgcc.a(_clzsi2.o)
 .debug_line    0x000008f8      0x1d6 C:\CCore_IDE/tool-chain/ccore-elf/lib/gcc/mcore-elf/4.6.0/c0_div\libgcc.a(_pack_df.o)
 .debug_line    0x00000ace      0x169 C:\CCore_IDE/tool-chain/ccore-elf/lib/gcc/mcore-elf/4.6.0/c0_div\libgcc.a(_unpack_df.o)
 .debug_line    0x00000c37      0x19b C:\CCore_IDE/tool-chain/ccore-elf/lib/gcc/mcore-elf/4.6.0/c0_div\libgcc.a(_fpcmp_parts_df.o)
 .debug_line    0x00000dd2       0xcd C:\CCore_IDE/tool-chain/ccore-elf/lib/gcc/mcore-elf/4.6.0/c0_div\libgcc.a(_lshrdi3.o)
 .debug_line    0x00000e9f       0xcd C:\CCore_IDE/tool-chain/ccore-elf/lib/gcc/mcore-elf/4.6.0/c0_div\libgcc.a(_ashldi3.o)
 .debug_line    0x00000f6c       0x68 C:\CCore_IDE/tool-chain/ccore-elf/lib/gcc/mcore-elf/4.6.0/c0_div\libgcc.a(_clz.o)
 .debug_line    0x00000fd4      0x23a C:\CCore_IDE/tool-chain/ccore-elf/mcore-elf/lib/c0_div\libc.a(lib_a-memset.o)
 .debug_line    0x0000120e      0x1c8 C:\CCore_IDE/tool-chain/ccore-elf/mcore-elf/lib/c0_div\libc.a(lib_a-strlen.o)
 .debug_line    0x000013d6      0x1e8 C:\CCore_IDE/tool-chain/ccore-elf/mcore-elf/lib/c0_div\libc.a(lib_a-vsprintf.o)
 .debug_line    0x000015be      0x11a C:\CCore_IDE/tool-chain/ccore-elf/mcore-elf/lib/c0_div\libc.a(lib_a-impure.o)
 .debug_line    0x000016d8     0x13a2 C:\CCore_IDE/tool-chain/ccore-elf/mcore-elf/lib/c0_div\libc.a(lib_a-svfprintf.o)
 .debug_line    0x00002a7a     0x1030 C:\CCore_IDE/tool-chain/ccore-elf/mcore-elf/lib/c0_div\libc.a(lib_a-dtoa.o)
 .debug_line    0x00003aaa      0x257 C:\CCore_IDE/tool-chain/ccore-elf/mcore-elf/lib/c0_div\libc.a(lib_a-locale.o)
 .debug_line    0x00003d01      0x745 C:\CCore_IDE/tool-chain/ccore-elf/mcore-elf/lib/c0_div\libc.a(lib_a-mallocr.o)
 .debug_line    0x00004446      0x1f2 C:\CCore_IDE/tool-chain/ccore-elf/mcore-elf/lib/c0_div\libc.a(lib_a-memchr.o)
 .debug_line    0x00004638      0x13a C:\CCore_IDE/tool-chain/ccore-elf/mcore-elf/lib/c0_div\libc.a(lib_a-mlock.o)
 .debug_line    0x00004772      0xe72 C:\CCore_IDE/tool-chain/ccore-elf/mcore-elf/lib/c0_div\libc.a(lib_a-mprec.o)
 .debug_line    0x000055e4      0x1f7 C:\CCore_IDE/tool-chain/ccore-elf/mcore-elf/lib/c0_div\libc.a(lib_a-s_fpclassify.o)
 .debug_line    0x000057db      0x1b7 C:\CCore_IDE/tool-chain/ccore-elf/mcore-elf/lib/c0_div\libc.a(lib_a-sbrkr.o)
 .debug_line    0x00005992      0x177 C:\CCore_IDE/tool-chain/ccore-elf/mcore-elf/lib/c0_div\libc.a(lib_a-strcmp.o)
 .debug_line    0x00005b09      0xc4f C:\CCore_IDE/tool-chain/ccore-elf/mcore-elf/lib/c0_div\libc.a(lib_a-svfiprintf.o)
 .debug_line    0x00006758      0x19f C:\CCore_IDE/tool-chain/ccore-elf/mcore-elf/lib/c0_div\libc.a(lib_a-callocr.o)
 .debug_line    0x000068f7      0x3fa C:\CCore_IDE/tool-chain/ccore-elf/mcore-elf/lib/c0_div\libc.a(lib_a-freer.o)
 .debug_line    0x00006cf1      0x206 C:\CCore_IDE/tool-chain/ccore-elf/mcore-elf/lib/c0_div\libc.a(lib_a-memmove.o)
 .debug_line    0x00006ef7      0x502 C:\CCore_IDE/tool-chain/ccore-elf/mcore-elf/lib/c0_div\libc.a(lib_a-reallocr.o)
 .debug_line    0x000073f9      0x275 C:\CCore_IDE/tool-chain/ccore-elf/mcore-elf/lib/c0_div\libc.a(lib_a-reent.o)
 .debug_line    0x0000766e      0x190 C:\CCore_IDE/tool-chain/ccore-elf/mcore-elf/lib/c0_div\libcmb.a(sbrk.o)
 .debug_line    0x000077fe       0xa3 C:\CCore_IDE/tool-chain/ccore-elf/mcore-elf/lib/c0_div\libcmb.a(write.o)
 .debug_line    0x000078a1       0xa1 C:\CCore_IDE/tool-chain/ccore-elf/mcore-elf/lib/c0_div\libcmb.a(cmb-outbyte.o)
 .debug_line    0x00007942      0x388 C:\CCore_IDE\ccore-eclipse\workspace\A5(ET300)_CommonDemo\src\drv\lib\libalg.a(sm3.o)
 .debug_line    0x00007cca     0x1020 C:\CCore_IDE\ccore-eclipse\workspace\A5(ET300)_CommonDemo\src\drv\lib\libsd.a(sd_drv.o)
 .debug_line    0x00008cea      0x2ed C:\CCore_IDE/tool-chain/ccore-elf/lib/gcc/mcore-elf/4.6.0/c0_div\libgcc.a(_mul_df.o)
 .debug_line    0x00008fd7       0xc7 C:\CCore_IDE/tool-chain/ccore-elf/lib/gcc/mcore-elf/4.6.0/c0_div\libgcc.a(_eq_df.o)
 .debug_line    0x0000909e       0xc7 C:\CCore_IDE/tool-chain/ccore-elf/lib/gcc/mcore-elf/4.6.0/c0_div\libgcc.a(_ne_df.o)
 .debug_line    0x00009165       0xd7 C:\CCore_IDE/tool-chain/ccore-elf/lib/gcc/mcore-elf/4.6.0/c0_div\libgcc.a(_gt_df.o)
 .debug_line    0x0000923c       0xc7 C:\CCore_IDE/tool-chain/ccore-elf/lib/gcc/mcore-elf/4.6.0/c0_div\libgcc.a(_lt_df.o)
 .debug_line    0x00009303       0xc7 C:\CCore_IDE/tool-chain/ccore-elf/lib/gcc/mcore-elf/4.6.0/c0_div\libgcc.a(_le_df.o)
 .debug_line    0x000093ca      0x12b C:\CCore_IDE/tool-chain/ccore-elf/lib/gcc/mcore-elf/4.6.0/c0_div\libgcc.a(_si_to_df.o)
 .debug_line    0x000094f5       0xb3 C:\CCore_IDE/tool-chain/ccore-elf/lib/gcc/mcore-elf/4.6.0/c0_div\libgcc.a(_muldi3.o)

.debug_str      0x00000000     0x8965
 .debug_str     0x00000000      0x24a C:\CCore_IDE/tool-chain/ccore-elf/lib/gcc/mcore-elf/4.6.0/c0_div\libgcc.a(_addsub_df.o)
 .debug_str     0x0000024a      0x20c C:\CCore_IDE/tool-chain/ccore-elf/lib/gcc/mcore-elf/4.6.0/c0_div\libgcc.a(_div_df.o)
 .debug_str     0x00000456      0x1da C:\CCore_IDE/tool-chain/ccore-elf/lib/gcc/mcore-elf/4.6.0/c0_div\libgcc.a(_df_to_si.o)
 .debug_str     0x00000630      0x17b C:\CCore_IDE/tool-chain/ccore-elf/lib/gcc/mcore-elf/4.6.0/c0_div\libgcc.a(_thenan_df.o)
 .debug_str     0x000007ab      0x1bb C:\CCore_IDE/tool-chain/ccore-elf/lib/gcc/mcore-elf/4.6.0/c0_div\libgcc.a(_usi_to_df.o)
 .debug_str     0x00000966      0x15b C:\CCore_IDE/tool-chain/ccore-elf/lib/gcc/mcore-elf/4.6.0/c0_div\libgcc.a(_clzsi2.o)
 .debug_str     0x00000ac1      0x1d9 C:\CCore_IDE/tool-chain/ccore-elf/lib/gcc/mcore-elf/4.6.0/c0_div\libgcc.a(_pack_df.o)
 .debug_str     0x00000c9a      0x1bb C:\CCore_IDE/tool-chain/ccore-elf/lib/gcc/mcore-elf/4.6.0/c0_div\libgcc.a(_unpack_df.o)
 .debug_str     0x00000e55      0x19e C:\CCore_IDE/tool-chain/ccore-elf/lib/gcc/mcore-elf/4.6.0/c0_div\libgcc.a(_fpcmp_parts_df.o)
 .debug_str     0x00000ff3      0x17b C:\CCore_IDE/tool-chain/ccore-elf/lib/gcc/mcore-elf/4.6.0/c0_div\libgcc.a(_lshrdi3.o)
 .debug_str     0x0000116e      0x17b C:\CCore_IDE/tool-chain/ccore-elf/lib/gcc/mcore-elf/4.6.0/c0_div\libgcc.a(_ashldi3.o)
 .debug_str     0x000012e9      0x13e C:\CCore_IDE/tool-chain/ccore-elf/lib/gcc/mcore-elf/4.6.0/c0_div\libgcc.a(_clz.o)
 .debug_str     0x00001427      0x151 C:\CCore_IDE/tool-chain/ccore-elf/mcore-elf/lib/c0_div\libc.a(lib_a-memset.o)
 .debug_str     0x00001578      0x150 C:\CCore_IDE/tool-chain/ccore-elf/mcore-elf/lib/c0_div\libc.a(lib_a-strlen.o)
 .debug_str     0x000016c8      0x53a C:\CCore_IDE/tool-chain/ccore-elf/mcore-elf/lib/c0_div\libc.a(lib_a-vsprintf.o)
 .debug_str     0x00001c02      0x507 C:\CCore_IDE/tool-chain/ccore-elf/mcore-elf/lib/c0_div\libc.a(lib_a-impure.o)
 .debug_str     0x00002109      0x6d5 C:\CCore_IDE/tool-chain/ccore-elf/mcore-elf/lib/c0_div\libc.a(lib_a-svfprintf.o)
 .debug_str     0x000027de      0x5ee C:\CCore_IDE/tool-chain/ccore-elf/mcore-elf/lib/c0_div\libc.a(lib_a-dtoa.o)
 .debug_str     0x00002dcc      0x75d C:\CCore_IDE/tool-chain/ccore-elf/mcore-elf/lib/c0_div\libc.a(lib_a-locale.o)
 .debug_str     0x00003529      0x6de C:\CCore_IDE/tool-chain/ccore-elf/mcore-elf/lib/c0_div\libc.a(lib_a-mallocr.o)
 .debug_str     0x00003c07      0x157 C:\CCore_IDE/tool-chain/ccore-elf/mcore-elf/lib/c0_div\libc.a(lib_a-memchr.o)
 .debug_str     0x00003d5e      0x510 C:\CCore_IDE/tool-chain/ccore-elf/mcore-elf/lib/c0_div\libc.a(lib_a-mlock.o)
 .debug_str     0x0000426e      0x5fb C:\CCore_IDE/tool-chain/ccore-elf/mcore-elf/lib/c0_div\libc.a(lib_a-mprec.o)
 .debug_str     0x00004869      0x18f C:\CCore_IDE/tool-chain/ccore-elf/mcore-elf/lib/c0_div\libc.a(lib_a-s_fpclassify.o)
 .debug_str     0x000049f8      0x4fe C:\CCore_IDE/tool-chain/ccore-elf/mcore-elf/lib/c0_div\libc.a(lib_a-sbrkr.o)
 .debug_str     0x00004ef6      0x136 C:\CCore_IDE/tool-chain/ccore-elf/mcore-elf/lib/c0_div\libc.a(lib_a-strcmp.o)
 .debug_str     0x0000502c      0x648 C:\CCore_IDE/tool-chain/ccore-elf/mcore-elf/lib/c0_div\libc.a(lib_a-svfiprintf.o)
 .debug_str     0x00005674      0x52f C:\CCore_IDE/tool-chain/ccore-elf/mcore-elf/lib/c0_div\libc.a(lib_a-callocr.o)
 .debug_str     0x00005ba3      0x630 C:\CCore_IDE/tool-chain/ccore-elf/mcore-elf/lib/c0_div\libc.a(lib_a-freer.o)
 .debug_str     0x000061d3      0x170 C:\CCore_IDE/tool-chain/ccore-elf/mcore-elf/lib/c0_div\libc.a(lib_a-memmove.o)
 .debug_str     0x00006343      0x5b0 C:\CCore_IDE/tool-chain/ccore-elf/mcore-elf/lib/c0_div\libc.a(lib_a-reallocr.o)
 .debug_str     0x000068f3      0x52c C:\CCore_IDE/tool-chain/ccore-elf/mcore-elf/lib/c0_div\libc.a(lib_a-reent.o)
 .debug_str     0x00006e1f      0x164 C:\CCore_IDE/tool-chain/ccore-elf/mcore-elf/lib/c0_div\libcmb.a(sbrk.o)
 .debug_str     0x00006f83       0xad C:\CCore_IDE/tool-chain/ccore-elf/mcore-elf/lib/c0_div\libcmb.a(write.o)
 .debug_str     0x00007030       0xad C:\CCore_IDE/tool-chain/ccore-elf/mcore-elf/lib/c0_div\libcmb.a(cmb-outbyte.o)
 .debug_str     0x000070dd      0x23d C:\CCore_IDE\ccore-eclipse\workspace\A5(ET300)_CommonDemo\src\drv\lib\libalg.a(sm3.o)
 .debug_str     0x0000731a      0x7cd C:\CCore_IDE\ccore-eclipse\workspace\A5(ET300)_CommonDemo\src\drv\lib\libsd.a(sd_drv.o)
 .debug_str     0x00007ae7      0x21c C:\CCore_IDE/tool-chain/ccore-elf/lib/gcc/mcore-elf/4.6.0/c0_div\libgcc.a(_mul_df.o)
 .debug_str     0x00007d03      0x1d2 C:\CCore_IDE/tool-chain/ccore-elf/lib/gcc/mcore-elf/4.6.0/c0_div\libgcc.a(_eq_df.o)
 .debug_str     0x00007ed5      0x1d2 C:\CCore_IDE/tool-chain/ccore-elf/lib/gcc/mcore-elf/4.6.0/c0_div\libgcc.a(_ne_df.o)
 .debug_str     0x000080a7      0x1d2 C:\CCore_IDE/tool-chain/ccore-elf/lib/gcc/mcore-elf/4.6.0/c0_div\libgcc.a(_gt_df.o)
 .debug_str     0x00008279      0x1d2 C:\CCore_IDE/tool-chain/ccore-elf/lib/gcc/mcore-elf/4.6.0/c0_div\libgcc.a(_lt_df.o)
 .debug_str     0x0000844b      0x1d2 C:\CCore_IDE/tool-chain/ccore-elf/lib/gcc/mcore-elf/4.6.0/c0_div\libgcc.a(_le_df.o)
 .debug_str     0x0000861d      0x1bf C:\CCore_IDE/tool-chain/ccore-elf/lib/gcc/mcore-elf/4.6.0/c0_div\libgcc.a(_si_to_df.o)
 .debug_str     0x000087dc      0x189 C:\CCore_IDE/tool-chain/ccore-elf/lib/gcc/mcore-elf/4.6.0/c0_div\libgcc.a(_muldi3.o)
